[2024-10-16 15:22:11,493: INFO: common: yaml file: C:\Users\Ann Mary\Desktop\chestmlops\Chest-Cancer-Detection-using-MLOps1\src\ChestCancerClassifier\config\config.yaml loaded successfully]
[2024-10-16 15:22:11,496: INFO: common: yaml file: C:\Users\Ann Mary\Desktop\chestmlops\Chest-Cancer-Detection-using-MLOps1\src\ChestCancerClassifier\params.yaml loaded successfully]
[2024-10-16 15:22:11,496: INFO: common: created directory at: artifacts]
[2024-10-16 15:22:11,496: INFO: common: created directory at: artifacts/data_ingestion]
[2024-10-16 15:22:11,496: INFO: 4051216940: Downloading data from https://drive.google.com/file/d/1z0mreUtRmR-P-magILsDR3T7M6IkGXtY/view?usp=sharing into file artifacts/data_ingestion/data.zip]
[2024-10-16 15:22:51,090: INFO: 4051216940: Downloaded data from https://drive.google.com/file/d/1z0mreUtRmR-P-magILsDR3T7M6IkGXtY/view?usp=sharing into file artifacts/data_ingestion/data.zip]
[2024-10-16 15:23:59,569: INFO: utils: Note: NumExpr detected 12 cores but "NUMEXPR_MAX_THREADS" not set, so enforcing safe limit of 8.]
[2024-10-16 15:23:59,569: INFO: utils: NumExpr defaulting to 8 threads.]
[2024-10-16 15:24:01,068: INFO: common: yaml file: C:\Users\Ann Mary\Desktop\chestmlops\Chest-Cancer-Detection-using-MLOps1\src\ChestCancerClassifier\config\config.yaml loaded successfully]
[2024-10-16 15:24:01,072: INFO: common: yaml file: C:\Users\Ann Mary\Desktop\chestmlops\Chest-Cancer-Detection-using-MLOps1\src\ChestCancerClassifier\params.yaml loaded successfully]
[2024-10-16 15:24:01,075: INFO: common: created directory at: artifacts]
[2024-10-16 15:24:01,077: INFO: common: created directory at: artifacts/prepare_base_model]
[2024-10-16 15:24:41,543: WARNING: saving_utils: Compiled the loaded model, but the compiled metrics have yet to be built. `model.compile_metrics` will be empty until you train or evaluate the model.]
[2024-10-16 15:25:29,601: INFO: utils: Note: NumExpr detected 12 cores but "NUMEXPR_MAX_THREADS" not set, so enforcing safe limit of 8.]
[2024-10-16 15:25:29,601: INFO: utils: NumExpr defaulting to 8 threads.]
[2024-10-16 15:25:30,646: INFO: common: yaml file: C:\Users\Ann Mary\Desktop\chestmlops\Chest-Cancer-Detection-using-MLOps1\src\ChestCancerClassifier\config\config.yaml loaded successfully]
[2024-10-16 15:25:30,650: INFO: common: yaml file: C:\Users\Ann Mary\Desktop\chestmlops\Chest-Cancer-Detection-using-MLOps1\src\ChestCancerClassifier\params.yaml loaded successfully]
[2024-10-16 15:25:30,652: INFO: common: created directory at: artifacts]
[2024-10-16 15:25:30,654: INFO: common: created directory at: artifacts\training]
[2024-10-16 19:07:55,921: INFO: common: yaml file: C:\Users\Ann Mary\Desktop\chestmlops\Chest-Cancer-Detection-using-MLOps1\src\ChestCancerClassifier\config\config.yaml loaded successfully]
[2024-10-16 19:07:55,939: INFO: common: yaml file: C:\Users\Ann Mary\Desktop\chestmlops\Chest-Cancer-Detection-using-MLOps1\src\ChestCancerClassifier\params.yaml loaded successfully]
[2024-10-16 19:07:55,944: INFO: common: created directory at: artifacts]
[2024-10-16 19:07:55,952: INFO: common: created directory at: artifacts/data_ingestion]
[2024-10-16 19:07:55,956: INFO: 4051216940: Downloading data from https://drive.google.com/file/d/1z0mreUtRmR-P-magILsDR3T7M6IkGXtY/view?usp=sharing into file artifacts/data_ingestion/data.zip]
[2024-10-16 19:09:17,186: INFO: 4051216940: Downloaded data from https://drive.google.com/file/d/1z0mreUtRmR-P-magILsDR3T7M6IkGXtY/view?usp=sharing into file artifacts/data_ingestion/data.zip]
[2024-10-16 22:52:45,717: INFO: common: yaml file: C:\Users\Ann Mary\Desktop\chestmlops\Chest-Cancer-Detection-using-MLOps1\src\ChestCancerClassifier\config\config.yaml loaded successfully]
[2024-10-16 22:52:45,725: INFO: common: yaml file: C:\Users\Ann Mary\Desktop\chestmlops\Chest-Cancer-Detection-using-MLOps1\src\ChestCancerClassifier\params.yaml loaded successfully]
[2024-10-16 22:52:45,729: INFO: common: created directory at: artifacts]
[2024-10-16 22:52:45,731: INFO: common: created directory at: artifacts/data_ingestion]
[2024-10-16 22:52:45,734: INFO: 4051216940: Downloading data from https://drive.google.com/file/d/1z0mreUtRmR-P-magILsDR3T7M6IkGXtY/view?usp=sharing into file artifacts/data_ingestion/data.zip]
[2024-10-17 11:45:40,151: INFO: common: yaml file: C:\Users\Ann Mary\Desktop\chestmlops\Chest-Cancer-Detection-using-MLOps1\src\ChestCancerClassifier\config\config.yaml loaded successfully]
[2024-10-17 11:45:40,156: INFO: common: yaml file: C:\Users\Ann Mary\Desktop\chestmlops\Chest-Cancer-Detection-using-MLOps1\src\ChestCancerClassifier\params.yaml loaded successfully]
[2024-10-17 11:45:40,158: INFO: common: created directory at: artifacts]
[2024-10-17 11:45:40,159: INFO: common: created directory at: artifacts/data_ingestion]
[2024-10-17 11:45:40,162: INFO: 4051216940: Downloading data from https://drive.google.com/file/d/1z0mreUtRmR-P-magILsDR3T7M6IkGXtY/view?usp=sharing into file artifacts/data_ingestion/data.zip]
[2024-10-17 11:47:25,392: INFO: common: yaml file: C:\Users\Ann Mary\Desktop\chestmlops\Chest-Cancer-Detection-using-MLOps1\src\ChestCancerClassifier\config\config.yaml loaded successfully]
[2024-10-17 11:47:25,400: INFO: common: yaml file: C:\Users\Ann Mary\Desktop\chestmlops\Chest-Cancer-Detection-using-MLOps1\src\ChestCancerClassifier\params.yaml loaded successfully]
[2024-10-17 11:47:25,404: INFO: common: created directory at: artifacts]
[2024-10-17 11:47:25,407: INFO: common: created directory at: artifacts/data_ingestion]
[2024-10-17 11:47:25,412: INFO: 4051216940: Downloading data from https://drive.google.com/file/d/1z0mreUtRmR-P-magILsDR3T7M6IkGXtY/view?usp=sharing into file artifacts/data_ingestion/data.zip]
[2024-10-17 11:50:36,706: INFO: utils: Note: NumExpr detected 12 cores but "NUMEXPR_MAX_THREADS" not set, so enforcing safe limit of 8.]
[2024-10-17 11:50:36,707: INFO: utils: NumExpr defaulting to 8 threads.]
[2024-10-17 11:50:39,834: INFO: main: >>>>>> stage Data Ingestion stage started <<<<<<]
[2024-10-17 11:50:39,834: INFO: common: yaml file: C:\Users\Ann Mary\Desktop\chestmlops\Chest-Cancer-Detection-using-MLOps1\src\ChestCancerClassifier\config\config.yaml loaded successfully]
[2024-10-17 11:50:39,834: INFO: common: yaml file: C:\Users\Ann Mary\Desktop\chestmlops\Chest-Cancer-Detection-using-MLOps1\src\ChestCancerClassifier\params.yaml loaded successfully]
[2024-10-17 11:50:39,834: INFO: common: created directory at: artifacts]
[2024-10-17 11:50:39,834: INFO: common: created directory at: artifacts/data_ingestion]
[2024-10-17 11:50:39,834: INFO: data_ingestion: Downloading data from https://drive.google.com/file/d/1z0mreUtRmR-P-magILsDR3T7M6IkGXtY/view?usp=sharing into file artifacts/data_ingestion/data.zip]
[2024-10-17 11:52:01,114: INFO: 4051216940: Downloaded data from https://drive.google.com/file/d/1z0mreUtRmR-P-magILsDR3T7M6IkGXtY/view?usp=sharing into file artifacts/data_ingestion/data.zip]
[2024-10-17 11:53:48,814: INFO: data_ingestion: Downloaded data from https://drive.google.com/file/d/1z0mreUtRmR-P-magILsDR3T7M6IkGXtY/view?usp=sharing into file artifacts/data_ingestion/data.zip]
[2024-10-17 11:53:49,393: INFO: main: >>>>>> stage Data Ingestion stage completed <<<<<<

x==========x]
[2024-10-17 11:53:49,393: INFO: main: *******************]
[2024-10-17 11:53:49,393: INFO: main: >>>>>> stage Prepare base model started <<<<<<]
[2024-10-17 11:53:49,400: INFO: common: yaml file: C:\Users\Ann Mary\Desktop\chestmlops\Chest-Cancer-Detection-using-MLOps1\src\ChestCancerClassifier\config\config.yaml loaded successfully]
[2024-10-17 11:53:49,403: INFO: common: yaml file: C:\Users\Ann Mary\Desktop\chestmlops\Chest-Cancer-Detection-using-MLOps1\src\ChestCancerClassifier\params.yaml loaded successfully]
[2024-10-17 11:53:49,403: INFO: common: created directory at: artifacts]
[2024-10-17 11:53:49,403: INFO: common: created directory at: artifacts/prepare_base_model]
[2024-10-17 11:53:50,278: WARNING: saving_utils: Compiled the loaded model, but the compiled metrics have yet to be built. `model.compile_metrics` will be empty until you train or evaluate the model.]
[2024-10-17 11:53:50,666: INFO: main: >>>>>> stage Prepare base model completed <<<<<<

x==========x]
[2024-10-17 11:53:50,666: INFO: main: *******************]
[2024-10-17 11:53:50,666: INFO: main: >>>>>> stage Training started <<<<<<]
[2024-10-17 11:53:50,682: INFO: common: yaml file: C:\Users\Ann Mary\Desktop\chestmlops\Chest-Cancer-Detection-using-MLOps1\src\ChestCancerClassifier\config\config.yaml loaded successfully]
[2024-10-17 11:53:50,682: INFO: common: yaml file: C:\Users\Ann Mary\Desktop\chestmlops\Chest-Cancer-Detection-using-MLOps1\src\ChestCancerClassifier\params.yaml loaded successfully]
[2024-10-17 11:53:50,682: INFO: common: created directory at: artifacts]
[2024-10-17 11:53:50,697: INFO: common: created directory at: artifacts\training]
[2024-10-17 11:55:24,691: INFO: main: >>>>>> stage Training completed <<<<<<

x==========x]
[2024-10-17 11:55:24,691: INFO: main: *******************]
[2024-10-17 11:55:24,691: INFO: main: >>>>>> stage Evaluation stage started <<<<<<]
[2024-10-17 11:55:24,691: INFO: common: yaml file: C:\Users\Ann Mary\Desktop\chestmlops\Chest-Cancer-Detection-using-MLOps1\src\ChestCancerClassifier\config\config.yaml loaded successfully]
[2024-10-17 11:55:24,698: INFO: common: yaml file: C:\Users\Ann Mary\Desktop\chestmlops\Chest-Cancer-Detection-using-MLOps1\src\ChestCancerClassifier\params.yaml loaded successfully]
[2024-10-17 11:55:24,698: INFO: common: created directory at: artifacts]
[2024-10-17 11:55:39,491: INFO: common: json file saved at: scores.json]
[2024-10-17 11:55:39,493: INFO: common: json file saved at: scores.json]
[2024-10-17 11:55:39,493: INFO: main: >>>>>> stage Evaluation stage completed <<<<<<

x==========x]
[2024-10-17 11:56:16,243: INFO: stage_01_data_ingestion: >>>>>> stage Data Ingestion stage started <<<<<<]
[2024-10-17 11:56:16,243: INFO: common: yaml file: C:\Users\Ann Mary\Desktop\chestmlops\Chest-Cancer-Detection-using-MLOps1\src\ChestCancerClassifier\config\config.yaml loaded successfully]
[2024-10-17 11:56:16,243: INFO: common: yaml file: C:\Users\Ann Mary\Desktop\chestmlops\Chest-Cancer-Detection-using-MLOps1\src\ChestCancerClassifier\params.yaml loaded successfully]
[2024-10-17 11:56:16,243: INFO: common: created directory at: artifacts]
[2024-10-17 11:56:16,251: INFO: common: created directory at: artifacts/data_ingestion]
[2024-10-17 11:56:16,251: INFO: data_ingestion: Downloading data from https://drive.google.com/file/d/1z0mreUtRmR-P-magILsDR3T7M6IkGXtY/view?usp=sharing into file artifacts/data_ingestion/data.zip]
[2024-10-17 12:00:21,147: INFO: data_ingestion: Downloaded data from https://drive.google.com/file/d/1z0mreUtRmR-P-magILsDR3T7M6IkGXtY/view?usp=sharing into file artifacts/data_ingestion/data.zip]
[2024-10-17 12:00:21,712: INFO: stage_01_data_ingestion: >>>>>> stage Data Ingestion stage completed <<<<<<

x==========x]
[2024-10-17 12:00:34,208: INFO: utils: Note: NumExpr detected 12 cores but "NUMEXPR_MAX_THREADS" not set, so enforcing safe limit of 8.]
[2024-10-17 12:00:34,208: INFO: utils: NumExpr defaulting to 8 threads.]
[2024-10-17 12:00:35,192: INFO: stage_02_prepare_base_model: *******************]
[2024-10-17 12:00:35,192: INFO: stage_02_prepare_base_model: >>>>>> stage Prepare base model started <<<<<<]
[2024-10-17 12:00:35,211: INFO: common: yaml file: C:\Users\Ann Mary\Desktop\chestmlops\Chest-Cancer-Detection-using-MLOps1\src\ChestCancerClassifier\config\config.yaml loaded successfully]
[2024-10-17 12:00:35,227: INFO: common: yaml file: C:\Users\Ann Mary\Desktop\chestmlops\Chest-Cancer-Detection-using-MLOps1\src\ChestCancerClassifier\params.yaml loaded successfully]
[2024-10-17 12:00:35,232: INFO: common: created directory at: artifacts]
[2024-10-17 12:00:35,233: INFO: common: created directory at: artifacts/prepare_base_model]
[2024-10-17 12:00:36,219: WARNING: saving_utils: Compiled the loaded model, but the compiled metrics have yet to be built. `model.compile_metrics` will be empty until you train or evaluate the model.]
[2024-10-17 12:00:36,523: INFO: stage_02_prepare_base_model: >>>>>> stage Prepare base model completed <<<<<<

x==========x]
[2024-10-17 12:00:44,177: INFO: utils: Note: NumExpr detected 12 cores but "NUMEXPR_MAX_THREADS" not set, so enforcing safe limit of 8.]
[2024-10-17 12:00:44,177: INFO: utils: NumExpr defaulting to 8 threads.]
[2024-10-17 12:00:45,274: INFO: stage_03_model_trainer: *******************]
[2024-10-17 12:00:45,274: INFO: stage_03_model_trainer: >>>>>> stage Training started <<<<<<]
[2024-10-17 12:00:45,285: INFO: common: yaml file: C:\Users\Ann Mary\Desktop\chestmlops\Chest-Cancer-Detection-using-MLOps1\src\ChestCancerClassifier\config\config.yaml loaded successfully]
[2024-10-17 12:00:45,289: INFO: common: yaml file: C:\Users\Ann Mary\Desktop\chestmlops\Chest-Cancer-Detection-using-MLOps1\src\ChestCancerClassifier\params.yaml loaded successfully]
[2024-10-17 12:00:45,289: INFO: common: created directory at: artifacts]
[2024-10-17 12:00:45,293: INFO: common: created directory at: artifacts\training]
[2024-10-17 12:05:36,894: INFO: stage_03_model_trainer: >>>>>> stage Training completed <<<<<<

x==========x]
[2024-10-17 12:05:52,031: INFO: utils: Note: NumExpr detected 12 cores but "NUMEXPR_MAX_THREADS" not set, so enforcing safe limit of 8.]
[2024-10-17 12:05:52,031: INFO: utils: NumExpr defaulting to 8 threads.]
[2024-10-17 12:05:54,324: INFO: stage_04_model_evaluation: *******************]
[2024-10-17 12:05:54,324: INFO: stage_04_model_evaluation: >>>>>> stage Evaluation stage started <<<<<<]
[2024-10-17 12:05:54,324: INFO: common: yaml file: C:\Users\Ann Mary\Desktop\chestmlops\Chest-Cancer-Detection-using-MLOps1\src\ChestCancerClassifier\config\config.yaml loaded successfully]
[2024-10-17 12:05:54,342: INFO: common: yaml file: C:\Users\Ann Mary\Desktop\chestmlops\Chest-Cancer-Detection-using-MLOps1\src\ChestCancerClassifier\params.yaml loaded successfully]
[2024-10-17 12:05:54,356: INFO: common: created directory at: artifacts]
[2024-10-17 12:06:11,676: INFO: common: json file saved at: scores.json]
[2024-10-17 12:06:11,680: INFO: common: json file saved at: scores.json]
[2024-10-17 12:06:11,682: INFO: stage_04_model_evaluation: >>>>>> stage Evaluation stage completed <<<<<<

x==========x]
[2024-10-17 14:06:44,475: INFO: utils: Note: NumExpr detected 12 cores but "NUMEXPR_MAX_THREADS" not set, so enforcing safe limit of 8.]
[2024-10-17 14:06:44,475: INFO: utils: NumExpr defaulting to 8 threads.]
[2024-10-17 14:06:47,198: INFO: main: >>>>>> stage Data Ingestion stage started <<<<<<]
[2024-10-17 14:06:47,198: INFO: common: yaml file: C:\Users\Ann Mary\Desktop\chestmlops\Chest-Cancer-Detection-using-MLOps1\src\ChestCancerClassifier\config\config.yaml loaded successfully]
[2024-10-17 14:06:47,198: INFO: common: yaml file: C:\Users\Ann Mary\Desktop\chestmlops\Chest-Cancer-Detection-using-MLOps1\src\ChestCancerClassifier\params.yaml loaded successfully]
[2024-10-17 14:06:47,198: INFO: common: created directory at: artifacts]
[2024-10-17 14:06:47,198: INFO: common: created directory at: artifacts/data_ingestion]
[2024-10-17 14:06:47,206: INFO: data_ingestion: Downloading data from https://drive.google.com/file/d/1z0mreUtRmR-P-magILsDR3T7M6IkGXtY/view?usp=sharing into file artifacts/data_ingestion/data.zip]
[2024-10-17 14:06:59,496: INFO: data_ingestion: Downloaded data from https://drive.google.com/file/d/1z0mreUtRmR-P-magILsDR3T7M6IkGXtY/view?usp=sharing into file artifacts/data_ingestion/data.zip]
[2024-10-17 14:07:00,067: INFO: main: >>>>>> stage Data Ingestion stage completed <<<<<<

x==========x]
[2024-10-17 14:07:00,067: INFO: main: *******************]
[2024-10-17 14:07:00,067: INFO: main: >>>>>> stage Prepare base model started <<<<<<]
[2024-10-17 14:07:00,067: INFO: common: yaml file: C:\Users\Ann Mary\Desktop\chestmlops\Chest-Cancer-Detection-using-MLOps1\src\ChestCancerClassifier\config\config.yaml loaded successfully]
[2024-10-17 14:07:00,067: INFO: common: yaml file: C:\Users\Ann Mary\Desktop\chestmlops\Chest-Cancer-Detection-using-MLOps1\src\ChestCancerClassifier\params.yaml loaded successfully]
[2024-10-17 14:07:00,067: INFO: common: created directory at: artifacts]
[2024-10-17 14:07:00,067: INFO: common: created directory at: artifacts/prepare_base_model]
[2024-10-17 14:07:00,884: WARNING: saving_utils: Compiled the loaded model, but the compiled metrics have yet to be built. `model.compile_metrics` will be empty until you train or evaluate the model.]
[2024-10-17 14:07:01,240: INFO: main: >>>>>> stage Prepare base model completed <<<<<<

x==========x]
[2024-10-17 14:07:01,248: INFO: main: *******************]
[2024-10-17 14:07:01,249: INFO: main: >>>>>> stage Training started <<<<<<]
[2024-10-17 14:07:01,249: INFO: common: yaml file: C:\Users\Ann Mary\Desktop\chestmlops\Chest-Cancer-Detection-using-MLOps1\src\ChestCancerClassifier\config\config.yaml loaded successfully]
[2024-10-17 14:07:01,249: INFO: common: yaml file: C:\Users\Ann Mary\Desktop\chestmlops\Chest-Cancer-Detection-using-MLOps1\src\ChestCancerClassifier\params.yaml loaded successfully]
[2024-10-17 14:07:01,249: INFO: common: created directory at: artifacts]
[2024-10-17 14:07:01,255: INFO: common: created directory at: artifacts\training]
[2024-10-17 14:17:39,505: INFO: stage_01_data_ingestion: >>>>>> stage Data Ingestion stage started <<<<<<]
[2024-10-17 14:17:39,505: INFO: common: yaml file: C:\Users\Ann Mary\Desktop\chestmlops\Chest-Cancer-Detection-using-MLOps1\src\ChestCancerClassifier\config\config.yaml loaded successfully]
[2024-10-17 14:17:39,505: INFO: common: yaml file: C:\Users\Ann Mary\Desktop\chestmlops\Chest-Cancer-Detection-using-MLOps1\src\ChestCancerClassifier\params.yaml loaded successfully]
[2024-10-17 14:17:39,505: INFO: common: created directory at: artifacts]
[2024-10-17 14:17:39,505: INFO: common: created directory at: artifacts/data_ingestion]
[2024-10-17 14:17:39,505: INFO: data_ingestion: Downloading data from https://drive.google.com/file/d/1z0mreUtRmR-P-magILsDR3T7M6IkGXtY/view?usp=sharing into file artifacts/data_ingestion/data.zip]
[2024-10-17 14:17:52,156: INFO: data_ingestion: Downloaded data from https://drive.google.com/file/d/1z0mreUtRmR-P-magILsDR3T7M6IkGXtY/view?usp=sharing into file artifacts/data_ingestion/data.zip]
[2024-10-17 14:17:52,811: INFO: stage_01_data_ingestion: >>>>>> stage Data Ingestion stage completed <<<<<<

x==========x]
[2024-10-17 14:18:04,704: INFO: utils: Note: NumExpr detected 12 cores but "NUMEXPR_MAX_THREADS" not set, so enforcing safe limit of 8.]
[2024-10-17 14:18:04,705: INFO: utils: NumExpr defaulting to 8 threads.]
[2024-10-17 14:18:05,667: INFO: stage_02_prepare_base_model: *******************]
[2024-10-17 14:18:05,667: INFO: stage_02_prepare_base_model: >>>>>> stage Prepare base model started <<<<<<]
[2024-10-17 14:18:05,674: INFO: common: yaml file: C:\Users\Ann Mary\Desktop\chestmlops\Chest-Cancer-Detection-using-MLOps1\src\ChestCancerClassifier\config\config.yaml loaded successfully]
[2024-10-17 14:18:05,675: INFO: common: yaml file: C:\Users\Ann Mary\Desktop\chestmlops\Chest-Cancer-Detection-using-MLOps1\src\ChestCancerClassifier\params.yaml loaded successfully]
[2024-10-17 14:18:05,675: INFO: common: created directory at: artifacts]
[2024-10-17 14:18:05,675: INFO: common: created directory at: artifacts/prepare_base_model]
[2024-10-17 14:18:06,594: WARNING: saving_utils: Compiled the loaded model, but the compiled metrics have yet to be built. `model.compile_metrics` will be empty until you train or evaluate the model.]
[2024-10-17 14:18:06,918: INFO: stage_02_prepare_base_model: >>>>>> stage Prepare base model completed <<<<<<

x==========x]
[2024-10-17 14:18:12,239: INFO: utils: Note: NumExpr detected 12 cores but "NUMEXPR_MAX_THREADS" not set, so enforcing safe limit of 8.]
[2024-10-17 14:18:12,239: INFO: utils: NumExpr defaulting to 8 threads.]
[2024-10-17 14:18:12,741: INFO: stage_03_model_trainer: *******************]
[2024-10-17 14:18:12,741: INFO: stage_03_model_trainer: >>>>>> stage Training started <<<<<<]
[2024-10-17 14:18:12,741: INFO: common: yaml file: C:\Users\Ann Mary\Desktop\chestmlops\Chest-Cancer-Detection-using-MLOps1\src\ChestCancerClassifier\config\config.yaml loaded successfully]
[2024-10-17 14:18:12,741: INFO: common: yaml file: C:\Users\Ann Mary\Desktop\chestmlops\Chest-Cancer-Detection-using-MLOps1\src\ChestCancerClassifier\params.yaml loaded successfully]
[2024-10-17 14:18:12,741: INFO: common: created directory at: artifacts]
[2024-10-17 14:18:12,741: INFO: common: created directory at: artifacts\training]
[2024-10-17 14:20:04,352: INFO: stage_03_model_trainer: >>>>>> stage Training completed <<<<<<

x==========x]
[2024-10-17 14:20:14,287: INFO: utils: Note: NumExpr detected 12 cores but "NUMEXPR_MAX_THREADS" not set, so enforcing safe limit of 8.]
[2024-10-17 14:20:14,287: INFO: utils: NumExpr defaulting to 8 threads.]
[2024-10-17 14:20:17,905: INFO: stage_04_model_evaluation: *******************]
[2024-10-17 14:20:17,907: INFO: stage_04_model_evaluation: >>>>>> stage Evaluation stage started <<<<<<]
[2024-10-17 14:20:17,909: INFO: common: yaml file: C:\Users\Ann Mary\Desktop\chestmlops\Chest-Cancer-Detection-using-MLOps1\src\ChestCancerClassifier\config\config.yaml loaded successfully]
[2024-10-17 14:20:17,914: INFO: common: yaml file: C:\Users\Ann Mary\Desktop\chestmlops\Chest-Cancer-Detection-using-MLOps1\src\ChestCancerClassifier\params.yaml loaded successfully]
[2024-10-17 14:20:17,918: INFO: common: created directory at: artifacts]
[2024-10-17 14:21:43,390: INFO: common: json file saved at: scores.json]
[2024-10-17 14:21:43,403: INFO: common: json file saved at: scores.json]
[2024-10-17 14:21:43,414: INFO: stage_04_model_evaluation: >>>>>> stage Evaluation stage completed <<<<<<

x==========x]
[2024-10-17 14:41:44,649: INFO: stage_01_data_ingestion: >>>>>> stage Data Ingestion stage started <<<<<<]
[2024-10-17 14:41:44,649: INFO: common: yaml file: C:\Users\Ann Mary\Desktop\chestmlops\Chest-Cancer-Detection-using-MLOps1\src\ChestCancerClassifier\config\config.yaml loaded successfully]
[2024-10-17 14:41:44,649: INFO: common: yaml file: C:\Users\Ann Mary\Desktop\chestmlops\Chest-Cancer-Detection-using-MLOps1\src\ChestCancerClassifier\params.yaml loaded successfully]
[2024-10-17 14:41:44,655: INFO: common: created directory at: artifacts]
[2024-10-17 14:41:44,664: INFO: common: created directory at: artifacts/data_ingestion]
[2024-10-17 14:41:44,668: INFO: data_ingestion: Downloading data from https://drive.google.com/file/d/1z0mreUtRmR-P-magILsDR3T7M6IkGXtY/view?usp=sharing into file artifacts/data_ingestion/data.zip]
[2024-10-17 14:41:55,057: INFO: data_ingestion: Downloaded data from https://drive.google.com/file/d/1z0mreUtRmR-P-magILsDR3T7M6IkGXtY/view?usp=sharing into file artifacts/data_ingestion/data.zip]
[2024-10-17 14:41:55,563: INFO: stage_01_data_ingestion: >>>>>> stage Data Ingestion stage completed <<<<<<

x==========x]
[2024-10-17 14:46:18,320: INFO: stage_01_data_ingestion: >>>>>> stage Data Ingestion stage started <<<<<<]
[2024-10-17 14:46:18,325: INFO: common: yaml file: C:\Users\Ann Mary\Desktop\chestmlops\Chest-Cancer-Detection-using-MLOps1\src\ChestCancerClassifier\config\config.yaml loaded successfully]
[2024-10-17 14:46:18,360: INFO: common: yaml file: C:\Users\Ann Mary\Desktop\chestmlops\Chest-Cancer-Detection-using-MLOps1\src\ChestCancerClassifier\params.yaml loaded successfully]
[2024-10-17 14:46:18,367: INFO: common: created directory at: artifacts]
[2024-10-17 14:46:18,369: INFO: common: created directory at: artifacts/data_ingestion]
[2024-10-17 14:46:18,378: INFO: data_ingestion: Downloading data from https://drive.google.com/file/d/1z0mreUtRmR-P-magILsDR3T7M6IkGXtY/view?usp=sharing into file artifacts/data_ingestion/data.zip]
[2024-10-17 14:46:28,406: INFO: data_ingestion: Downloaded data from https://drive.google.com/file/d/1z0mreUtRmR-P-magILsDR3T7M6IkGXtY/view?usp=sharing into file artifacts/data_ingestion/data.zip]
[2024-10-17 14:46:28,938: INFO: stage_01_data_ingestion: >>>>>> stage Data Ingestion stage completed <<<<<<

x==========x]
[2024-10-17 14:51:10,702: INFO: utils: Note: NumExpr detected 12 cores but "NUMEXPR_MAX_THREADS" not set, so enforcing safe limit of 8.]
[2024-10-17 14:51:10,702: INFO: utils: NumExpr defaulting to 8 threads.]
[2024-10-17 14:51:11,501: INFO: stage_02_prepare_base_model: *******************]
[2024-10-17 14:51:11,501: INFO: stage_02_prepare_base_model: >>>>>> stage Prepare base model started <<<<<<]
[2024-10-17 14:51:11,501: INFO: common: yaml file: C:\Users\Ann Mary\Desktop\chestmlops\Chest-Cancer-Detection-using-MLOps1\src\ChestCancerClassifier\config\config.yaml loaded successfully]
[2024-10-17 14:51:11,508: INFO: common: yaml file: C:\Users\Ann Mary\Desktop\chestmlops\Chest-Cancer-Detection-using-MLOps1\src\ChestCancerClassifier\params.yaml loaded successfully]
[2024-10-17 14:51:11,508: INFO: common: created directory at: artifacts]
[2024-10-17 14:51:11,508: INFO: common: created directory at: artifacts/prepare_base_model]
[2024-10-17 14:51:12,303: WARNING: saving_utils: Compiled the loaded model, but the compiled metrics have yet to be built. `model.compile_metrics` will be empty until you train or evaluate the model.]
[2024-10-17 14:51:12,612: INFO: stage_02_prepare_base_model: >>>>>> stage Prepare base model completed <<<<<<

x==========x]
[2024-10-17 14:51:19,311: INFO: utils: Note: NumExpr detected 12 cores but "NUMEXPR_MAX_THREADS" not set, so enforcing safe limit of 8.]
[2024-10-17 14:51:19,311: INFO: utils: NumExpr defaulting to 8 threads.]
[2024-10-17 14:51:20,137: INFO: stage_03_model_trainer: *******************]
[2024-10-17 14:51:20,137: INFO: stage_03_model_trainer: >>>>>> stage Training started <<<<<<]
[2024-10-17 14:51:20,145: INFO: common: yaml file: C:\Users\Ann Mary\Desktop\chestmlops\Chest-Cancer-Detection-using-MLOps1\src\ChestCancerClassifier\config\config.yaml loaded successfully]
[2024-10-17 14:51:20,145: INFO: common: yaml file: C:\Users\Ann Mary\Desktop\chestmlops\Chest-Cancer-Detection-using-MLOps1\src\ChestCancerClassifier\params.yaml loaded successfully]
[2024-10-17 14:51:20,157: INFO: common: created directory at: artifacts]
[2024-10-17 14:51:20,158: INFO: common: created directory at: artifacts\training]
[2024-10-17 14:57:08,954: INFO: utils: Note: NumExpr detected 12 cores but "NUMEXPR_MAX_THREADS" not set, so enforcing safe limit of 8.]
[2024-10-17 14:57:08,954: INFO: utils: NumExpr defaulting to 8 threads.]
[2024-10-17 14:57:09,643: INFO: stage_03_model_trainer: *******************]
[2024-10-17 14:57:09,643: INFO: stage_03_model_trainer: >>>>>> stage Training started <<<<<<]
[2024-10-17 14:57:09,643: INFO: common: yaml file: C:\Users\Ann Mary\Desktop\chestmlops\Chest-Cancer-Detection-using-MLOps1\src\ChestCancerClassifier\config\config.yaml loaded successfully]
[2024-10-17 14:57:09,661: INFO: common: yaml file: C:\Users\Ann Mary\Desktop\chestmlops\Chest-Cancer-Detection-using-MLOps1\src\ChestCancerClassifier\params.yaml loaded successfully]
[2024-10-17 14:57:09,661: INFO: common: created directory at: artifacts]
[2024-10-17 14:57:09,663: INFO: common: created directory at: artifacts\training]
[2024-10-17 15:01:26,280: INFO: utils: Note: NumExpr detected 12 cores but "NUMEXPR_MAX_THREADS" not set, so enforcing safe limit of 8.]
[2024-10-17 15:01:26,280: INFO: utils: NumExpr defaulting to 8 threads.]
[2024-10-17 15:01:26,899: INFO: stage_03_model_trainer: *******************]
[2024-10-17 15:01:26,899: INFO: stage_03_model_trainer: >>>>>> stage Training started <<<<<<]
[2024-10-17 15:01:26,899: INFO: common: yaml file: C:\Users\Ann Mary\Desktop\chestmlops\Chest-Cancer-Detection-using-MLOps1\src\ChestCancerClassifier\config\config.yaml loaded successfully]
[2024-10-17 15:01:26,899: INFO: common: yaml file: C:\Users\Ann Mary\Desktop\chestmlops\Chest-Cancer-Detection-using-MLOps1\src\ChestCancerClassifier\params.yaml loaded successfully]
[2024-10-17 15:01:26,914: INFO: common: created directory at: artifacts]
[2024-10-17 15:01:26,916: INFO: common: created directory at: artifacts\training]
[2024-10-17 15:33:48,760: INFO: common: yaml file: C:\Users\Ann Mary\Desktop\chestmlops\Chest-Cancer-Detection-using-MLOps1\src\ChestCancerClassifier\config\config.yaml loaded successfully]
[2024-10-17 15:33:48,760: INFO: common: yaml file: C:\Users\Ann Mary\Desktop\chestmlops\Chest-Cancer-Detection-using-MLOps1\src\ChestCancerClassifier\params.yaml loaded successfully]
[2024-10-17 15:33:48,770: INFO: common: created directory at: artifacts]
[2024-10-17 15:33:48,771: INFO: common: created directory at: artifacts/data_ingestion]
[2024-10-17 15:33:48,773: INFO: 3615452785: Downloading data from https://drive.google.com/file/d/1z0mreUtRmR-P-magILsDR3T7M6IkGXtY/view?usp=sharing into file artifacts/data_ingestion/data.zip]
[2024-10-17 15:55:37,087: INFO: stage_01_data_ingestion: >>>>>> stage Data Ingestion stage started <<<<<<]
[2024-10-17 15:55:37,101: INFO: common: yaml file: C:\Users\Ann Mary\Desktop\chestmlops\Chest-Cancer-Detection-using-MLOps1\src\ChestCancerClassifier\config\config.yaml loaded successfully]
[2024-10-17 15:55:37,101: INFO: common: yaml file: C:\Users\Ann Mary\Desktop\chestmlops\Chest-Cancer-Detection-using-MLOps1\src\ChestCancerClassifier\params.yaml loaded successfully]
[2024-10-17 15:55:37,101: INFO: common: created directory at: artifacts]
[2024-10-17 15:55:37,106: INFO: common: created directory at: artifacts/data_ingestion]
[2024-10-17 15:55:37,107: ERROR: stage_01_data_ingestion: name 'DataIngestion' is not defined]
Traceback (most recent call last):
  File "c:/Users/Ann Mary/Desktop/chestmlops/Chest-Cancer-Detection-using-MLOps1/src/ChestCancerClassifier/pipeline/stage_01_data_ingestion.py", line 24, in <module>
    obj.main()
  File "c:/Users/Ann Mary/Desktop/chestmlops/Chest-Cancer-Detection-using-MLOps1/src/ChestCancerClassifier/pipeline/stage_01_data_ingestion.py", line 13, in main
    data_ingestion = DataIngestion(config=data_ingestion_config)
NameError: name 'DataIngestion' is not defined
[2024-10-17 20:50:42,661: INFO: common: yaml file: C:\Users\Ann Mary\Desktop\chestmlops\Chest-Cancer-Detection-using-MLOps1\src\ChestCancerClassifier\config\config.yaml loaded successfully]
[2024-10-17 20:50:42,682: INFO: common: yaml file: C:\Users\Ann Mary\Desktop\chestmlops\Chest-Cancer-Detection-using-MLOps1\src\ChestCancerClassifier\params.yaml loaded successfully]
[2024-10-17 20:50:42,682: INFO: common: created directory at: artifacts]
[2024-10-17 20:50:42,682: INFO: common: created directory at: artifacts/data_ingestion]
[2024-10-17 20:50:59,595: INFO: common: yaml file: C:\Users\Ann Mary\Desktop\chestmlops\Chest-Cancer-Detection-using-MLOps1\src\ChestCancerClassifier\config\config.yaml loaded successfully]
[2024-10-17 20:50:59,609: INFO: common: yaml file: C:\Users\Ann Mary\Desktop\chestmlops\Chest-Cancer-Detection-using-MLOps1\src\ChestCancerClassifier\params.yaml loaded successfully]
[2024-10-17 20:50:59,611: INFO: common: created directory at: artifacts]
[2024-10-17 20:50:59,615: INFO: common: created directory at: artifacts/data_ingestion]
[2024-10-17 20:50:59,617: INFO: 4051216940: Downloading data from https://drive.google.com/file/d/1UhWvZJJVac5jk2BewN5oKeHxjXdNGDSX/view?usp=sharing into file artifacts/data_ingestion/data.zip]
[2024-10-17 20:52:14,112: INFO: common: yaml file: C:\Users\Ann Mary\Desktop\chestmlops\Chest-Cancer-Detection-using-MLOps1\src\ChestCancerClassifier\config\config.yaml loaded successfully]
[2024-10-17 20:52:14,117: INFO: common: yaml file: C:\Users\Ann Mary\Desktop\chestmlops\Chest-Cancer-Detection-using-MLOps1\src\ChestCancerClassifier\params.yaml loaded successfully]
[2024-10-17 20:52:14,117: INFO: common: created directory at: artifacts]
[2024-10-17 20:52:14,117: INFO: common: created directory at: artifacts/data_ingestion]
[2024-10-17 20:52:14,125: INFO: 4051216940: Downloading data from https://drive.google.com/file/d/1UhWvZJJVac5jk2BewN5oKeHxjXdNGDSX/view?usp=sharing into file artifacts/data_ingestion/data.zip]
[2024-10-17 20:52:58,531: INFO: 4051216940: Downloaded data from https://drive.google.com/file/d/1UhWvZJJVac5jk2BewN5oKeHxjXdNGDSX/view?usp=sharing into file artifacts/data_ingestion/data.zip]
[2024-10-17 21:01:48,859: INFO: data_ingestion: >>>>>> stage Data Ingestion stage started <<<<<<]
[2024-10-17 21:01:48,859: INFO: common: yaml file: C:\Users\Ann Mary\Desktop\chestmlops\Chest-Cancer-Detection-using-MLOps1\src\ChestCancerClassifier\config\config.yaml loaded successfully]
[2024-10-17 21:01:48,859: INFO: common: yaml file: C:\Users\Ann Mary\Desktop\chestmlops\Chest-Cancer-Detection-using-MLOps1\src\ChestCancerClassifier\params.yaml loaded successfully]
[2024-10-17 21:01:48,859: INFO: common: created directory at: artifacts]
[2024-10-17 21:01:48,859: INFO: common: created directory at: artifacts/data_ingestion]
[2024-10-17 21:01:48,859: ERROR: data_ingestion: name 'DataIngestion' is not defined]
Traceback (most recent call last):
  File "c:/Users/Ann Mary/Desktop/chestmlops/Chest-Cancer-Detection-using-MLOps1/src/ChestCancerClassifier/components/data_ingestion.py", line 25, in <module>
    obj.main()
  File "c:/Users/Ann Mary/Desktop/chestmlops/Chest-Cancer-Detection-using-MLOps1/src/ChestCancerClassifier/components/data_ingestion.py", line 14, in main
    data_ingestion = DataIngestion(config=data_ingestion_config)
NameError: name 'DataIngestion' is not defined
[2024-10-17 21:03:09,752: INFO: data_ingestion: >>>>>> stage Data Ingestion stage started <<<<<<]
[2024-10-17 21:03:09,752: ERROR: data_ingestion: cannot import name 'DataIngestion' from 'ChestCancerClassifier.components.data_ingestion' (c:\users\ann mary\desktop\chestmlops\chest-cancer-detection-using-mlops1\src\ChestCancerClassifier\components\data_ingestion.py)]
Traceback (most recent call last):
  File "c:/Users/Ann Mary/Desktop/chestmlops/Chest-Cancer-Detection-using-MLOps1/src/ChestCancerClassifier/components/data_ingestion.py", line 25, in <module>
    obj.main()
  File "c:/Users/Ann Mary/Desktop/chestmlops/Chest-Cancer-Detection-using-MLOps1/src/ChestCancerClassifier/components/data_ingestion.py", line 12, in main
    from ChestCancerClassifier.components.data_ingestion import DataIngestion
ImportError: cannot import name 'DataIngestion' from 'ChestCancerClassifier.components.data_ingestion' (c:\users\ann mary\desktop\chestmlops\chest-cancer-detection-using-mlops1\src\ChestCancerClassifier\components\data_ingestion.py)
[2024-10-17 21:27:08,722: INFO: common: yaml file: C:\Users\Ann Mary\Desktop\chestmlops\Chest-Cancer-Detection-using-MLOps1\src\ChestCancerClassifier\config\config.yaml loaded successfully]
[2024-10-17 21:27:08,738: INFO: common: yaml file: C:\Users\Ann Mary\Desktop\chestmlops\Chest-Cancer-Detection-using-MLOps1\src\ChestCancerClassifier\params.yaml loaded successfully]
[2024-10-17 21:27:08,745: INFO: common: created directory at: artifacts]
[2024-10-17 21:27:08,745: INFO: common: created directory at: artifacts/data_ingestion]
[2024-10-17 21:27:08,752: INFO: 3067872276: Downloading data from https://drive.google.com/file/d/1UhWvZJJVac5jk2BewN5oKeHxjXdNGDSX/view?usp=sharing into file artifacts/data_ingestion/data.zip]
[2024-10-17 21:27:10,553: INFO: 3067872276: Downloaded data from https://drive.google.com/file/d/1UhWvZJJVac5jk2BewN5oKeHxjXdNGDSX/view?usp=sharing into file artifacts/data_ingestion/data.zip]
[2024-10-17 21:27:10,917: ERROR: 3067872276: Error occurred during file extraction: File is not a zip file]
[2024-10-17 21:31:14,034: INFO: common: yaml file: C:\Users\Ann Mary\Desktop\chestmlops\Chest-Cancer-Detection-using-MLOps1\src\ChestCancerClassifier\config\config.yaml loaded successfully]
[2024-10-17 21:31:14,042: INFO: common: yaml file: C:\Users\Ann Mary\Desktop\chestmlops\Chest-Cancer-Detection-using-MLOps1\src\ChestCancerClassifier\params.yaml loaded successfully]
[2024-10-17 21:31:14,042: INFO: common: created directory at: artifacts]
[2024-10-17 21:31:14,042: INFO: common: created directory at: artifacts/data_ingestion]
[2024-10-17 21:31:14,042: INFO: 3067872276: Downloading data from https://drive.google.com/file/d/1UhWvZJJVac5jk2BewN5oKeHxjXdNGDSX/view?usp=sharing into file artifacts/data_ingestion/data.zip]
[2024-10-17 21:31:15,447: INFO: 3067872276: Downloaded data from https://drive.google.com/file/d/1UhWvZJJVac5jk2BewN5oKeHxjXdNGDSX/view?usp=sharing into file artifacts/data_ingestion/data.zip]
[2024-10-17 21:31:15,744: ERROR: 3067872276: Error occurred during file extraction: File is not a zip file]
[2024-10-17 21:31:22,928: INFO: common: yaml file: C:\Users\Ann Mary\Desktop\chestmlops\Chest-Cancer-Detection-using-MLOps1\src\ChestCancerClassifier\config\config.yaml loaded successfully]
[2024-10-17 21:31:22,935: INFO: common: yaml file: C:\Users\Ann Mary\Desktop\chestmlops\Chest-Cancer-Detection-using-MLOps1\src\ChestCancerClassifier\params.yaml loaded successfully]
[2024-10-17 21:31:22,935: INFO: common: created directory at: artifacts]
[2024-10-17 21:31:22,940: INFO: common: created directory at: artifacts/data_ingestion]
[2024-10-17 21:31:22,942: INFO: 3067872276: Downloading data from https://drive.google.com/file/d/1UhWvZJJVac5jk2BewN5oKeHxjXdNGDSX/view?usp=sharing into file artifacts/data_ingestion/data.zip]
[2024-10-17 21:31:34,755: INFO: 3067872276: Downloaded data from https://drive.google.com/file/d/1UhWvZJJVac5jk2BewN5oKeHxjXdNGDSX/view?usp=sharing into file artifacts/data_ingestion/data.zip]
[2024-10-17 21:31:35,103: ERROR: 3067872276: Error occurred during file extraction: File is not a zip file]
[2024-10-17 21:33:20,768: INFO: common: yaml file: C:\Users\Ann Mary\Desktop\chestmlops\Chest-Cancer-Detection-using-MLOps1\src\ChestCancerClassifier\config\config.yaml loaded successfully]
[2024-10-17 21:33:20,775: INFO: common: yaml file: C:\Users\Ann Mary\Desktop\chestmlops\Chest-Cancer-Detection-using-MLOps1\src\ChestCancerClassifier\params.yaml loaded successfully]
[2024-10-17 21:33:20,779: INFO: common: created directory at: artifacts]
[2024-10-17 21:33:20,781: INFO: common: created directory at: artifacts/data_ingestion]
[2024-10-17 21:33:20,781: INFO: 4051216940: Downloading data from https://drive.google.com/file/d/1UhWvZJJVac5jk2BewN5oKeHxjXdNGDSX/view?usp=sharing into file artifacts/data_ingestion/data.zip]
[2024-10-17 21:47:36,106: INFO: 4051216940: Downloaded data from https://drive.google.com/file/d/1UhWvZJJVac5jk2BewN5oKeHxjXdNGDSX/view?usp=sharing into file artifacts/data_ingestion/data.zip]
[2024-10-18 00:36:14,436: INFO: stage_01_data_ingestion: >>>>>> stage Data Ingestion stage started <<<<<<]
[2024-10-18 00:36:14,454: INFO: common: yaml file: C:\Users\Ann Mary\Desktop\chestmlops\Chest-Cancer-Detection-using-MLOps1\src\ChestCancerClassifier\config\config.yaml loaded successfully]
[2024-10-18 00:36:14,470: INFO: common: yaml file: C:\Users\Ann Mary\Desktop\chestmlops\Chest-Cancer-Detection-using-MLOps1\src\ChestCancerClassifier\params.yaml loaded successfully]
[2024-10-18 00:36:14,472: INFO: common: created directory at: artifacts]
[2024-10-18 00:36:14,473: INFO: common: created directory at: artifacts/data_ingestion]
[2024-10-18 00:36:14,474: INFO: data_ingestion: Downloading data from https://drive.google.com/file/d/1UhWvZJJVac5jk2BewN5oKeHxjXdNGDSX/view?usp=sharing into file artifacts/data_ingestion/data.zip]
[2024-10-18 00:41:07,332: INFO: data_ingestion: Downloaded data from https://drive.google.com/file/d/1UhWvZJJVac5jk2BewN5oKeHxjXdNGDSX/view?usp=sharing into file artifacts/data_ingestion/data.zip]
[2024-10-18 00:41:20,554: INFO: stage_01_data_ingestion: >>>>>> stage Data Ingestion stage completed <<<<<<

x==========x]
[2024-10-18 00:46:48,653: INFO: stage_01_data_ingestion: >>>>>> stage Data Ingestion stage started <<<<<<]
[2024-10-18 00:46:48,673: INFO: common: yaml file: C:\Users\Ann Mary\Desktop\chestmlops\Chest-Cancer-Detection-using-MLOps1\src\ChestCancerClassifier\config\config.yaml loaded successfully]
[2024-10-18 00:46:48,679: INFO: common: yaml file: C:\Users\Ann Mary\Desktop\chestmlops\Chest-Cancer-Detection-using-MLOps1\src\ChestCancerClassifier\params.yaml loaded successfully]
[2024-10-18 00:46:48,679: INFO: common: created directory at: artifacts]
[2024-10-18 00:46:48,679: INFO: common: created directory at: artifacts/data_ingestion]
[2024-10-18 00:46:48,679: INFO: data_ingestion: Downloading data from https://drive.google.com/file/d/1syDDFBYKcKVCutlEcQ9zMuHxd0wOgsQt/view?usp=sharing into file artifacts/data_ingestion/data.zip]
[2024-10-18 00:46:57,754: INFO: data_ingestion: Downloaded data from https://drive.google.com/file/d/1syDDFBYKcKVCutlEcQ9zMuHxd0wOgsQt/view?usp=sharing into file artifacts/data_ingestion/data.zip]
[2024-10-18 00:46:58,366: INFO: stage_01_data_ingestion: >>>>>> stage Data Ingestion stage completed <<<<<<

x==========x]
[2024-10-18 00:51:02,555: INFO: stage_01_data_ingestion: >>>>>> stage Data Ingestion stage started <<<<<<]
[2024-10-18 00:51:02,555: INFO: common: yaml file: C:\Users\Ann Mary\Desktop\chestmlops\Chest-Cancer-Detection-using-MLOps1\src\ChestCancerClassifier\config\config.yaml loaded successfully]
[2024-10-18 00:51:02,569: INFO: common: yaml file: C:\Users\Ann Mary\Desktop\chestmlops\Chest-Cancer-Detection-using-MLOps1\src\ChestCancerClassifier\params.yaml loaded successfully]
[2024-10-18 00:51:02,569: INFO: common: created directory at: artifacts]
[2024-10-18 00:51:02,569: INFO: common: created directory at: artifacts/data_ingestion]
[2024-10-18 00:51:02,569: INFO: data_ingestion: Downloading data from https://drive.google.com/file/d/1syDDFBYKcKVCutlEcQ9zMuHxd0wOgsQt/view?usp=sharing into file artifacts/data_ingestion/data.zip]
[2024-10-18 00:51:11,078: INFO: data_ingestion: Downloaded data from https://drive.google.com/file/d/1syDDFBYKcKVCutlEcQ9zMuHxd0wOgsQt/view?usp=sharing into file artifacts/data_ingestion/data.zip]
[2024-10-18 00:51:11,614: INFO: stage_01_data_ingestion: >>>>>> stage Data Ingestion stage completed <<<<<<

x==========x]
[2024-10-18 00:52:47,862: INFO: stage_01_data_ingestion: >>>>>> stage Data Ingestion stage started <<<<<<]
[2024-10-18 00:52:47,862: INFO: common: yaml file: C:\Users\Ann Mary\Desktop\chestmlops\Chest-Cancer-Detection-using-MLOps1\src\ChestCancerClassifier\config\config.yaml loaded successfully]
[2024-10-18 00:52:47,862: INFO: common: yaml file: C:\Users\Ann Mary\Desktop\chestmlops\Chest-Cancer-Detection-using-MLOps1\src\ChestCancerClassifier\params.yaml loaded successfully]
[2024-10-18 00:52:47,862: INFO: common: created directory at: artifacts]
[2024-10-18 00:52:47,862: INFO: common: created directory at: artifacts/data_ingestion]
[2024-10-18 00:52:47,862: INFO: data_ingestion: Downloading data from https://drive.google.com/file/d/1syDDFBYKcKVCutlEcQ9zMuHxd0wOgsQt/view?usp=sharing into file artifacts/data_ingestion/data.zip]
[2024-10-18 00:52:55,466: INFO: data_ingestion: Downloaded data from https://drive.google.com/file/d/1syDDFBYKcKVCutlEcQ9zMuHxd0wOgsQt/view?usp=sharing into file artifacts/data_ingestion/data.zip]
[2024-10-18 00:52:56,052: INFO: stage_01_data_ingestion: >>>>>> stage Data Ingestion stage completed <<<<<<

x==========x]
[2024-10-18 01:24:32,767: INFO: stage_02_prepare_base_model: *******************]
[2024-10-18 01:24:32,767: INFO: stage_02_prepare_base_model: >>>>>> stage Prepare base model started <<<<<<]
[2024-10-18 01:24:32,772: INFO: common: yaml file: C:\Users\Ann Mary\Desktop\chestmlops\Chest-Cancer-Detection-using-MLOps1\src\ChestCancerClassifier\config\config.yaml loaded successfully]
[2024-10-18 01:24:32,779: INFO: common: yaml file: C:\Users\Ann Mary\Desktop\chestmlops\Chest-Cancer-Detection-using-MLOps1\src\ChestCancerClassifier\params.yaml loaded successfully]
[2024-10-18 01:24:32,780: INFO: common: created directory at: artifacts]
[2024-10-18 01:24:32,780: INFO: common: created directory at: artifacts/prepare_base_model]
[2024-10-18 01:24:33,586: WARNING: saving_utils: Compiled the loaded model, but the compiled metrics have yet to be built. `model.compile_metrics` will be empty until you train or evaluate the model.]
[2024-10-18 01:24:34,357: INFO: stage_02_prepare_base_model: >>>>>> stage Prepare base model completed <<<<<<

x==========x]
[2024-10-18 14:33:38,351: INFO: stage_03_model_trainer: *******************]
[2024-10-18 14:33:38,351: INFO: stage_03_model_trainer: >>>>>> stage Training started <<<<<<]
[2024-10-18 14:33:38,361: INFO: common: yaml file: C:\Users\Ann Mary\Desktop\chestmlops\Chest-Cancer-Detection-using-MLOps1\src\ChestCancerClassifier\config\config.yaml loaded successfully]
[2024-10-18 14:33:38,369: INFO: common: yaml file: C:\Users\Ann Mary\Desktop\chestmlops\Chest-Cancer-Detection-using-MLOps1\src\ChestCancerClassifier\params.yaml loaded successfully]
[2024-10-18 14:33:38,377: INFO: common: created directory at: artifacts]
[2024-10-18 14:33:38,377: INFO: common: created directory at: artifacts\training]
[2024-10-18 14:33:39,071: ERROR: stage_03_model_trainer: Could not import PIL.Image. The use of `load_img` requires PIL.]
Traceback (most recent call last):
  File "c:/Users/Ann Mary/Desktop/chestmlops/Chest-Cancer-Detection-using-MLOps1/src/ChestCancerClassifier/pipeline/stage_03_model_trainer.py", line 36, in <module>
    obj.main()
  File "c:/Users/Ann Mary/Desktop/chestmlops/Chest-Cancer-Detection-using-MLOps1/src/ChestCancerClassifier/pipeline/stage_03_model_trainer.py", line 27, in main
    training.train()
  File "c:\Users\Ann Mary\Desktop\chestmlops\Chest-Cancer-Detection-using-MLOps1\src\ChestCancerClassifier\components\model_trainer.py", line 75, in train
    self.model.fit(
  File "C:\Users\Ann Mary\Desktop\chestmlops\Chest-Cancer-Detection-using-MLOps1\venv\lib\site-packages\keras\utils\traceback_utils.py", line 70, in error_handler
    raise e.with_traceback(filtered_tb) from None
  File "C:\Users\Ann Mary\Desktop\chestmlops\Chest-Cancer-Detection-using-MLOps1\venv\lib\site-packages\keras\utils\image_utils.py", line 414, in load_img
    raise ImportError(
ImportError: Could not import PIL.Image. The use of `load_img` requires PIL.
[2024-10-18 14:33:59,178: INFO: stage_03_model_trainer: *******************]
[2024-10-18 14:33:59,178: INFO: stage_03_model_trainer: >>>>>> stage Training started <<<<<<]
[2024-10-18 14:33:59,178: INFO: common: yaml file: C:\Users\Ann Mary\Desktop\chestmlops\Chest-Cancer-Detection-using-MLOps1\src\ChestCancerClassifier\config\config.yaml loaded successfully]
[2024-10-18 14:33:59,178: INFO: common: yaml file: C:\Users\Ann Mary\Desktop\chestmlops\Chest-Cancer-Detection-using-MLOps1\src\ChestCancerClassifier\params.yaml loaded successfully]
[2024-10-18 14:33:59,178: INFO: common: created directory at: artifacts]
[2024-10-18 14:33:59,178: INFO: common: created directory at: artifacts\training]
[2024-10-18 14:33:59,747: ERROR: stage_03_model_trainer: Could not import PIL.Image. The use of `load_img` requires PIL.]
Traceback (most recent call last):
  File "src/ChestCancerClassifier/pipeline/stage_03_model_trainer.py", line 36, in <module>
    obj.main()
  File "src/ChestCancerClassifier/pipeline/stage_03_model_trainer.py", line 27, in main
    training.train()
  File "C:\Users\Ann Mary\Desktop\chestmlops\Chest-Cancer-Detection-using-MLOps1\src\ChestCancerClassifier\components\model_trainer.py", line 75, in train
    self.model.fit(
  File "c:\Users\Ann Mary\Desktop\chestmlops\Chest-Cancer-Detection-using-MLOps1\venv\lib\site-packages\keras\utils\traceback_utils.py", line 70, in error_handler
    raise e.with_traceback(filtered_tb) from None
  File "c:\Users\Ann Mary\Desktop\chestmlops\Chest-Cancer-Detection-using-MLOps1\venv\lib\site-packages\keras\utils\image_utils.py", line 414, in load_img
    raise ImportError(
ImportError: Could not import PIL.Image. The use of `load_img` requires PIL.
[2024-10-18 14:35:31,486: INFO: stage_03_model_trainer: *******************]
[2024-10-18 14:35:31,486: INFO: stage_03_model_trainer: >>>>>> stage Training started <<<<<<]
[2024-10-18 14:35:31,486: INFO: common: yaml file: C:\Users\Ann Mary\Desktop\chestmlops\Chest-Cancer-Detection-using-MLOps1\src\ChestCancerClassifier\config\config.yaml loaded successfully]
[2024-10-18 14:35:31,486: INFO: common: yaml file: C:\Users\Ann Mary\Desktop\chestmlops\Chest-Cancer-Detection-using-MLOps1\src\ChestCancerClassifier\params.yaml loaded successfully]
[2024-10-18 14:35:31,494: INFO: common: created directory at: artifacts]
[2024-10-18 14:35:31,494: INFO: common: created directory at: artifacts\training]
[2024-10-18 14:37:44,358: INFO: stage_03_model_trainer: >>>>>> stage Training completed <<<<<<

x==========x]
[2024-10-18 14:44:08,902: INFO: stage_04_model_evaluation: *******************]
[2024-10-18 14:44:08,902: INFO: stage_04_model_evaluation: >>>>>> stage Evaluation stage started <<<<<<]
[2024-10-18 14:44:08,902: INFO: common: yaml file: C:\Users\Ann Mary\Desktop\chestmlops\Chest-Cancer-Detection-using-MLOps1\src\ChestCancerClassifier\config\config.yaml loaded successfully]
[2024-10-18 14:44:08,918: INFO: common: yaml file: C:\Users\Ann Mary\Desktop\chestmlops\Chest-Cancer-Detection-using-MLOps1\src\ChestCancerClassifier\params.yaml loaded successfully]
[2024-10-18 14:44:08,918: INFO: common: created directory at: artifacts]
[2024-10-18 14:44:29,353: INFO: common: json file saved at: scores.json]
[2024-10-18 14:44:29,353: INFO: common: json file saved at: scores.json]
[2024-10-18 14:44:29,359: INFO: stage_04_model_evaluation: >>>>>> stage Evaluation stage completed <<<<<<

x==========x]
[2024-10-18 14:50:26,884: INFO: stage_03_model_trainer: *******************]
[2024-10-18 14:50:26,884: INFO: stage_03_model_trainer: >>>>>> stage Training started <<<<<<]
[2024-10-18 14:50:26,884: INFO: common: yaml file: C:\Users\Ann Mary\Desktop\chestmlops\Chest-Cancer-Detection-using-MLOps1\src\ChestCancerClassifier\config\config.yaml loaded successfully]
[2024-10-18 14:50:26,884: INFO: common: yaml file: C:\Users\Ann Mary\Desktop\chestmlops\Chest-Cancer-Detection-using-MLOps1\src\ChestCancerClassifier\params.yaml loaded successfully]
[2024-10-18 14:50:26,884: INFO: common: created directory at: artifacts]
[2024-10-18 14:50:26,884: INFO: common: created directory at: artifacts\training]
[2024-10-19 11:47:22,362: INFO: stage_03_model_trainer: >>>>>> stage Training completed <<<<<<

x==========x]
[2024-10-19 11:47:38,931: INFO: stage_04_model_evaluation: *******************]
[2024-10-19 11:47:38,931: INFO: stage_04_model_evaluation: >>>>>> stage Evaluation stage started <<<<<<]
[2024-10-19 11:47:38,958: INFO: common: yaml file: C:\Users\Ann Mary\Desktop\chestmlops\Chest-Cancer-Detection-using-MLOps1\src\ChestCancerClassifier\config\config.yaml loaded successfully]
[2024-10-19 11:47:38,966: INFO: common: yaml file: C:\Users\Ann Mary\Desktop\chestmlops\Chest-Cancer-Detection-using-MLOps1\src\ChestCancerClassifier\params.yaml loaded successfully]
[2024-10-19 11:47:38,966: INFO: common: created directory at: artifacts]
[2024-10-19 11:48:00,355: INFO: common: json file saved at: scores.json]
[2024-10-19 11:48:00,355: INFO: common: json file saved at: scores.json]
[2024-10-19 11:48:00,364: INFO: stage_04_model_evaluation: >>>>>> stage Evaluation stage completed <<<<<<

x==========x]
[2024-10-19 15:10:57,020: INFO: utils: Note: NumExpr detected 12 cores but "NUMEXPR_MAX_THREADS" not set, so enforcing safe limit of 8.]
[2024-10-19 15:10:57,023: INFO: utils: NumExpr defaulting to 8 threads.]
[2024-10-19 15:11:00,219: INFO: common: yaml file: C:\Users\Ann Mary\Desktop\chestmlops\Chest-Cancer-Detection-using-MLOps1\src\ChestCancerClassifier\config\config.yaml loaded successfully]
[2024-10-19 15:11:00,224: INFO: common: yaml file: C:\Users\Ann Mary\Desktop\chestmlops\Chest-Cancer-Detection-using-MLOps1\src\ChestCancerClassifier\params.yaml loaded successfully]
[2024-10-19 15:11:00,224: INFO: common: created directory at: artifacts]
[2024-10-19 15:11:00,224: INFO: common: created directory at: artifacts\training]
[2024-10-19 15:19:51,215: INFO: common: yaml file: C:\Users\Ann Mary\Desktop\chestmlops\Chest-Cancer-Detection-using-MLOps1\src\ChestCancerClassifier\config\config.yaml loaded successfully]
[2024-10-19 15:19:51,220: INFO: common: yaml file: C:\Users\Ann Mary\Desktop\chestmlops\Chest-Cancer-Detection-using-MLOps1\src\ChestCancerClassifier\params.yaml loaded successfully]
[2024-10-19 15:19:51,224: INFO: common: created directory at: artifacts]
[2024-10-19 15:19:51,232: INFO: common: created directory at: artifacts\training]
[2024-10-19 15:20:49,678: INFO: common: yaml file: C:\Users\Ann Mary\Desktop\chestmlops\Chest-Cancer-Detection-using-MLOps1\src\ChestCancerClassifier\config\config.yaml loaded successfully]
[2024-10-19 15:20:49,678: INFO: common: yaml file: C:\Users\Ann Mary\Desktop\chestmlops\Chest-Cancer-Detection-using-MLOps1\src\ChestCancerClassifier\params.yaml loaded successfully]
[2024-10-19 15:20:49,678: INFO: common: created directory at: artifacts]
[2024-10-19 15:20:49,687: INFO: common: created directory at: artifacts\training]
[2024-10-19 15:44:06,802: INFO: common: yaml file: C:\Users\Ann Mary\Desktop\chestmlops\Chest-Cancer-Detection-using-MLOps1\src\ChestCancerClassifier\config\config.yaml loaded successfully]
[2024-10-19 15:44:06,808: INFO: common: yaml file: C:\Users\Ann Mary\Desktop\chestmlops\Chest-Cancer-Detection-using-MLOps1\src\ChestCancerClassifier\params.yaml loaded successfully]
[2024-10-19 15:44:06,813: INFO: common: created directory at: artifacts]
[2024-10-19 15:44:06,813: INFO: common: created directory at: artifacts\training]
[2024-10-19 15:50:27,637: INFO: common: yaml file: C:\Users\Ann Mary\Desktop\chestmlops\Chest-Cancer-Detection-using-MLOps1\src\ChestCancerClassifier\config\config.yaml loaded successfully]
[2024-10-19 15:50:27,643: INFO: common: yaml file: C:\Users\Ann Mary\Desktop\chestmlops\Chest-Cancer-Detection-using-MLOps1\src\ChestCancerClassifier\params.yaml loaded successfully]
[2024-10-19 15:50:27,645: INFO: common: created directory at: artifacts]
[2024-10-19 15:50:27,645: INFO: common: created directory at: artifacts\training]
[2024-10-21 14:47:46,575: INFO: utils: Note: NumExpr detected 12 cores but "NUMEXPR_MAX_THREADS" not set, so enforcing safe limit of 8.]
[2024-10-21 14:47:46,575: INFO: utils: NumExpr defaulting to 8 threads.]
[2024-10-21 14:47:49,360: INFO: common: yaml file: C:\Users\Ann Mary\Desktop\chestmlops\Chest-Cancer-Detection-using-MLOps1\src\ChestCancerClassifier\config\config.yaml loaded successfully]
[2024-10-21 14:47:49,386: INFO: common: yaml file: C:\Users\Ann Mary\Desktop\chestmlops\Chest-Cancer-Detection-using-MLOps1\src\ChestCancerClassifier\params.yaml loaded successfully]
[2024-10-21 14:47:49,386: INFO: common: created directory at: artifacts]
[2024-10-21 14:47:49,392: INFO: common: created directory at: artifacts\training]
[2024-10-21 14:49:45,480: INFO: common: yaml file: C:\Users\Ann Mary\Desktop\chestmlops\Chest-Cancer-Detection-using-MLOps1\src\ChestCancerClassifier\config\config.yaml loaded successfully]
[2024-10-21 14:49:45,480: INFO: common: yaml file: C:\Users\Ann Mary\Desktop\chestmlops\Chest-Cancer-Detection-using-MLOps1\src\ChestCancerClassifier\params.yaml loaded successfully]
[2024-10-21 14:49:45,499: INFO: common: created directory at: artifacts]
[2024-10-21 14:49:45,501: INFO: common: created directory at: artifacts/data_ingestion]
[2024-10-21 14:49:45,501: INFO: 4051216940: Downloading data from https://drive.google.com/file/d/1syDDFBYKcKVCutlEcQ9zMuHxd0wOgsQt/view?usp=sharing into file artifacts/data_ingestion/data.zip]
[2024-10-21 14:49:58,662: INFO: 4051216940: Downloaded data from https://drive.google.com/file/d/1syDDFBYKcKVCutlEcQ9zMuHxd0wOgsQt/view?usp=sharing into file artifacts/data_ingestion/data.zip]
[2024-10-21 14:52:53,204: INFO: stage_02_prepare_base_model: *******************]
[2024-10-21 14:52:53,204: INFO: stage_02_prepare_base_model: >>>>>> stage Prepare base model started <<<<<<]
[2024-10-21 14:52:53,204: INFO: common: yaml file: C:\Users\Ann Mary\Desktop\chestmlops\Chest-Cancer-Detection-using-MLOps1\src\ChestCancerClassifier\config\config.yaml loaded successfully]
[2024-10-21 14:52:53,204: INFO: common: yaml file: C:\Users\Ann Mary\Desktop\chestmlops\Chest-Cancer-Detection-using-MLOps1\src\ChestCancerClassifier\params.yaml loaded successfully]
[2024-10-21 14:52:53,204: INFO: common: created directory at: artifacts]
[2024-10-21 14:52:53,221: INFO: common: created directory at: artifacts/prepare_base_model]
[2024-10-21 14:52:54,035: WARNING: saving_utils: Compiled the loaded model, but the compiled metrics have yet to be built. `model.compile_metrics` will be empty until you train or evaluate the model.]
[2024-10-21 14:52:54,972: INFO: stage_02_prepare_base_model: >>>>>> stage Prepare base model completed <<<<<<

x==========x]
[2024-10-21 14:53:03,541: INFO: stage_03_model_trainer: *******************]
[2024-10-21 14:53:03,541: INFO: stage_03_model_trainer: >>>>>> stage Training started <<<<<<]
[2024-10-21 14:53:03,554: INFO: common: yaml file: C:\Users\Ann Mary\Desktop\chestmlops\Chest-Cancer-Detection-using-MLOps1\src\ChestCancerClassifier\config\config.yaml loaded successfully]
[2024-10-21 14:53:03,559: INFO: common: yaml file: C:\Users\Ann Mary\Desktop\chestmlops\Chest-Cancer-Detection-using-MLOps1\src\ChestCancerClassifier\params.yaml loaded successfully]
[2024-10-21 14:53:03,559: INFO: common: created directory at: artifacts]
[2024-10-21 14:53:03,562: INFO: common: created directory at: artifacts\training]
[2024-10-22 12:16:39,666: INFO: utils: Note: NumExpr detected 12 cores but "NUMEXPR_MAX_THREADS" not set, so enforcing safe limit of 8.]
[2024-10-22 12:16:39,666: INFO: utils: NumExpr defaulting to 8 threads.]
[2024-10-22 12:16:40,795: INFO: stage_03_model_trainer: *******************]
[2024-10-22 12:16:40,795: INFO: stage_03_model_trainer: >>>>>> stage Training started <<<<<<]
[2024-10-22 12:16:40,795: INFO: common: yaml file: C:\Users\Ann Mary\Desktop\chestmlops\Chest-Cancer-Detection-using-MLOps1\src\ChestCancerClassifier\config\config.yaml loaded successfully]
[2024-10-22 12:16:40,826: INFO: common: yaml file: C:\Users\Ann Mary\Desktop\chestmlops\Chest-Cancer-Detection-using-MLOps1\src\ChestCancerClassifier\params.yaml loaded successfully]
[2024-10-22 12:16:40,826: INFO: common: created directory at: artifacts]
[2024-10-22 12:16:40,826: INFO: common: created directory at: artifacts\training]
[2024-10-22 12:22:08,225: INFO: stage_03_model_trainer: >>>>>> stage Training completed <<<<<<

x==========x]
[2024-10-22 12:22:16,440: INFO: utils: Note: NumExpr detected 12 cores but "NUMEXPR_MAX_THREADS" not set, so enforcing safe limit of 8.]
[2024-10-22 12:22:16,440: INFO: utils: NumExpr defaulting to 8 threads.]
[2024-10-22 12:22:18,594: INFO: stage_04_model_evaluation: *******************]
[2024-10-22 12:22:18,595: INFO: stage_04_model_evaluation: >>>>>> stage Evaluation stage started <<<<<<]
[2024-10-22 12:22:18,597: INFO: common: yaml file: C:\Users\Ann Mary\Desktop\chestmlops\Chest-Cancer-Detection-using-MLOps1\src\ChestCancerClassifier\config\config.yaml loaded successfully]
[2024-10-22 12:22:18,597: INFO: common: yaml file: C:\Users\Ann Mary\Desktop\chestmlops\Chest-Cancer-Detection-using-MLOps1\src\ChestCancerClassifier\params.yaml loaded successfully]
[2024-10-22 12:22:18,597: INFO: common: created directory at: artifacts]
[2024-10-22 12:22:39,930: INFO: common: json file saved at: scores.json]
[2024-10-22 12:22:39,930: INFO: common: json file saved at: scores.json]
[2024-10-22 12:22:39,930: INFO: stage_04_model_evaluation: >>>>>> stage Evaluation stage completed <<<<<<

x==========x]
[2024-10-22 23:36:48,897: INFO: utils: Note: NumExpr detected 12 cores but "NUMEXPR_MAX_THREADS" not set, so enforcing safe limit of 8.]
[2024-10-22 23:36:48,897: INFO: utils: NumExpr defaulting to 8 threads.]
[2024-10-22 23:36:49,917: INFO: stage_03_model_trainer: *******************]
[2024-10-22 23:36:49,917: INFO: stage_03_model_trainer: >>>>>> stage Training started <<<<<<]
[2024-10-22 23:36:49,917: INFO: common: yaml file: C:\Users\Ann Mary\Desktop\chestmlops\Chest-Cancer-Detection-using-MLOps1\src\ChestCancerClassifier\config\config.yaml loaded successfully]
[2024-10-22 23:36:49,959: INFO: common: yaml file: C:\Users\Ann Mary\Desktop\chestmlops\Chest-Cancer-Detection-using-MLOps1\src\ChestCancerClassifier\params.yaml loaded successfully]
[2024-10-22 23:36:49,959: INFO: common: created directory at: artifacts]
[2024-10-22 23:36:49,959: INFO: common: created directory at: artifacts\training]
[2024-10-22 23:42:12,215: INFO: stage_03_model_trainer: >>>>>> stage Training completed <<<<<<

x==========x]
[2024-10-22 23:42:19,028: INFO: utils: Note: NumExpr detected 12 cores but "NUMEXPR_MAX_THREADS" not set, so enforcing safe limit of 8.]
[2024-10-22 23:42:19,028: INFO: utils: NumExpr defaulting to 8 threads.]
[2024-10-22 23:42:21,409: INFO: stage_04_model_evaluation: *******************]
[2024-10-22 23:42:21,409: INFO: stage_04_model_evaluation: >>>>>> stage Evaluation stage started <<<<<<]
[2024-10-22 23:42:21,409: INFO: common: yaml file: C:\Users\Ann Mary\Desktop\chestmlops\Chest-Cancer-Detection-using-MLOps1\src\ChestCancerClassifier\config\config.yaml loaded successfully]
[2024-10-22 23:42:21,409: INFO: common: yaml file: C:\Users\Ann Mary\Desktop\chestmlops\Chest-Cancer-Detection-using-MLOps1\src\ChestCancerClassifier\params.yaml loaded successfully]
[2024-10-22 23:42:21,409: INFO: common: created directory at: artifacts]
[2024-10-22 23:42:43,771: INFO: common: json file saved at: scores.json]
[2024-10-22 23:42:43,771: INFO: common: json file saved at: scores.json]
[2024-10-22 23:42:43,771: INFO: stage_04_model_evaluation: >>>>>> stage Evaluation stage completed <<<<<<

x==========x]
[2024-10-23 09:47:35,721: INFO: utils: Note: NumExpr detected 12 cores but "NUMEXPR_MAX_THREADS" not set, so enforcing safe limit of 8.]
[2024-10-23 09:47:35,721: INFO: utils: NumExpr defaulting to 8 threads.]
[2024-10-23 09:47:36,885: INFO: _internal: [31m[1mWARNING: This is a development server. Do not use it in a production deployment. Use a production WSGI server instead.[0m
 * Running on all addresses (0.0.0.0)
 * Running on http://127.0.0.1:8080
 * Running on http://172.16.227.13:8080]
[2024-10-23 09:47:36,885: INFO: _internal: [33mPress CTRL+C to quit[0m]
[2024-10-23 09:47:49,618: INFO: _internal: 127.0.0.1 - - [23/Oct/2024 09:47:49] "GET / HTTP/1.1" 200 -]
[2024-10-23 09:47:50,282: INFO: _internal: 127.0.0.1 - - [23/Oct/2024 09:47:50] "[33mGET /favicon.ico HTTP/1.1[0m" 404 -]
[2024-10-23 09:47:54,396: ERROR: app: Exception on /predict [POST]]
Traceback (most recent call last):
  File "C:\Users\Ann Mary\miniconda3\envs\mxry\lib\site-packages\flask\app.py", line 2190, in wsgi_app
    response = self.full_dispatch_request()
  File "C:\Users\Ann Mary\miniconda3\envs\mxry\lib\site-packages\flask\app.py", line 1486, in full_dispatch_request
    rv = self.handle_user_exception(e)
  File "C:\Users\Ann Mary\miniconda3\envs\mxry\lib\site-packages\flask_cors\extension.py", line 194, in wrapped_function
    return cors_after_request(app.make_response(f(*args, **kwargs)))
  File "C:\Users\Ann Mary\miniconda3\envs\mxry\lib\site-packages\flask\app.py", line 1484, in full_dispatch_request
    rv = self.dispatch_request()
  File "C:\Users\Ann Mary\miniconda3\envs\mxry\lib\site-packages\flask\app.py", line 1469, in dispatch_request
    return self.ensure_sync(self.view_functions[rule.endpoint])(**view_args)
  File "C:\Users\Ann Mary\miniconda3\envs\mxry\lib\site-packages\flask_cors\decorator.py", line 130, in wrapped_function
    resp = make_response(f(*args, **kwargs))
  File "app.py", line 67, in predictRoute
    result = clApp.classifier.predict()
  File "c:\users\ann mary\desktop\chestmlops\chest-cancer-detection-using-mlops1\src\ChestCancerClassifier\pipeline\prediction.py", line 21, in predict
    test_image = image.load_img(imagename, target_size = (224,224))
  File "C:\Users\Ann Mary\miniconda3\envs\mxry\lib\site-packages\keras\utils\image_utils.py", line 423, in load_img
    img = pil_image.open(io.BytesIO(f.read()))
  File "C:\Users\Ann Mary\miniconda3\envs\mxry\lib\site-packages\PIL\Image.py", line 3339, in open
    raise UnidentifiedImageError(msg)
PIL.UnidentifiedImageError: cannot identify image file <_io.BytesIO object at 0x00000251E689BF40>
[2024-10-23 09:47:54,407: INFO: _internal: 127.0.0.1 - - [23/Oct/2024 09:47:54] "[35m[1mPOST /predict HTTP/1.1[0m" 500 -]
[2024-10-23 09:48:31,372: INFO: utils: Note: NumExpr detected 12 cores but "NUMEXPR_MAX_THREADS" not set, so enforcing safe limit of 8.]
[2024-10-23 09:48:31,372: INFO: utils: NumExpr defaulting to 8 threads.]
[2024-10-23 09:48:31,796: INFO: _internal: [31m[1mWARNING: This is a development server. Do not use it in a production deployment. Use a production WSGI server instead.[0m
 * Running on all addresses (0.0.0.0)
 * Running on http://127.0.0.1:8080
 * Running on http://172.16.227.13:8080]
[2024-10-23 09:48:31,796: INFO: _internal: [33mPress CTRL+C to quit[0m]
[2024-10-23 09:48:44,181: INFO: _internal: 127.0.0.1 - - [23/Oct/2024 09:48:44] "GET / HTTP/1.1" 200 -]
[2024-10-23 09:49:30,256: ERROR: app: Exception on /predict [POST]]
Traceback (most recent call last):
  File "C:\Users\Ann Mary\miniconda3\envs\mxry\lib\site-packages\flask\app.py", line 2190, in wsgi_app
    response = self.full_dispatch_request()
  File "C:\Users\Ann Mary\miniconda3\envs\mxry\lib\site-packages\flask\app.py", line 1486, in full_dispatch_request
    rv = self.handle_user_exception(e)
  File "C:\Users\Ann Mary\miniconda3\envs\mxry\lib\site-packages\flask_cors\extension.py", line 194, in wrapped_function
    return cors_after_request(app.make_response(f(*args, **kwargs)))
  File "C:\Users\Ann Mary\miniconda3\envs\mxry\lib\site-packages\flask\app.py", line 1484, in full_dispatch_request
    rv = self.dispatch_request()
  File "C:\Users\Ann Mary\miniconda3\envs\mxry\lib\site-packages\flask\app.py", line 1469, in dispatch_request
    return self.ensure_sync(self.view_functions[rule.endpoint])(**view_args)
  File "C:\Users\Ann Mary\miniconda3\envs\mxry\lib\site-packages\flask_cors\decorator.py", line 130, in wrapped_function
    resp = make_response(f(*args, **kwargs))
  File "app.py", line 68, in predictRoute
    predicted_class = result['predicted_class']
TypeError: list indices must be integers or slices, not str
[2024-10-23 09:49:30,257: INFO: _internal: 127.0.0.1 - - [23/Oct/2024 09:49:30] "[35m[1mPOST /predict HTTP/1.1[0m" 500 -]
[2024-10-23 10:05:25,656: INFO: utils: Note: NumExpr detected 12 cores but "NUMEXPR_MAX_THREADS" not set, so enforcing safe limit of 8.]
[2024-10-23 10:05:25,656: INFO: utils: NumExpr defaulting to 8 threads.]
[2024-10-23 10:05:26,611: INFO: _internal: [31m[1mWARNING: This is a development server. Do not use it in a production deployment. Use a production WSGI server instead.[0m
 * Running on all addresses (0.0.0.0)
 * Running on http://127.0.0.1:8080
 * Running on http://172.16.227.13:8080]
[2024-10-23 10:05:26,614: INFO: _internal: [33mPress CTRL+C to quit[0m]
[2024-10-23 10:05:40,383: INFO: _internal: 127.0.0.1 - - [23/Oct/2024 10:05:40] "GET / HTTP/1.1" 200 -]
[2024-10-23 10:05:52,315: ERROR: app: Exception on /predict [POST]]
Traceback (most recent call last):
  File "C:\Users\Ann Mary\miniconda3\envs\mxry\lib\site-packages\flask\app.py", line 2190, in wsgi_app
    response = self.full_dispatch_request()
  File "C:\Users\Ann Mary\miniconda3\envs\mxry\lib\site-packages\flask\app.py", line 1486, in full_dispatch_request
    rv = self.handle_user_exception(e)
  File "C:\Users\Ann Mary\miniconda3\envs\mxry\lib\site-packages\flask_cors\extension.py", line 194, in wrapped_function
    return cors_after_request(app.make_response(f(*args, **kwargs)))
  File "C:\Users\Ann Mary\miniconda3\envs\mxry\lib\site-packages\flask\app.py", line 1484, in full_dispatch_request
    rv = self.dispatch_request()
  File "C:\Users\Ann Mary\miniconda3\envs\mxry\lib\site-packages\flask\app.py", line 1469, in dispatch_request
    return self.ensure_sync(self.view_functions[rule.endpoint])(**view_args)
  File "C:\Users\Ann Mary\miniconda3\envs\mxry\lib\site-packages\flask_cors\decorator.py", line 130, in wrapped_function
    resp = make_response(f(*args, **kwargs))
  File "app.py", line 71, in predictRoute
    predicted_class = result['predicted_class']
TypeError: list indices must be integers or slices, not str
[2024-10-23 10:05:52,374: INFO: _internal: 127.0.0.1 - - [23/Oct/2024 10:05:52] "[35m[1mPOST /predict HTTP/1.1[0m" 500 -]
[2024-12-10 21:06:33,903: INFO: stage_01_data_ingestion: >>>>>> stage Data Ingestion stage started <<<<<<]
[2024-12-10 21:06:33,903: INFO: common: yaml file: C:\Users\Ann Mary\Desktop\chestmlops\Chest-Cancer-Detection-using-MLOps1\src\ChestCancerClassifier\config\config.yaml loaded successfully]
[2024-12-10 21:06:33,903: INFO: common: yaml file: C:\Users\Ann Mary\Desktop\chestmlops\Chest-Cancer-Detection-using-MLOps1\src\ChestCancerClassifier\params.yaml loaded successfully]
[2024-12-10 21:06:33,903: INFO: common: created directory at: artifacts]
[2024-12-10 21:06:33,903: INFO: common: created directory at: artifacts/data_ingestion]
[2024-12-10 21:06:33,914: INFO: data_ingestion: Downloading data from https://drive.google.com/file/d/1syDDFBYKcKVCutlEcQ9zMuHxd0wOgsQt/view?usp=sharing into file artifacts/data_ingestion/data.zip]
[2024-12-10 21:06:57,219: INFO: data_ingestion: Downloaded data from https://drive.google.com/file/d/1syDDFBYKcKVCutlEcQ9zMuHxd0wOgsQt/view?usp=sharing into file artifacts/data_ingestion/data.zip]
[2024-12-10 21:06:57,920: INFO: stage_01_data_ingestion: >>>>>> stage Data Ingestion stage completed <<<<<<

x==========x]
[2024-12-10 21:07:09,846: INFO: utils: Note: NumExpr detected 12 cores but "NUMEXPR_MAX_THREADS" not set, so enforcing safe limit of 8.]
[2024-12-10 21:07:09,846: INFO: utils: NumExpr defaulting to 8 threads.]
[2024-12-10 21:07:10,362: INFO: stage_02_prepare_base_model: *******************]
[2024-12-10 21:07:10,362: INFO: stage_02_prepare_base_model: >>>>>> stage Prepare base model started <<<<<<]
[2024-12-10 21:07:10,370: INFO: common: yaml file: C:\Users\Ann Mary\Desktop\chestmlops\Chest-Cancer-Detection-using-MLOps1\src\ChestCancerClassifier\config\config.yaml loaded successfully]
[2024-12-10 21:07:10,370: INFO: common: yaml file: C:\Users\Ann Mary\Desktop\chestmlops\Chest-Cancer-Detection-using-MLOps1\src\ChestCancerClassifier\params.yaml loaded successfully]
[2024-12-10 21:07:10,375: INFO: common: created directory at: artifacts]
[2024-12-10 21:07:10,377: INFO: common: created directory at: artifacts/prepare_base_model]
[2024-12-10 21:07:11,251: WARNING: saving_utils: Compiled the loaded model, but the compiled metrics have yet to be built. `model.compile_metrics` will be empty until you train or evaluate the model.]
[2024-12-10 21:07:11,648: INFO: stage_02_prepare_base_model: >>>>>> stage Prepare base model completed <<<<<<

x==========x]
[2024-12-10 21:07:16,368: INFO: utils: Note: NumExpr detected 12 cores but "NUMEXPR_MAX_THREADS" not set, so enforcing safe limit of 8.]
[2024-12-10 21:07:16,368: INFO: utils: NumExpr defaulting to 8 threads.]
[2024-12-10 21:07:16,857: INFO: stage_03_model_trainer: *******************]
[2024-12-10 21:07:16,857: INFO: stage_03_model_trainer: >>>>>> stage Training started <<<<<<]
[2024-12-10 21:07:16,873: INFO: common: yaml file: C:\Users\Ann Mary\Desktop\chestmlops\Chest-Cancer-Detection-using-MLOps1\src\ChestCancerClassifier\config\config.yaml loaded successfully]
[2024-12-10 21:07:16,873: INFO: common: yaml file: C:\Users\Ann Mary\Desktop\chestmlops\Chest-Cancer-Detection-using-MLOps1\src\ChestCancerClassifier\params.yaml loaded successfully]
[2024-12-10 21:07:16,873: INFO: common: created directory at: artifacts]
[2024-12-10 21:07:16,877: INFO: common: created directory at: artifacts\training]
[2024-12-10 21:12:34,722: INFO: stage_03_model_trainer: >>>>>> stage Training completed <<<<<<

x==========x]
[2024-12-10 21:12:40,447: INFO: utils: Note: NumExpr detected 12 cores but "NUMEXPR_MAX_THREADS" not set, so enforcing safe limit of 8.]
[2024-12-10 21:12:40,447: INFO: utils: NumExpr defaulting to 8 threads.]
[2024-12-10 21:12:42,711: INFO: stage_04_model_evaluation: *******************]
[2024-12-10 21:12:42,711: INFO: stage_04_model_evaluation: >>>>>> stage Evaluation stage started <<<<<<]
[2024-12-10 21:12:42,711: INFO: common: yaml file: C:\Users\Ann Mary\Desktop\chestmlops\Chest-Cancer-Detection-using-MLOps1\src\ChestCancerClassifier\config\config.yaml loaded successfully]
[2024-12-10 21:12:42,711: INFO: common: yaml file: C:\Users\Ann Mary\Desktop\chestmlops\Chest-Cancer-Detection-using-MLOps1\src\ChestCancerClassifier\params.yaml loaded successfully]
[2024-12-10 21:12:42,711: INFO: common: created directory at: artifacts]
[2024-12-10 21:13:02,886: INFO: common: json file saved at: scores.json]
[2024-12-10 21:13:02,886: INFO: common: json file saved at: scores.json]
[2024-12-10 21:13:02,886: INFO: stage_04_model_evaluation: >>>>>> stage Evaluation stage completed <<<<<<

x==========x]
[2024-12-11 00:18:22,713: INFO: stage_01_data_ingestion: >>>>>> stage Data Ingestion stage started <<<<<<]
[2024-12-11 00:18:22,713: INFO: common: yaml file: C:\Users\Ann Mary\Desktop\chestmlops\Chest-Cancer-Detection-using-MLOps1\src\ChestCancerClassifier\config\config.yaml loaded successfully]
[2024-12-11 00:18:22,735: INFO: common: yaml file: C:\Users\Ann Mary\Desktop\chestmlops\Chest-Cancer-Detection-using-MLOps1\src\ChestCancerClassifier\params.yaml loaded successfully]
[2024-12-11 00:18:22,735: INFO: common: created directory at: artifacts]
[2024-12-11 00:18:22,740: INFO: common: created directory at: artifacts/data_ingestion]
[2024-12-11 00:18:22,740: INFO: data_ingestion: Downloading data from https://drive.google.com/file/d/1syDDFBYKcKVCutlEcQ9zMuHxd0wOgsQt/view?usp=sharing into file artifacts/data_ingestion/data.zip]
[2024-12-11 00:21:34,231: INFO: data_ingestion: Downloaded data from https://drive.google.com/file/d/1syDDFBYKcKVCutlEcQ9zMuHxd0wOgsQt/view?usp=sharing into file artifacts/data_ingestion/data.zip]
[2024-12-11 00:21:34,656: INFO: stage_01_data_ingestion: >>>>>> stage Data Ingestion stage completed <<<<<<

x==========x]
[2024-12-11 00:21:52,202: INFO: utils: Note: NumExpr detected 12 cores but "NUMEXPR_MAX_THREADS" not set, so enforcing safe limit of 8.]
[2024-12-11 00:21:52,202: INFO: utils: NumExpr defaulting to 8 threads.]
[2024-12-11 00:21:53,590: INFO: stage_02_prepare_base_model: >>>>>> stage Prepare base model started <<<<<<]
[2024-12-11 00:21:53,590: INFO: common: yaml file: C:\Users\Ann Mary\Desktop\chestmlops\Chest-Cancer-Detection-using-MLOps1\src\ChestCancerClassifier\config\config.yaml loaded successfully]
[2024-12-11 00:21:53,606: INFO: common: yaml file: C:\Users\Ann Mary\Desktop\chestmlops\Chest-Cancer-Detection-using-MLOps1\src\ChestCancerClassifier\params.yaml loaded successfully]
[2024-12-11 00:21:53,606: INFO: common: created directory at: artifacts]
[2024-12-11 00:21:53,608: INFO: common: created directory at: artifacts/prepare_base_model]
[2024-12-11 00:21:54,048: WARNING: saving_utils: Compiled the loaded model, but the compiled metrics have yet to be built. `model.compile_metrics` will be empty until you train or evaluate the model.]
[2024-12-11 00:21:54,286: INFO: stage_02_prepare_base_model: >>>>>> stage Prepare base model completed <<<<<<

x==========x]
[2024-12-11 00:21:59,237: INFO: utils: Note: NumExpr detected 12 cores but "NUMEXPR_MAX_THREADS" not set, so enforcing safe limit of 8.]
[2024-12-11 00:21:59,237: INFO: utils: NumExpr defaulting to 8 threads.]
[2024-12-11 00:22:00,155: INFO: stage_03_model_trainer: >>>>>> stage Training started <<<<<<]
[2024-12-11 00:22:00,170: INFO: common: yaml file: C:\Users\Ann Mary\Desktop\chestmlops\Chest-Cancer-Detection-using-MLOps1\src\ChestCancerClassifier\config\config.yaml loaded successfully]
[2024-12-11 00:22:00,170: INFO: common: yaml file: C:\Users\Ann Mary\Desktop\chestmlops\Chest-Cancer-Detection-using-MLOps1\src\ChestCancerClassifier\params.yaml loaded successfully]
[2024-12-11 00:22:00,170: INFO: common: created directory at: artifacts]
[2024-12-11 00:22:00,170: INFO: common: created directory at: artifacts\training]
[2024-12-11 00:28:23,815: INFO: stage_03_model_trainer: >>>>>> stage Training completed <<<<<<

x==========x]
[2024-12-11 00:28:33,556: INFO: utils: Note: NumExpr detected 12 cores but "NUMEXPR_MAX_THREADS" not set, so enforcing safe limit of 8.]
[2024-12-11 00:28:33,556: INFO: utils: NumExpr defaulting to 8 threads.]
[2024-12-11 00:28:36,875: INFO: stage_04_model_evaluation: >>>>>> stage Evaluation stage started <<<<<<]
[2024-12-11 00:28:36,875: INFO: common: yaml file: C:\Users\Ann Mary\Desktop\chestmlops\Chest-Cancer-Detection-using-MLOps1\src\ChestCancerClassifier\config\config.yaml loaded successfully]
[2024-12-11 00:28:36,875: INFO: common: yaml file: C:\Users\Ann Mary\Desktop\chestmlops\Chest-Cancer-Detection-using-MLOps1\src\ChestCancerClassifier\params.yaml loaded successfully]
[2024-12-11 00:28:36,875: INFO: common: created directory at: artifacts]
[2024-12-11 00:29:05,121: INFO: common: json file saved at: scores.json]
[2024-12-11 00:29:05,121: INFO: common: json file saved at: scores.json]
[2024-12-11 00:29:05,121: INFO: stage_04_model_evaluation: >>>>>> stage Evaluation stage completed <<<<<<

x==========x]
[2024-12-12 15:46:59,082: INFO: utils: Note: NumExpr detected 12 cores but "NUMEXPR_MAX_THREADS" not set, so enforcing safe limit of 8.]
[2024-12-12 15:46:59,089: INFO: utils: NumExpr defaulting to 8 threads.]
[2024-12-12 15:47:00,334: INFO: stage_03_model_trainer: >>>>>> stage Training started <<<<<<]
[2024-12-12 15:47:00,355: INFO: common: yaml file: C:\Users\Ann Mary\Desktop\chestmlops\Chest-Cancer-Detection-using-MLOps1\src\ChestCancerClassifier\config\config.yaml loaded successfully]
[2024-12-12 15:47:00,371: INFO: common: yaml file: C:\Users\Ann Mary\Desktop\chestmlops\Chest-Cancer-Detection-using-MLOps1\src\ChestCancerClassifier\params.yaml loaded successfully]
[2024-12-12 15:47:00,371: INFO: common: created directory at: artifacts]
[2024-12-12 15:47:00,371: INFO: common: created directory at: artifacts\training]
[2024-12-12 15:54:06,243: INFO: utils: Note: NumExpr detected 12 cores but "NUMEXPR_MAX_THREADS" not set, so enforcing safe limit of 8.]
[2024-12-12 15:54:06,243: INFO: utils: NumExpr defaulting to 8 threads.]
[2024-12-12 15:54:07,524: INFO: stage_03_model_trainer: >>>>>> stage Training started <<<<<<]
[2024-12-12 15:54:07,524: INFO: common: yaml file: C:\Users\Ann Mary\Desktop\chestmlops\Chest-Cancer-Detection-using-MLOps1\src\ChestCancerClassifier\config\config.yaml loaded successfully]
[2024-12-12 15:54:07,524: INFO: common: yaml file: C:\Users\Ann Mary\Desktop\chestmlops\Chest-Cancer-Detection-using-MLOps1\src\ChestCancerClassifier\params.yaml loaded successfully]
[2024-12-12 15:54:07,524: INFO: common: created directory at: artifacts]
[2024-12-12 15:54:07,524: INFO: common: created directory at: artifacts\training]
[2024-12-12 16:00:06,709: INFO: stage_03_model_trainer: >>>>>> stage Training completed <<<<<<

x==========x]
[2025-01-02 21:56:08,984: INFO: stage_01_data_ingestion: >>>>>> stage Data Ingestion stage started <<<<<<]
[2025-01-02 21:56:09,000: INFO: common: yaml file: C:\Users\Ann Mary\Desktop\chestmlops\Chest-Cancer-Detection-using-MLOps1\src\ChestCancerClassifier\config\config.yaml loaded successfully]
[2025-01-02 21:56:09,008: INFO: common: yaml file: C:\Users\Ann Mary\Desktop\chestmlops\Chest-Cancer-Detection-using-MLOps1\src\ChestCancerClassifier\params.yaml loaded successfully]
[2025-01-02 21:56:09,010: INFO: common: created directory at: artifacts]
[2025-01-02 21:56:09,011: INFO: common: created directory at: artifacts/data_ingestion]
[2025-01-02 21:56:09,012: INFO: data_ingestion: Downloading data from https://drive.google.com/file/d/1syDDFBYKcKVCutlEcQ9zMuHxd0wOgsQt/view into file artifacts/data_ingestion/data.zip]
[2025-01-02 21:56:20,478: ERROR: stage_01_data_ingestion: HTTPSConnectionPool(host='drive.google.com', port=443): Max retries exceeded with url: /file/d/1rf6azR-SiwxFGdee5N3SIuMB-Rz3kCph/view?usp=sharing1syDDFBYKcKVCutlEcQ9zMuHxd0wOgsQt (Caused by NewConnectionError('<urllib3.connection.HTTPSConnection object at 0x000001CA6138F5B0>: Failed to establish a new connection: [Errno 11001] getaddrinfo failed'))]
Traceback (most recent call last):
  File "C:\Users\Ann Mary\miniconda3\envs\mxry\lib\site-packages\urllib3\connection.py", line 174, in _new_conn
    conn = connection.create_connection(
  File "C:\Users\Ann Mary\miniconda3\envs\mxry\lib\site-packages\urllib3\util\connection.py", line 72, in create_connection
    for res in socket.getaddrinfo(host, port, family, socket.SOCK_STREAM):
  File "C:\Users\Ann Mary\miniconda3\envs\mxry\lib\socket.py", line 918, in getaddrinfo
    for res in _socket.getaddrinfo(host, port, family, type, proto, flags):
socket.gaierror: [Errno 11001] getaddrinfo failed

During handling of the above exception, another exception occurred:

Traceback (most recent call last):
  File "C:\Users\Ann Mary\miniconda3\envs\mxry\lib\site-packages\urllib3\connectionpool.py", line 715, in urlopen
    httplib_response = self._make_request(
  File "C:\Users\Ann Mary\miniconda3\envs\mxry\lib\site-packages\urllib3\connectionpool.py", line 404, in _make_request
    self._validate_conn(conn)
  File "C:\Users\Ann Mary\miniconda3\envs\mxry\lib\site-packages\urllib3\connectionpool.py", line 1060, in _validate_conn
    conn.connect()
  File "C:\Users\Ann Mary\miniconda3\envs\mxry\lib\site-packages\urllib3\connection.py", line 363, in connect
    self.sock = conn = self._new_conn()
  File "C:\Users\Ann Mary\miniconda3\envs\mxry\lib\site-packages\urllib3\connection.py", line 186, in _new_conn
    raise NewConnectionError(
urllib3.exceptions.NewConnectionError: <urllib3.connection.HTTPSConnection object at 0x000001CA6138F5B0>: Failed to establish a new connection: [Errno 11001] getaddrinfo failed

During handling of the above exception, another exception occurred:

Traceback (most recent call last):
  File "C:\Users\Ann Mary\miniconda3\envs\mxry\lib\site-packages\requests\adapters.py", line 589, in send
    resp = conn.urlopen(
  File "C:\Users\Ann Mary\miniconda3\envs\mxry\lib\site-packages\urllib3\connectionpool.py", line 801, in urlopen
    retries = retries.increment(
  File "C:\Users\Ann Mary\miniconda3\envs\mxry\lib\site-packages\urllib3\util\retry.py", line 594, in increment
    raise MaxRetryError(_pool, url, error or ResponseError(cause))
urllib3.exceptions.MaxRetryError: HTTPSConnectionPool(host='drive.google.com', port=443): Max retries exceeded with url: /file/d/1rf6azR-SiwxFGdee5N3SIuMB-Rz3kCph/view?usp=sharing1syDDFBYKcKVCutlEcQ9zMuHxd0wOgsQt (Caused by NewConnectionError('<urllib3.connection.HTTPSConnection object at 0x000001CA6138F5B0>: Failed to establish a new connection: [Errno 11001] getaddrinfo failed'))

During handling of the above exception, another exception occurred:

Traceback (most recent call last):
  File "src/ChestCancerClassifier/pipeline/stage_01_data_ingestion.py", line 28, in <module>
    obj.main()
  File "src/ChestCancerClassifier/pipeline/stage_01_data_ingestion.py", line 21, in main
    data_ingestion.download_file()
  File "c:\users\ann mary\desktop\chestmlops\chest-cancer-detection-using-mlops1\src\ChestCancerClassifier\components\data_ingestion.py", line 33, in download_file
    raise e
  File "c:\users\ann mary\desktop\chestmlops\chest-cancer-detection-using-mlops1\src\ChestCancerClassifier\components\data_ingestion.py", line 28, in download_file
    gdown.download(prefix+file_id,zip_download_dir)
  File "C:\Users\Ann Mary\miniconda3\envs\mxry\lib\site-packages\gdown\download.py", line 202, in download
    res = sess.get(url, stream=True, verify=verify)
  File "C:\Users\Ann Mary\miniconda3\envs\mxry\lib\site-packages\requests\sessions.py", line 602, in get
    return self.request("GET", url, **kwargs)
  File "C:\Users\Ann Mary\miniconda3\envs\mxry\lib\site-packages\requests\sessions.py", line 589, in request
    resp = self.send(prep, **send_kwargs)
  File "C:\Users\Ann Mary\miniconda3\envs\mxry\lib\site-packages\requests\sessions.py", line 703, in send
    r = adapter.send(request, **kwargs)
  File "C:\Users\Ann Mary\miniconda3\envs\mxry\lib\site-packages\requests\adapters.py", line 622, in send
    raise ConnectionError(e, request=request)
requests.exceptions.ConnectionError: HTTPSConnectionPool(host='drive.google.com', port=443): Max retries exceeded with url: /file/d/1rf6azR-SiwxFGdee5N3SIuMB-Rz3kCph/view?usp=sharing1syDDFBYKcKVCutlEcQ9zMuHxd0wOgsQt (Caused by NewConnectionError('<urllib3.connection.HTTPSConnection object at 0x000001CA6138F5B0>: Failed to establish a new connection: [Errno 11001] getaddrinfo failed'))
[2025-01-02 21:57:10,225: INFO: stage_01_data_ingestion: >>>>>> stage Data Ingestion stage started <<<<<<]
[2025-01-02 21:57:10,227: INFO: common: yaml file: C:\Users\Ann Mary\Desktop\chestmlops\Chest-Cancer-Detection-using-MLOps1\src\ChestCancerClassifier\config\config.yaml loaded successfully]
[2025-01-02 21:57:10,229: INFO: common: yaml file: C:\Users\Ann Mary\Desktop\chestmlops\Chest-Cancer-Detection-using-MLOps1\src\ChestCancerClassifier\params.yaml loaded successfully]
[2025-01-02 21:57:10,229: INFO: common: created directory at: artifacts]
[2025-01-02 21:57:10,231: INFO: common: created directory at: artifacts/data_ingestion]
[2025-01-02 21:57:10,231: INFO: data_ingestion: Downloading data from https://drive.google.com/file/d/1syDDFBYKcKVCutlEcQ9zMuHxd0wOgsQt/view into file artifacts/data_ingestion/data.zip]
[2025-01-02 21:57:13,845: INFO: data_ingestion: Downloaded data from https://drive.google.com/file/d/1syDDFBYKcKVCutlEcQ9zMuHxd0wOgsQt/view into file artifacts/data_ingestion/data.zip]
[2025-01-02 21:57:13,848: ERROR: stage_01_data_ingestion: File is not a zip file]
Traceback (most recent call last):
  File "src/ChestCancerClassifier/pipeline/stage_01_data_ingestion.py", line 28, in <module>
    obj.main()
  File "src/ChestCancerClassifier/pipeline/stage_01_data_ingestion.py", line 22, in main
    data_ingestion.extract_zip_file()
  File "c:\users\ann mary\desktop\chestmlops\chest-cancer-detection-using-mlops1\src\ChestCancerClassifier\components\data_ingestion.py", line 44, in extract_zip_file
    with zipfile.ZipFile(self.config.local_data_file, 'r') as zip_ref:
  File "C:\Users\Ann Mary\miniconda3\envs\mxry\lib\zipfile.py", line 1271, in __init__
    self._RealGetContents()
  File "C:\Users\Ann Mary\miniconda3\envs\mxry\lib\zipfile.py", line 1338, in _RealGetContents
    raise BadZipFile("File is not a zip file")
zipfile.BadZipFile: File is not a zip file
[2025-01-03 11:34:57,779: INFO: stage_01_data_ingestion: >>>>>> stage Data Ingestion stage started <<<<<<]
[2025-01-03 11:34:57,783: INFO: common: yaml file: C:\Users\Ann Mary\Desktop\chestmlops\Chest-Cancer-Detection-using-MLOps1\src\ChestCancerClassifier\config\config.yaml loaded successfully]
[2025-01-03 11:34:57,787: INFO: common: yaml file: C:\Users\Ann Mary\Desktop\chestmlops\Chest-Cancer-Detection-using-MLOps1\src\ChestCancerClassifier\params.yaml loaded successfully]
[2025-01-03 11:34:57,787: INFO: common: created directory at: artifacts]
[2025-01-03 11:34:57,788: INFO: common: created directory at: artifacts/data_ingestion]
[2025-01-03 11:34:57,789: INFO: data_ingestion: Downloading data from https://drive.google.com/file/d/1syDDFBYKcKVCutlEcQ9zMuHxd0wOgsQt/view into file artifacts/data_ingestion/data.zip]
[2025-01-03 11:34:58,437: INFO: data_ingestion: Downloaded data from https://drive.google.com/file/d/1syDDFBYKcKVCutlEcQ9zMuHxd0wOgsQt/view into file artifacts/data_ingestion/data.zip]
[2025-01-03 11:34:58,439: ERROR: stage_01_data_ingestion: File is not a zip file]
Traceback (most recent call last):
  File "src/ChestCancerClassifier/pipeline/stage_01_data_ingestion.py", line 28, in <module>
    obj.main()
  File "src/ChestCancerClassifier/pipeline/stage_01_data_ingestion.py", line 22, in main
    data_ingestion.extract_zip_file()
  File "c:\users\ann mary\desktop\chestmlops\chest-cancer-detection-using-mlops1\src\ChestCancerClassifier\components\data_ingestion.py", line 44, in extract_zip_file
    with zipfile.ZipFile(self.config.local_data_file, 'r') as zip_ref:
  File "C:\Users\Ann Mary\miniconda3\envs\mxry\lib\zipfile.py", line 1271, in __init__
    self._RealGetContents()
  File "C:\Users\Ann Mary\miniconda3\envs\mxry\lib\zipfile.py", line 1338, in _RealGetContents
    raise BadZipFile("File is not a zip file")
zipfile.BadZipFile: File is not a zip file
[2025-01-03 11:42:56,688: INFO: stage_01_data_ingestion: >>>>>> stage Data Ingestion stage started <<<<<<]
[2025-01-03 11:42:56,691: INFO: common: yaml file: C:\Users\Ann Mary\Desktop\chestmlops\Chest-Cancer-Detection-using-MLOps1\src\ChestCancerClassifier\config\config.yaml loaded successfully]
[2025-01-03 11:42:56,697: INFO: common: yaml file: C:\Users\Ann Mary\Desktop\chestmlops\Chest-Cancer-Detection-using-MLOps1\src\ChestCancerClassifier\params.yaml loaded successfully]
[2025-01-03 11:42:56,698: INFO: common: created directory at: artifacts]
[2025-01-03 11:42:56,699: INFO: common: created directory at: artifacts/data_ingestion]
[2025-01-03 11:42:56,700: INFO: data_ingestion: Downloading data from https://drive.google.com/file/d/1syDDFBYKcKVCutlEcQ9zMuHxd0wOgsQt/view into file artifacts/data_ingestion/data.zip]
[2025-01-03 11:43:08,448: INFO: data_ingestion: Downloaded data from https://drive.google.com/file/d/1syDDFBYKcKVCutlEcQ9zMuHxd0wOgsQt/view into file artifacts/data_ingestion/data.zip]
[2025-01-03 11:43:09,320: INFO: stage_01_data_ingestion: >>>>>> stage Data Ingestion stage completed <<<<<<

x==========x]
[2025-01-03 11:43:30,744: INFO: utils: Note: NumExpr detected 12 cores but "NUMEXPR_MAX_THREADS" not set, so enforcing safe limit of 8.]
[2025-01-03 11:43:30,744: INFO: utils: NumExpr defaulting to 8 threads.]
[2025-01-03 11:43:32,325: INFO: stage_02_prepare_base_model: >>>>>> stage Prepare base model started <<<<<<]
[2025-01-03 11:43:32,329: INFO: common: yaml file: C:\Users\Ann Mary\Desktop\chestmlops\Chest-Cancer-Detection-using-MLOps1\src\ChestCancerClassifier\config\config.yaml loaded successfully]
[2025-01-03 11:43:32,332: INFO: common: yaml file: C:\Users\Ann Mary\Desktop\chestmlops\Chest-Cancer-Detection-using-MLOps1\src\ChestCancerClassifier\params.yaml loaded successfully]
[2025-01-03 11:43:32,333: INFO: common: created directory at: artifacts]
[2025-01-03 11:43:32,335: INFO: common: created directory at: artifacts/prepare_base_model]
[2025-01-03 11:43:41,726: INFO: utils: Note: NumExpr detected 12 cores but "NUMEXPR_MAX_THREADS" not set, so enforcing safe limit of 8.]
[2025-01-03 11:43:41,726: INFO: utils: NumExpr defaulting to 8 threads.]
[2025-01-03 11:43:42,492: INFO: stage_03_model_trainer: >>>>>> stage Training started <<<<<<]
[2025-01-03 11:43:42,495: INFO: common: yaml file: C:\Users\Ann Mary\Desktop\chestmlops\Chest-Cancer-Detection-using-MLOps1\src\ChestCancerClassifier\config\config.yaml loaded successfully]
[2025-01-03 11:43:42,497: INFO: common: yaml file: C:\Users\Ann Mary\Desktop\chestmlops\Chest-Cancer-Detection-using-MLOps1\src\ChestCancerClassifier\params.yaml loaded successfully]
[2025-01-03 11:43:42,497: INFO: common: created directory at: artifacts]
[2025-01-03 11:43:42,499: INFO: common: created directory at: artifacts\training]
[2025-01-03 11:43:42,504: ERROR: stage_03_model_trainer: No file or directory found at artifacts\prepare_base_model\base_model_updated.h5]
Traceback (most recent call last):
  File "src/ChestCancerClassifier/pipeline/stage_03_model_trainer.py", line 29, in <module>
    obj.main()
  File "src/ChestCancerClassifier/pipeline/stage_03_model_trainer.py", line 21, in main
    training.get_base_model()
  File "c:\users\ann mary\desktop\chestmlops\chest-cancer-detection-using-mlops1\src\ChestCancerClassifier\components\model_trainer.py", line 23, in get_base_model
    self.model = tf.keras.models.load_model(
  File "C:\Users\Ann Mary\miniconda3\envs\mxry\lib\site-packages\keras\saving\saving_api.py", line 212, in load_model
    return legacy_sm_saving_lib.load_model(
  File "C:\Users\Ann Mary\miniconda3\envs\mxry\lib\site-packages\keras\utils\traceback_utils.py", line 70, in error_handler
    raise e.with_traceback(filtered_tb) from None
  File "C:\Users\Ann Mary\miniconda3\envs\mxry\lib\site-packages\keras\saving\legacy\save.py", line 230, in load_model
    raise IOError(
OSError: No file or directory found at artifacts\prepare_base_model\base_model_updated.h5
[2025-01-03 11:44:24,774: INFO: stage_01_data_ingestion: >>>>>> stage Data Ingestion stage started <<<<<<]
[2025-01-03 11:44:24,778: INFO: common: yaml file: C:\Users\Ann Mary\Desktop\chestmlops\Chest-Cancer-Detection-using-MLOps1\src\ChestCancerClassifier\config\config.yaml loaded successfully]
[2025-01-03 11:44:24,785: INFO: common: yaml file: C:\Users\Ann Mary\Desktop\chestmlops\Chest-Cancer-Detection-using-MLOps1\src\ChestCancerClassifier\params.yaml loaded successfully]
[2025-01-03 11:44:24,803: INFO: common: created directory at: artifacts]
[2025-01-03 11:44:24,804: INFO: common: created directory at: artifacts/data_ingestion]
[2025-01-03 11:44:24,804: INFO: data_ingestion: Downloading data from https://drive.google.com/file/d/1syDDFBYKcKVCutlEcQ9zMuHxd0wOgsQt/view into file artifacts/data_ingestion/data.zip]
[2025-01-03 11:44:37,049: INFO: data_ingestion: Downloaded data from https://drive.google.com/file/d/1syDDFBYKcKVCutlEcQ9zMuHxd0wOgsQt/view into file artifacts/data_ingestion/data.zip]
[2025-01-03 11:44:37,769: INFO: stage_01_data_ingestion: >>>>>> stage Data Ingestion stage completed <<<<<<

x==========x]
[2025-01-03 11:44:56,980: INFO: utils: Note: NumExpr detected 12 cores but "NUMEXPR_MAX_THREADS" not set, so enforcing safe limit of 8.]
[2025-01-03 11:44:56,981: INFO: utils: NumExpr defaulting to 8 threads.]
[2025-01-03 11:44:58,190: INFO: stage_02_prepare_base_model: >>>>>> stage Prepare base model started <<<<<<]
[2025-01-03 11:44:58,193: INFO: common: yaml file: C:\Users\Ann Mary\Desktop\chestmlops\Chest-Cancer-Detection-using-MLOps1\src\ChestCancerClassifier\config\config.yaml loaded successfully]
[2025-01-03 11:44:58,195: INFO: common: yaml file: C:\Users\Ann Mary\Desktop\chestmlops\Chest-Cancer-Detection-using-MLOps1\src\ChestCancerClassifier\params.yaml loaded successfully]
[2025-01-03 11:44:58,196: INFO: common: created directory at: artifacts]
[2025-01-03 11:44:58,197: INFO: common: created directory at: artifacts/prepare_base_model]
[2025-01-03 11:44:59,139: WARNING: saving_utils: Compiled the loaded model, but the compiled metrics have yet to be built. `model.compile_metrics` will be empty until you train or evaluate the model.]
[2025-01-03 11:44:59,566: INFO: stage_02_prepare_base_model: >>>>>> stage Prepare base model completed <<<<<<

x==========x]
[2025-01-03 11:45:09,389: INFO: utils: Note: NumExpr detected 12 cores but "NUMEXPR_MAX_THREADS" not set, so enforcing safe limit of 8.]
[2025-01-03 11:45:09,390: INFO: utils: NumExpr defaulting to 8 threads.]
[2025-01-03 11:45:10,795: INFO: stage_03_model_trainer: >>>>>> stage Training started <<<<<<]
[2025-01-03 11:45:10,798: INFO: common: yaml file: C:\Users\Ann Mary\Desktop\chestmlops\Chest-Cancer-Detection-using-MLOps1\src\ChestCancerClassifier\config\config.yaml loaded successfully]
[2025-01-03 11:45:10,801: INFO: common: yaml file: C:\Users\Ann Mary\Desktop\chestmlops\Chest-Cancer-Detection-using-MLOps1\src\ChestCancerClassifier\params.yaml loaded successfully]
[2025-01-03 11:45:10,803: INFO: common: created directory at: artifacts]
[2025-01-03 11:45:10,805: INFO: common: created directory at: artifacts\training]
[2025-01-03 11:47:48,494: ERROR: stage_03_model_trainer: Graph execution error:

FileNotFoundError: [Errno 2] No such file or directory: 'artifacts\\data_ingestion\\fall and nonfall\\fall\\fall029 (2).jpg'
Traceback (most recent call last):

  File "C:\Users\Ann Mary\miniconda3\envs\mxry\lib\site-packages\tensorflow\python\ops\script_ops.py", line 267, in __call__
    ret = func(*args)

  File "C:\Users\Ann Mary\miniconda3\envs\mxry\lib\site-packages\tensorflow\python\autograph\impl\api.py", line 642, in wrapper
    return func(*args, **kwargs)

  File "C:\Users\Ann Mary\miniconda3\envs\mxry\lib\site-packages\tensorflow\python\data\ops\from_generator_op.py", line 198, in generator_py_func
    values = next(generator_state.get_iterator(iterator_id))

  File "C:\Users\Ann Mary\miniconda3\envs\mxry\lib\site-packages\keras\engine\data_adapter.py", line 902, in wrapped_generator
    for data in generator_fn():

  File "C:\Users\Ann Mary\miniconda3\envs\mxry\lib\site-packages\keras\engine\data_adapter.py", line 1049, in generator_fn
    yield x[i]

  File "C:\Users\Ann Mary\miniconda3\envs\mxry\lib\site-packages\keras\preprocessing\image.py", line 116, in __getitem__
    return self._get_batches_of_transformed_samples(index_array)

  File "C:\Users\Ann Mary\miniconda3\envs\mxry\lib\site-packages\keras\preprocessing\image.py", line 370, in _get_batches_of_transformed_samples
    img = image_utils.load_img(

  File "C:\Users\Ann Mary\miniconda3\envs\mxry\lib\site-packages\keras\utils\image_utils.py", line 422, in load_img
    with open(path, "rb") as f:

FileNotFoundError: [Errno 2] No such file or directory: 'artifacts\\data_ingestion\\fall and nonfall\\fall\\fall029 (2).jpg'


	 [[{{node PyFunc}}]]
	 [[IteratorGetNext]] [Op:__inference_train_function_881]]
Traceback (most recent call last):
  File "src/ChestCancerClassifier/pipeline/stage_03_model_trainer.py", line 29, in <module>
    obj.main()
  File "src/ChestCancerClassifier/pipeline/stage_03_model_trainer.py", line 23, in main
    training.train()
  File "c:\users\ann mary\desktop\chestmlops\chest-cancer-detection-using-mlops1\src\ChestCancerClassifier\components\model_trainer.py", line 81, in train
    self.model.fit(
  File "C:\Users\Ann Mary\miniconda3\envs\mxry\lib\site-packages\keras\utils\traceback_utils.py", line 70, in error_handler
    raise e.with_traceback(filtered_tb) from None
  File "C:\Users\Ann Mary\miniconda3\envs\mxry\lib\site-packages\tensorflow\python\eager\execute.py", line 52, in quick_execute
    tensors = pywrap_tfe.TFE_Py_Execute(ctx._handle, device_name, op_name,
tensorflow.python.framework.errors_impl.UnknownError: Graph execution error:

FileNotFoundError: [Errno 2] No such file or directory: 'artifacts\\data_ingestion\\fall and nonfall\\fall\\fall029 (2).jpg'
Traceback (most recent call last):

  File "C:\Users\Ann Mary\miniconda3\envs\mxry\lib\site-packages\tensorflow\python\ops\script_ops.py", line 267, in __call__
    ret = func(*args)

  File "C:\Users\Ann Mary\miniconda3\envs\mxry\lib\site-packages\tensorflow\python\autograph\impl\api.py", line 642, in wrapper
    return func(*args, **kwargs)

  File "C:\Users\Ann Mary\miniconda3\envs\mxry\lib\site-packages\tensorflow\python\data\ops\from_generator_op.py", line 198, in generator_py_func
    values = next(generator_state.get_iterator(iterator_id))

  File "C:\Users\Ann Mary\miniconda3\envs\mxry\lib\site-packages\keras\engine\data_adapter.py", line 902, in wrapped_generator
    for data in generator_fn():

  File "C:\Users\Ann Mary\miniconda3\envs\mxry\lib\site-packages\keras\engine\data_adapter.py", line 1049, in generator_fn
    yield x[i]

  File "C:\Users\Ann Mary\miniconda3\envs\mxry\lib\site-packages\keras\preprocessing\image.py", line 116, in __getitem__
    return self._get_batches_of_transformed_samples(index_array)

  File "C:\Users\Ann Mary\miniconda3\envs\mxry\lib\site-packages\keras\preprocessing\image.py", line 370, in _get_batches_of_transformed_samples
    img = image_utils.load_img(

  File "C:\Users\Ann Mary\miniconda3\envs\mxry\lib\site-packages\keras\utils\image_utils.py", line 422, in load_img
    with open(path, "rb") as f:

FileNotFoundError: [Errno 2] No such file or directory: 'artifacts\\data_ingestion\\fall and nonfall\\fall\\fall029 (2).jpg'


	 [[{{node PyFunc}}]]
	 [[IteratorGetNext]] [Op:__inference_train_function_881]
[2025-01-03 11:49:50,410: INFO: utils: Note: NumExpr detected 12 cores but "NUMEXPR_MAX_THREADS" not set, so enforcing safe limit of 8.]
[2025-01-03 11:49:50,411: INFO: utils: NumExpr defaulting to 8 threads.]
[2025-01-03 11:49:51,915: INFO: stage_03_model_trainer: >>>>>> stage Training started <<<<<<]
[2025-01-03 11:49:51,935: INFO: common: yaml file: C:\Users\Ann Mary\Desktop\chestmlops\Chest-Cancer-Detection-using-MLOps1\src\ChestCancerClassifier\config\config.yaml loaded successfully]
[2025-01-03 11:49:51,945: INFO: common: yaml file: C:\Users\Ann Mary\Desktop\chestmlops\Chest-Cancer-Detection-using-MLOps1\src\ChestCancerClassifier\params.yaml loaded successfully]
[2025-01-03 11:49:51,947: INFO: common: created directory at: artifacts]
[2025-01-03 11:49:51,948: INFO: common: created directory at: artifacts\training]
[2025-01-03 11:50:51,029: ERROR: stage_03_model_trainer: [Errno 2] No such file or directory: 'artifacts\\data_ingestion\\fall and nonfall\\fall\\fall001 (2).jpg']
Traceback (most recent call last):
  File "src/ChestCancerClassifier/pipeline/stage_03_model_trainer.py", line 29, in <module>
    obj.main()
  File "src/ChestCancerClassifier/pipeline/stage_03_model_trainer.py", line 23, in main
    training.train()
  File "c:\users\ann mary\desktop\chestmlops\chest-cancer-detection-using-mlops1\src\ChestCancerClassifier\components\model_trainer.py", line 81, in train
    self.model.fit(
  File "C:\Users\Ann Mary\miniconda3\envs\mxry\lib\site-packages\keras\utils\traceback_utils.py", line 70, in error_handler
    raise e.with_traceback(filtered_tb) from None
  File "C:\Users\Ann Mary\miniconda3\envs\mxry\lib\site-packages\keras\utils\image_utils.py", line 422, in load_img
    with open(path, "rb") as f:
FileNotFoundError: [Errno 2] No such file or directory: 'artifacts\\data_ingestion\\fall and nonfall\\fall\\fall001 (2).jpg'
[2025-01-03 11:52:42,498: INFO: utils: Note: NumExpr detected 12 cores but "NUMEXPR_MAX_THREADS" not set, so enforcing safe limit of 8.]
[2025-01-03 11:52:42,498: INFO: utils: NumExpr defaulting to 8 threads.]
[2025-01-03 11:52:43,097: INFO: stage_03_model_trainer: >>>>>> stage Training started <<<<<<]
[2025-01-03 11:52:43,099: INFO: common: yaml file: C:\Users\Ann Mary\Desktop\chestmlops\Chest-Cancer-Detection-using-MLOps1\src\ChestCancerClassifier\config\config.yaml loaded successfully]
[2025-01-03 11:52:43,101: INFO: common: yaml file: C:\Users\Ann Mary\Desktop\chestmlops\Chest-Cancer-Detection-using-MLOps1\src\ChestCancerClassifier\params.yaml loaded successfully]
[2025-01-03 11:52:43,102: INFO: common: created directory at: artifacts]
[2025-01-03 11:52:43,102: INFO: common: created directory at: artifacts\training]
[2025-01-03 11:53:53,004: ERROR: stage_03_model_trainer: Graph execution error:

FileNotFoundError: [Errno 2] No such file or directory: 'artifacts\\data_ingestion\\fall and nonfall\\non fall\\not fallen098.jpg'
Traceback (most recent call last):

  File "C:\Users\Ann Mary\miniconda3\envs\mxry\lib\site-packages\tensorflow\python\ops\script_ops.py", line 267, in __call__
    ret = func(*args)

  File "C:\Users\Ann Mary\miniconda3\envs\mxry\lib\site-packages\tensorflow\python\autograph\impl\api.py", line 642, in wrapper
    return func(*args, **kwargs)

  File "C:\Users\Ann Mary\miniconda3\envs\mxry\lib\site-packages\tensorflow\python\data\ops\from_generator_op.py", line 198, in generator_py_func
    values = next(generator_state.get_iterator(iterator_id))

  File "C:\Users\Ann Mary\miniconda3\envs\mxry\lib\site-packages\keras\engine\data_adapter.py", line 902, in wrapped_generator
    for data in generator_fn():

  File "C:\Users\Ann Mary\miniconda3\envs\mxry\lib\site-packages\keras\engine\data_adapter.py", line 1049, in generator_fn
    yield x[i]

  File "C:\Users\Ann Mary\miniconda3\envs\mxry\lib\site-packages\keras\preprocessing\image.py", line 116, in __getitem__
    return self._get_batches_of_transformed_samples(index_array)

  File "C:\Users\Ann Mary\miniconda3\envs\mxry\lib\site-packages\keras\preprocessing\image.py", line 370, in _get_batches_of_transformed_samples
    img = image_utils.load_img(

  File "C:\Users\Ann Mary\miniconda3\envs\mxry\lib\site-packages\keras\utils\image_utils.py", line 422, in load_img
    with open(path, "rb") as f:

FileNotFoundError: [Errno 2] No such file or directory: 'artifacts\\data_ingestion\\fall and nonfall\\non fall\\not fallen098.jpg'


	 [[{{node PyFunc}}]]
	 [[IteratorGetNext]] [Op:__inference_train_function_881]]
Traceback (most recent call last):
  File "src/ChestCancerClassifier/pipeline/stage_03_model_trainer.py", line 29, in <module>
    obj.main()
  File "src/ChestCancerClassifier/pipeline/stage_03_model_trainer.py", line 23, in main
    training.train()
  File "c:\users\ann mary\desktop\chestmlops\chest-cancer-detection-using-mlops1\src\ChestCancerClassifier\components\model_trainer.py", line 81, in train
    self.model.fit(
  File "C:\Users\Ann Mary\miniconda3\envs\mxry\lib\site-packages\keras\utils\traceback_utils.py", line 70, in error_handler
    raise e.with_traceback(filtered_tb) from None
  File "C:\Users\Ann Mary\miniconda3\envs\mxry\lib\site-packages\tensorflow\python\eager\execute.py", line 52, in quick_execute
    tensors = pywrap_tfe.TFE_Py_Execute(ctx._handle, device_name, op_name,
tensorflow.python.framework.errors_impl.UnknownError: Graph execution error:

FileNotFoundError: [Errno 2] No such file or directory: 'artifacts\\data_ingestion\\fall and nonfall\\non fall\\not fallen098.jpg'
Traceback (most recent call last):

  File "C:\Users\Ann Mary\miniconda3\envs\mxry\lib\site-packages\tensorflow\python\ops\script_ops.py", line 267, in __call__
    ret = func(*args)

  File "C:\Users\Ann Mary\miniconda3\envs\mxry\lib\site-packages\tensorflow\python\autograph\impl\api.py", line 642, in wrapper
    return func(*args, **kwargs)

  File "C:\Users\Ann Mary\miniconda3\envs\mxry\lib\site-packages\tensorflow\python\data\ops\from_generator_op.py", line 198, in generator_py_func
    values = next(generator_state.get_iterator(iterator_id))

  File "C:\Users\Ann Mary\miniconda3\envs\mxry\lib\site-packages\keras\engine\data_adapter.py", line 902, in wrapped_generator
    for data in generator_fn():

  File "C:\Users\Ann Mary\miniconda3\envs\mxry\lib\site-packages\keras\engine\data_adapter.py", line 1049, in generator_fn
    yield x[i]

  File "C:\Users\Ann Mary\miniconda3\envs\mxry\lib\site-packages\keras\preprocessing\image.py", line 116, in __getitem__
    return self._get_batches_of_transformed_samples(index_array)

  File "C:\Users\Ann Mary\miniconda3\envs\mxry\lib\site-packages\keras\preprocessing\image.py", line 370, in _get_batches_of_transformed_samples
    img = image_utils.load_img(

  File "C:\Users\Ann Mary\miniconda3\envs\mxry\lib\site-packages\keras\utils\image_utils.py", line 422, in load_img
    with open(path, "rb") as f:

FileNotFoundError: [Errno 2] No such file or directory: 'artifacts\\data_ingestion\\fall and nonfall\\non fall\\not fallen098.jpg'


	 [[{{node PyFunc}}]]
	 [[IteratorGetNext]] [Op:__inference_train_function_881]
[2025-01-03 11:57:27,203: INFO: stage_01_data_ingestion: >>>>>> stage Data Ingestion stage started <<<<<<]
[2025-01-03 11:57:27,223: INFO: common: yaml file: C:\Users\Ann Mary\Desktop\chestmlops\Chest-Cancer-Detection-using-MLOps1\src\ChestCancerClassifier\config\config.yaml loaded successfully]
[2025-01-03 11:57:27,225: INFO: common: yaml file: C:\Users\Ann Mary\Desktop\chestmlops\Chest-Cancer-Detection-using-MLOps1\src\ChestCancerClassifier\params.yaml loaded successfully]
[2025-01-03 11:57:27,225: INFO: common: created directory at: artifacts]
[2025-01-03 11:57:27,226: INFO: common: created directory at: artifacts/data_ingestion]
[2025-01-03 11:57:27,226: INFO: data_ingestion: Downloading data from https://drive.google.com/file/d/1rf6azR-SiwxFGdee5N3SIuMB-Rz3kCph/view?usp=drive_link into file artifacts/data_ingestion/data.zip]
[2025-01-03 11:57:40,869: INFO: data_ingestion: Downloaded data from https://drive.google.com/file/d/1rf6azR-SiwxFGdee5N3SIuMB-Rz3kCph/view?usp=drive_link into file artifacts/data_ingestion/data.zip]
[2025-01-03 11:57:44,054: INFO: stage_01_data_ingestion: >>>>>> stage Data Ingestion stage completed <<<<<<

x==========x]
[2025-01-03 11:58:45,258: INFO: utils: Note: NumExpr detected 12 cores but "NUMEXPR_MAX_THREADS" not set, so enforcing safe limit of 8.]
[2025-01-03 11:58:45,258: INFO: utils: NumExpr defaulting to 8 threads.]
[2025-01-03 11:58:45,821: INFO: stage_02_prepare_base_model: >>>>>> stage Prepare base model started <<<<<<]
[2025-01-03 11:58:45,824: INFO: common: yaml file: C:\Users\Ann Mary\Desktop\chestmlops\Chest-Cancer-Detection-using-MLOps1\src\ChestCancerClassifier\config\config.yaml loaded successfully]
[2025-01-03 11:58:45,826: INFO: common: yaml file: C:\Users\Ann Mary\Desktop\chestmlops\Chest-Cancer-Detection-using-MLOps1\src\ChestCancerClassifier\params.yaml loaded successfully]
[2025-01-03 11:58:45,829: INFO: common: created directory at: artifacts]
[2025-01-03 11:58:45,830: INFO: common: created directory at: artifacts/prepare_base_model]
[2025-01-03 11:58:46,381: WARNING: saving_utils: Compiled the loaded model, but the compiled metrics have yet to be built. `model.compile_metrics` will be empty until you train or evaluate the model.]
[2025-01-03 11:58:46,682: INFO: stage_02_prepare_base_model: >>>>>> stage Prepare base model completed <<<<<<

x==========x]
[2025-01-03 11:58:53,181: INFO: utils: Note: NumExpr detected 12 cores but "NUMEXPR_MAX_THREADS" not set, so enforcing safe limit of 8.]
[2025-01-03 11:58:53,181: INFO: utils: NumExpr defaulting to 8 threads.]
[2025-01-03 11:58:53,700: INFO: stage_03_model_trainer: >>>>>> stage Training started <<<<<<]
[2025-01-03 11:58:53,701: INFO: common: yaml file: C:\Users\Ann Mary\Desktop\chestmlops\Chest-Cancer-Detection-using-MLOps1\src\ChestCancerClassifier\config\config.yaml loaded successfully]
[2025-01-03 11:58:53,703: INFO: common: yaml file: C:\Users\Ann Mary\Desktop\chestmlops\Chest-Cancer-Detection-using-MLOps1\src\ChestCancerClassifier\params.yaml loaded successfully]
[2025-01-03 11:58:53,703: INFO: common: created directory at: artifacts]
[2025-01-03 11:58:53,704: INFO: common: created directory at: artifacts\training]
[2025-01-03 12:34:23,792: INFO: stage_03_model_trainer: >>>>>> stage Training completed <<<<<<

x==========x]
[2025-01-03 12:34:33,140: INFO: utils: Note: NumExpr detected 12 cores but "NUMEXPR_MAX_THREADS" not set, so enforcing safe limit of 8.]
[2025-01-03 12:34:33,140: INFO: utils: NumExpr defaulting to 8 threads.]
[2025-01-03 12:34:36,089: INFO: stage_04_model_evaluation: >>>>>> stage Evaluation stage started <<<<<<]
[2025-01-03 12:34:36,106: INFO: common: yaml file: C:\Users\Ann Mary\Desktop\chestmlops\Chest-Cancer-Detection-using-MLOps1\src\ChestCancerClassifier\config\config.yaml loaded successfully]
[2025-01-03 12:34:36,122: INFO: common: yaml file: C:\Users\Ann Mary\Desktop\chestmlops\Chest-Cancer-Detection-using-MLOps1\src\ChestCancerClassifier\params.yaml loaded successfully]
[2025-01-03 12:34:36,123: INFO: common: created directory at: artifacts]
[2025-01-03 12:36:59,914: INFO: common: json file saved at: scores.json]
[2025-01-03 12:36:59,916: INFO: common: json file saved at: scores.json]
[2025-01-03 12:36:59,916: INFO: stage_04_model_evaluation: >>>>>> stage Evaluation stage completed <<<<<<

x==========x]
[2025-01-06 11:56:38,016: INFO: utils: Note: NumExpr detected 12 cores but "NUMEXPR_MAX_THREADS" not set, so enforcing safe limit of 8.]
[2025-01-06 11:56:38,022: INFO: utils: NumExpr defaulting to 8 threads.]
[2025-01-06 11:56:40,649: INFO: stage_04_model_evaluation: >>>>>> stage Evaluation stage started <<<<<<]
[2025-01-06 11:56:40,653: INFO: common: yaml file: C:\Users\Ann Mary\Desktop\chestmlops\Chest-Cancer-Detection-using-MLOps1\src\ChestCancerClassifier\config\config.yaml loaded successfully]
[2025-01-06 11:56:40,659: INFO: common: yaml file: C:\Users\Ann Mary\Desktop\chestmlops\Chest-Cancer-Detection-using-MLOps1\src\ChestCancerClassifier\params.yaml loaded successfully]
[2025-01-06 11:56:40,661: INFO: common: created directory at: artifacts]
[2025-01-06 12:03:18,617: INFO: utils: Note: NumExpr detected 12 cores but "NUMEXPR_MAX_THREADS" not set, so enforcing safe limit of 8.]
[2025-01-06 12:03:18,617: INFO: utils: NumExpr defaulting to 8 threads.]
[2025-01-06 12:03:19,745: INFO: stage_03_model_trainer: >>>>>> stage Training started <<<<<<]
[2025-01-06 12:03:19,747: INFO: common: yaml file: C:\Users\Ann Mary\Desktop\chestmlops\Chest-Cancer-Detection-using-MLOps1\src\ChestCancerClassifier\config\config.yaml loaded successfully]
[2025-01-06 12:03:19,749: INFO: common: yaml file: C:\Users\Ann Mary\Desktop\chestmlops\Chest-Cancer-Detection-using-MLOps1\src\ChestCancerClassifier\params.yaml loaded successfully]
[2025-01-06 12:03:19,751: INFO: common: created directory at: artifacts]
[2025-01-06 12:03:19,753: INFO: common: created directory at: artifacts\training]
[2025-01-08 20:46:26,901: INFO: stage_03_model_trainer: >>>>>> stage Training completed <<<<<<

x==========x]
[2025-01-08 20:46:44,518: INFO: utils: Note: NumExpr detected 12 cores but "NUMEXPR_MAX_THREADS" not set, so enforcing safe limit of 8.]
[2025-01-08 20:46:44,519: INFO: utils: NumExpr defaulting to 8 threads.]
[2025-01-08 20:46:49,339: INFO: stage_04_model_evaluation: >>>>>> stage Evaluation stage started <<<<<<]
[2025-01-08 20:46:49,352: INFO: common: yaml file: C:\Users\Ann Mary\Desktop\chestmlops\Chest-Cancer-Detection-using-MLOps1\src\ChestCancerClassifier\config\config.yaml loaded successfully]
[2025-01-08 20:46:49,362: INFO: common: yaml file: C:\Users\Ann Mary\Desktop\chestmlops\Chest-Cancer-Detection-using-MLOps1\src\ChestCancerClassifier\params.yaml loaded successfully]
[2025-01-08 20:46:49,365: INFO: common: created directory at: artifacts]
[2025-01-08 20:49:26,010: INFO: common: json file saved at: scores.json]
[2025-01-08 20:49:26,012: INFO: common: json file saved at: scores.json]
[2025-01-08 20:49:26,012: INFO: stage_04_model_evaluation: >>>>>> stage Evaluation stage completed <<<<<<

x==========x]
[2025-01-24 21:08:07,317: INFO: utils: Note: NumExpr detected 12 cores but "NUMEXPR_MAX_THREADS" not set, so enforcing safe limit of 8.]
[2025-01-24 21:08:07,320: INFO: utils: NumExpr defaulting to 8 threads.]
[2025-01-24 21:08:10,250: INFO: stage_03_model_trainer: >>>>>> stage Training started <<<<<<]
[2025-01-24 21:08:10,286: INFO: common: yaml file: C:\Users\Ann Mary\Desktop\chestmlops\Chest-Cancer-Detection-using-MLOps1\src\ChestCancerClassifier\config\config.yaml loaded successfully]
[2025-01-24 21:08:10,314: INFO: common: yaml file: C:\Users\Ann Mary\Desktop\chestmlops\Chest-Cancer-Detection-using-MLOps1\src\ChestCancerClassifier\params.yaml loaded successfully]
[2025-01-24 21:08:10,317: INFO: common: created directory at: artifacts]
[2025-01-24 21:08:10,318: INFO: common: created directory at: artifacts\training]
[2025-01-24 22:03:43,337: INFO: stage_03_model_trainer: >>>>>> stage Training completed <<<<<<

x==========x]
[2025-01-24 22:03:56,842: INFO: utils: Note: NumExpr detected 12 cores but "NUMEXPR_MAX_THREADS" not set, so enforcing safe limit of 8.]
[2025-01-24 22:03:56,842: INFO: utils: NumExpr defaulting to 8 threads.]
[2025-01-24 22:04:00,054: INFO: stage_04_model_evaluation: >>>>>> stage Evaluation stage started <<<<<<]
[2025-01-24 22:04:00,058: INFO: common: yaml file: C:\Users\Ann Mary\Desktop\chestmlops\Chest-Cancer-Detection-using-MLOps1\src\ChestCancerClassifier\config\config.yaml loaded successfully]
[2025-01-24 22:04:00,069: INFO: common: yaml file: C:\Users\Ann Mary\Desktop\chestmlops\Chest-Cancer-Detection-using-MLOps1\src\ChestCancerClassifier\params.yaml loaded successfully]
[2025-01-24 22:04:00,070: INFO: common: created directory at: artifacts]
[2025-01-24 22:06:33,442: INFO: common: json file saved at: scores.json]
[2025-01-24 22:06:33,445: INFO: common: json file saved at: scores.json]
[2025-01-24 22:06:33,446: INFO: stage_04_model_evaluation: >>>>>> stage Evaluation stage completed <<<<<<

x==========x]
[2025-01-24 22:37:11,888: INFO: utils: Note: NumExpr detected 12 cores but "NUMEXPR_MAX_THREADS" not set, so enforcing safe limit of 8.]
[2025-01-24 22:37:11,888: INFO: utils: NumExpr defaulting to 8 threads.]
[2025-01-24 22:40:24,201: INFO: utils: Note: NumExpr detected 12 cores but "NUMEXPR_MAX_THREADS" not set, so enforcing safe limit of 8.]
[2025-01-24 22:40:24,201: INFO: utils: NumExpr defaulting to 8 threads.]
[2025-01-24 22:40:27,370: INFO: stage_03_model_trainer: >>>>>> stage Training started <<<<<<]
[2025-01-24 22:40:27,372: INFO: common: yaml file: C:\Users\Ann Mary\Desktop\chestmlops\Chest-Cancer-Detection-using-MLOps1\src\ChestCancerClassifier\config\config.yaml loaded successfully]
[2025-01-24 22:40:27,376: INFO: common: yaml file: C:\Users\Ann Mary\Desktop\chestmlops\Chest-Cancer-Detection-using-MLOps1\src\ChestCancerClassifier\params.yaml loaded successfully]
[2025-01-24 22:40:27,378: INFO: common: created directory at: artifacts]
[2025-01-24 22:40:27,379: INFO: common: created directory at: artifacts\training]
[2025-01-24 22:40:37,966: INFO: _client: HTTP Request: POST https://dagshub.com/login/oauth/middleman "HTTP/1.1 200 OK"]
[2025-01-24 22:40:39,197: INFO: _client: HTTP Request: POST https://dagshub.com/login/oauth/access_token "HTTP/1.1 200 OK"]
[2025-01-24 22:40:40,489: INFO: _client: HTTP Request: GET https://dagshub.com/api/v1/user "HTTP/1.1 200 OK"]
[2025-01-24 22:40:40,503: INFO: helpers: Accessing as Annmary777]
[2025-01-24 22:40:41,548: INFO: _client: HTTP Request: GET https://dagshub.com/api/v1/repos/Annmary777/Chest-Cancer-Detection-using-MLOps1 "HTTP/1.1 200 OK"]
[2025-01-24 22:40:42,488: INFO: _client: HTTP Request: GET https://dagshub.com/api/v1/user "HTTP/1.1 200 OK"]
[2025-01-24 22:40:42,828: INFO: helpers: Initialized MLflow to track repo "Annmary777/Chest-Cancer-Detection-using-MLOps1"]
[2025-01-24 22:40:42,830: INFO: helpers: Repository Annmary777/Chest-Cancer-Detection-using-MLOps1 initialized!]
[2025-01-24 23:30:03,077: INFO: stage_03_model_trainer: >>>>>> stage Training completed <<<<<<

x==========x]
[2025-01-24 23:39:52,116: INFO: utils: Note: NumExpr detected 12 cores but "NUMEXPR_MAX_THREADS" not set, so enforcing safe limit of 8.]
[2025-01-24 23:39:52,117: INFO: utils: NumExpr defaulting to 8 threads.]
[2025-01-24 23:39:57,626: INFO: stage_04_model_evaluation: >>>>>> stage Evaluation stage started <<<<<<]
[2025-01-24 23:39:57,630: INFO: common: yaml file: C:\Users\Ann Mary\Desktop\chestmlops\Chest-Cancer-Detection-using-MLOps1\src\ChestCancerClassifier\config\config.yaml loaded successfully]
[2025-01-24 23:39:57,633: INFO: common: yaml file: C:\Users\Ann Mary\Desktop\chestmlops\Chest-Cancer-Detection-using-MLOps1\src\ChestCancerClassifier\params.yaml loaded successfully]
[2025-01-24 23:39:57,635: INFO: common: created directory at: artifacts]
[2025-01-24 23:39:58,531: INFO: _client: HTTP Request: GET https://dagshub.com/api/v1/user "HTTP/1.1 200 OK"]
[2025-01-24 23:39:58,553: INFO: helpers: Accessing as Annmary777]
[2025-01-24 23:39:59,467: INFO: _client: HTTP Request: GET https://dagshub.com/api/v1/repos/Annmary777/Chest-Cancer-Detection-using-MLOps1 "HTTP/1.1 200 OK"]
[2025-01-24 23:40:00,453: INFO: _client: HTTP Request: GET https://dagshub.com/api/v1/user "HTTP/1.1 200 OK"]
[2025-01-24 23:40:00,460: INFO: helpers: Initialized MLflow to track repo "Annmary777/Chest-Cancer-Detection-using-MLOps1"]
[2025-01-24 23:40:00,462: INFO: helpers: Repository Annmary777/Chest-Cancer-Detection-using-MLOps1 initialized!]
[2025-01-24 23:42:05,091: INFO: common: json file saved at: scores.json]
[2025-01-24 23:42:05,111: INFO: common: json file saved at: scores.json]
[2025-01-24 23:42:05,720: INFO: stage_04_model_evaluation: >>>>>> stage Evaluation stage completed <<<<<<

x==========x]
[2025-01-24 23:54:04,402: INFO: utils: Note: NumExpr detected 12 cores but "NUMEXPR_MAX_THREADS" not set, so enforcing safe limit of 8.]
[2025-01-24 23:54:04,403: INFO: utils: NumExpr defaulting to 8 threads.]
[2025-01-24 23:54:08,833: INFO: stage_03_model_trainer: >>>>>> stage Training started <<<<<<]
[2025-01-24 23:54:08,838: INFO: common: yaml file: C:\Users\Ann Mary\Desktop\chestmlops\Chest-Cancer-Detection-using-MLOps1\src\ChestCancerClassifier\config\config.yaml loaded successfully]
[2025-01-24 23:54:08,844: INFO: common: yaml file: C:\Users\Ann Mary\Desktop\chestmlops\Chest-Cancer-Detection-using-MLOps1\src\ChestCancerClassifier\params.yaml loaded successfully]
[2025-01-24 23:54:08,853: INFO: common: created directory at: artifacts]
[2025-01-24 23:54:08,854: INFO: common: created directory at: artifacts\training]
[2025-01-24 23:54:09,687: INFO: _client: HTTP Request: GET https://dagshub.com/api/v1/user "HTTP/1.1 200 OK"]
[2025-01-24 23:54:09,710: INFO: helpers: Accessing as Annmary777]
[2025-01-24 23:54:10,459: INFO: _client: HTTP Request: GET https://dagshub.com/api/v1/repos/Annmary777/Chest-Cancer-Detection-using-MLOps1 "HTTP/1.1 200 OK"]
[2025-01-24 23:54:11,166: INFO: _client: HTTP Request: GET https://dagshub.com/api/v1/user "HTTP/1.1 200 OK"]
[2025-01-24 23:54:11,170: INFO: helpers: Initialized MLflow to track repo "Annmary777/Chest-Cancer-Detection-using-MLOps1"]
[2025-01-24 23:54:11,172: INFO: helpers: Repository Annmary777/Chest-Cancer-Detection-using-MLOps1 initialized!]
[2025-01-24 23:57:18,545: INFO: utils: Note: NumExpr detected 12 cores but "NUMEXPR_MAX_THREADS" not set, so enforcing safe limit of 8.]
[2025-01-24 23:57:18,546: INFO: utils: NumExpr defaulting to 8 threads.]
[2025-01-24 23:57:23,156: INFO: stage_03_model_trainer: >>>>>> stage Training started <<<<<<]
[2025-01-24 23:57:23,159: INFO: common: yaml file: C:\Users\Ann Mary\Desktop\chestmlops\Chest-Cancer-Detection-using-MLOps1\src\ChestCancerClassifier\config\config.yaml loaded successfully]
[2025-01-24 23:57:23,161: INFO: common: yaml file: C:\Users\Ann Mary\Desktop\chestmlops\Chest-Cancer-Detection-using-MLOps1\src\ChestCancerClassifier\params.yaml loaded successfully]
[2025-01-24 23:57:23,162: INFO: common: created directory at: artifacts]
[2025-01-24 23:57:23,163: INFO: common: created directory at: artifacts\training]
[2025-01-24 23:57:23,850: INFO: _client: HTTP Request: GET https://dagshub.com/api/v1/user "HTTP/1.1 200 OK"]
[2025-01-24 23:57:23,867: INFO: helpers: Accessing as Annmary777]
[2025-01-24 23:57:24,746: INFO: _client: HTTP Request: GET https://dagshub.com/api/v1/repos/Annmary777/Chest-Cancer-Detection-using-MLOps1 "HTTP/1.1 200 OK"]
[2025-01-24 23:57:25,460: INFO: _client: HTTP Request: GET https://dagshub.com/api/v1/user "HTTP/1.1 200 OK"]
[2025-01-24 23:57:25,466: INFO: helpers: Initialized MLflow to track repo "Annmary777/Chest-Cancer-Detection-using-MLOps1"]
[2025-01-24 23:57:25,468: INFO: helpers: Repository Annmary777/Chest-Cancer-Detection-using-MLOps1 initialized!]
[2025-01-25 00:00:40,940: INFO: utils: Note: NumExpr detected 12 cores but "NUMEXPR_MAX_THREADS" not set, so enforcing safe limit of 8.]
[2025-01-25 00:00:40,941: INFO: utils: NumExpr defaulting to 8 threads.]
[2025-01-25 00:00:46,447: INFO: stage_03_model_trainer: >>>>>> stage Training started <<<<<<]
[2025-01-25 00:00:46,452: INFO: common: yaml file: C:\Users\Ann Mary\Desktop\chestmlops\Chest-Cancer-Detection-using-MLOps1\src\ChestCancerClassifier\config\config.yaml loaded successfully]
[2025-01-25 00:00:46,455: INFO: common: yaml file: C:\Users\Ann Mary\Desktop\chestmlops\Chest-Cancer-Detection-using-MLOps1\src\ChestCancerClassifier\params.yaml loaded successfully]
[2025-01-25 00:00:46,456: INFO: common: created directory at: artifacts]
[2025-01-25 00:00:46,457: INFO: common: created directory at: artifacts\training]
[2025-01-25 00:00:47,172: INFO: _client: HTTP Request: GET https://dagshub.com/api/v1/user "HTTP/1.1 200 OK"]
[2025-01-25 00:00:47,181: INFO: helpers: Accessing as Annmary777]
[2025-01-25 00:00:47,886: INFO: _client: HTTP Request: GET https://dagshub.com/api/v1/repos/Annmary777/Chest-Cancer-Detection-using-MLOps1 "HTTP/1.1 200 OK"]
[2025-01-25 00:00:48,627: INFO: _client: HTTP Request: GET https://dagshub.com/api/v1/user "HTTP/1.1 200 OK"]
[2025-01-25 00:00:48,633: INFO: helpers: Initialized MLflow to track repo "Annmary777/Chest-Cancer-Detection-using-MLOps1"]
[2025-01-25 00:00:48,636: INFO: helpers: Repository Annmary777/Chest-Cancer-Detection-using-MLOps1 initialized!]
[2025-01-25 00:05:25,073: INFO: utils: Note: NumExpr detected 12 cores but "NUMEXPR_MAX_THREADS" not set, so enforcing safe limit of 8.]
[2025-01-25 00:05:25,074: INFO: utils: NumExpr defaulting to 8 threads.]
[2025-01-25 00:05:29,935: INFO: stage_03_model_trainer: >>>>>> stage Training started <<<<<<]
[2025-01-25 00:05:29,937: INFO: common: yaml file: C:\Users\Ann Mary\Desktop\chestmlops\Chest-Cancer-Detection-using-MLOps1\src\ChestCancerClassifier\config\config.yaml loaded successfully]
[2025-01-25 00:05:29,941: INFO: common: yaml file: C:\Users\Ann Mary\Desktop\chestmlops\Chest-Cancer-Detection-using-MLOps1\src\ChestCancerClassifier\params.yaml loaded successfully]
[2025-01-25 00:05:29,944: INFO: common: created directory at: artifacts]
[2025-01-25 00:05:29,944: INFO: common: created directory at: artifacts\training]
[2025-01-25 00:05:30,897: INFO: _client: HTTP Request: GET https://dagshub.com/api/v1/user "HTTP/1.1 200 OK"]
[2025-01-25 00:05:30,916: INFO: helpers: Accessing as Annmary777]
[2025-01-25 00:05:31,604: INFO: _client: HTTP Request: GET https://dagshub.com/api/v1/repos/Annmary777/Chest-Cancer-Detection-using-MLOps1 "HTTP/1.1 200 OK"]
[2025-01-25 00:05:32,376: INFO: _client: HTTP Request: GET https://dagshub.com/api/v1/user "HTTP/1.1 200 OK"]
[2025-01-25 00:05:32,381: INFO: helpers: Initialized MLflow to track repo "Annmary777/Chest-Cancer-Detection-using-MLOps1"]
[2025-01-25 00:05:32,384: INFO: helpers: Repository Annmary777/Chest-Cancer-Detection-using-MLOps1 initialized!]
[2025-01-25 00:07:59,026: INFO: utils: Note: NumExpr detected 12 cores but "NUMEXPR_MAX_THREADS" not set, so enforcing safe limit of 8.]
[2025-01-25 00:07:59,028: INFO: utils: NumExpr defaulting to 8 threads.]
[2025-01-25 00:08:03,555: INFO: stage_03_model_trainer: >>>>>> stage Training started <<<<<<]
[2025-01-25 00:08:03,557: INFO: common: yaml file: C:\Users\Ann Mary\Desktop\chestmlops\Chest-Cancer-Detection-using-MLOps1\src\ChestCancerClassifier\config\config.yaml loaded successfully]
[2025-01-25 00:08:03,562: INFO: common: yaml file: C:\Users\Ann Mary\Desktop\chestmlops\Chest-Cancer-Detection-using-MLOps1\src\ChestCancerClassifier\params.yaml loaded successfully]
[2025-01-25 00:08:03,564: INFO: common: created directory at: artifacts]
[2025-01-25 00:08:03,566: INFO: common: created directory at: artifacts\training]
[2025-01-25 00:08:04,440: INFO: _client: HTTP Request: GET https://dagshub.com/api/v1/user "HTTP/1.1 200 OK"]
[2025-01-25 00:08:04,456: INFO: helpers: Accessing as Annmary777]
[2025-01-25 00:08:05,177: INFO: _client: HTTP Request: GET https://dagshub.com/api/v1/repos/Annmary777/Chest-Cancer-Detection-using-MLOps1 "HTTP/1.1 200 OK"]
[2025-01-25 00:08:06,111: INFO: _client: HTTP Request: GET https://dagshub.com/api/v1/user "HTTP/1.1 200 OK"]
[2025-01-25 00:08:06,119: INFO: helpers: Initialized MLflow to track repo "Annmary777/Chest-Cancer-Detection-using-MLOps1"]
[2025-01-25 00:08:06,120: INFO: helpers: Repository Annmary777/Chest-Cancer-Detection-using-MLOps1 initialized!]
[2025-01-25 00:45:46,761: ERROR: stage_03_model_trainer: INVALID_PARAMETER_VALUE: Response: {'error_code': 'INVALID_PARAMETER_VALUE'}]
Traceback (most recent call last):
  File "e:/Desktop/Fall Detection MLOps Project/src/ChestCancerClassifier/pipeline/stage_03_model_trainer.py", line 63, in <module>
    obj.main()
  File "e:/Desktop/Fall Detection MLOps Project/src/ChestCancerClassifier/pipeline/stage_03_model_trainer.py", line 56, in main
    mlflow.log_metric(metric_name, metric_value)
  File "C:\Users\Ann Mary\miniconda3\envs\mxry\lib\site-packages\mlflow\tracking\fluent.py", line 168, in __exit__
    end_run(RunStatus.to_string(status))
  File "C:\Users\Ann Mary\miniconda3\envs\mxry\lib\site-packages\mlflow\tracking\fluent.py", line 393, in end_run
    MlflowClient().set_terminated(run.info.run_id, status)
  File "C:\Users\Ann Mary\miniconda3\envs\mxry\lib\site-packages\mlflow\tracking\client.py", line 1538, in set_terminated
    self._tracking_client.set_terminated(run_id, status, end_time)
  File "C:\Users\Ann Mary\miniconda3\envs\mxry\lib\site-packages\mlflow\tracking\_tracking_service\client.py", line 485, in set_terminated
    self.store.update_run_info(
  File "C:\Users\Ann Mary\miniconda3\envs\mxry\lib\site-packages\mlflow\store\tracking\rest_store.py", line 148, in update_run_info
    response_proto = self._call_endpoint(UpdateRun, req_body)
  File "C:\Users\Ann Mary\miniconda3\envs\mxry\lib\site-packages\mlflow\store\tracking\rest_store.py", line 56, in _call_endpoint
    return call_endpoint(self.get_host_creds(), endpoint, method, json_body, response_proto)
  File "C:\Users\Ann Mary\miniconda3\envs\mxry\lib\site-packages\mlflow\utils\rest_utils.py", line 281, in call_endpoint
    response = verify_rest_response(response, endpoint)
  File "C:\Users\Ann Mary\miniconda3\envs\mxry\lib\site-packages\mlflow\utils\rest_utils.py", line 207, in verify_rest_response
    raise RestException(json.loads(response.text))
mlflow.exceptions.RestException: INVALID_PARAMETER_VALUE: Response: {'error_code': 'INVALID_PARAMETER_VALUE'}
[2025-01-25 00:56:43,225: INFO: utils: Note: NumExpr detected 12 cores but "NUMEXPR_MAX_THREADS" not set, so enforcing safe limit of 8.]
[2025-01-25 00:56:43,226: INFO: utils: NumExpr defaulting to 8 threads.]
[2025-01-25 00:56:46,738: INFO: stage_03_model_trainer: >>>>>> stage Training started <<<<<<]
[2025-01-25 00:56:46,749: INFO: common: yaml file: C:\Users\Ann Mary\Desktop\chestmlops\Chest-Cancer-Detection-using-MLOps1\src\ChestCancerClassifier\config\config.yaml loaded successfully]
[2025-01-25 00:56:46,767: INFO: common: yaml file: C:\Users\Ann Mary\Desktop\chestmlops\Chest-Cancer-Detection-using-MLOps1\src\ChestCancerClassifier\params.yaml loaded successfully]
[2025-01-25 00:56:46,768: INFO: common: created directory at: artifacts]
[2025-01-25 00:56:46,769: INFO: common: created directory at: artifacts\training]
[2025-01-25 00:56:47,522: INFO: _client: HTTP Request: GET https://dagshub.com/api/v1/user "HTTP/1.1 200 OK"]
[2025-01-25 00:56:47,533: INFO: helpers: Accessing as Annmary777]
[2025-01-25 00:56:48,101: INFO: _client: HTTP Request: GET https://dagshub.com/api/v1/repos/Annmary777/Fall-Detection "HTTP/1.1 404 Not Found"]
[2025-01-25 00:56:48,104: INFO: helpers: Repository Fall-Detection doesn't exist, creating it under current user.]
[2025-01-25 00:56:48,898: INFO: _client: HTTP Request: POST https://dagshub.com/api/v1/user/repos "HTTP/1.1 201 Created"]
[2025-01-25 00:56:49,452: INFO: _client: HTTP Request: GET https://dagshub.com/api/v1/user "HTTP/1.1 200 OK"]
[2025-01-25 00:56:49,464: INFO: helpers: Initialized MLflow to track repo "Annmary777/Fall-Detection"]
[2025-01-25 00:56:49,465: INFO: helpers: Repository Annmary777/Fall-Detection initialized!]
[2025-01-25 20:56:04,288: WARNING: connectionpool: Retrying (Retry(total=4, connect=4, read=5, redirect=5, status=5)) after connection broken by 'NewConnectionError('<urllib3.connection.HTTPSConnection object at 0x0000021EF7A055B0>: Failed to establish a new connection: [Errno 11001] getaddrinfo failed')': /Annmary777/Fall-Detection.mlflow/api/2.0/mlflow/runs/update]
[2025-01-25 20:56:20,323: WARNING: connectionpool: Retrying (Retry(total=3, connect=3, read=5, redirect=5, status=5)) after connection broken by 'NewConnectionError('<urllib3.connection.HTTPSConnection object at 0x0000021E822EBA90>: Failed to establish a new connection: [Errno 11001] getaddrinfo failed')': /Annmary777/Fall-Detection.mlflow/api/2.0/mlflow/runs/update]
[2025-01-25 20:56:40,358: WARNING: connectionpool: Retrying (Retry(total=2, connect=2, read=5, redirect=5, status=5)) after connection broken by 'NewConnectionError('<urllib3.connection.HTTPSConnection object at 0x0000021E822EBEB0>: Failed to establish a new connection: [Errno 11001] getaddrinfo failed')': /Annmary777/Fall-Detection.mlflow/api/2.0/mlflow/runs/update]
[2025-01-25 20:57:40,210: WARNING: connectionpool: Retrying (Retry(total=1, connect=2, read=5, redirect=5, status=5)) after connection broken by 'SSLError(SSLCertVerificationError(1, '[SSL: CERTIFICATE_VERIFY_FAILED] certificate verify failed: self-signed certificate in certificate chain (_ssl.c:1135)'))': /Annmary777/Fall-Detection.mlflow/api/2.0/mlflow/runs/update]
[2025-01-25 20:58:45,315: WARNING: connectionpool: Retrying (Retry(total=0, connect=1, read=5, redirect=5, status=5)) after connection broken by 'NewConnectionError('<urllib3.connection.HTTPSConnection object at 0x0000021E822EBFD0>: Failed to establish a new connection: [WinError 10060] A connection attempt failed because the connected party did not properly respond after a period of time, or established connection failed because connected host has failed to respond')': /Annmary777/Fall-Detection.mlflow/api/2.0/mlflow/runs/update]
[2025-01-25 20:58:45,324: ERROR: stage_03_model_trainer: API request to https://dagshub.com/Annmary777/Fall-Detection.mlflow/api/2.0/mlflow/runs/update failed with exception HTTPSConnectionPool(host='dagshub.com', port=443): Max retries exceeded with url: /Annmary777/Fall-Detection.mlflow/api/2.0/mlflow/runs/update (Caused by NewConnectionError('<urllib3.connection.HTTPSConnection object at 0x0000021E822F91C0>: Failed to establish a new connection: [Errno 11001] getaddrinfo failed'))]
Traceback (most recent call last):
  File "C:\Users\Ann Mary\miniconda3\envs\mxry\lib\site-packages\urllib3\connection.py", line 174, in _new_conn
    conn = connection.create_connection(
  File "C:\Users\Ann Mary\miniconda3\envs\mxry\lib\site-packages\urllib3\util\connection.py", line 72, in create_connection
    for res in socket.getaddrinfo(host, port, family, socket.SOCK_STREAM):
  File "C:\Users\Ann Mary\miniconda3\envs\mxry\lib\socket.py", line 918, in getaddrinfo
    for res in _socket.getaddrinfo(host, port, family, type, proto, flags):
socket.gaierror: [Errno 11001] getaddrinfo failed

During handling of the above exception, another exception occurred:

Traceback (most recent call last):
  File "C:\Users\Ann Mary\miniconda3\envs\mxry\lib\site-packages\urllib3\connectionpool.py", line 715, in urlopen
    httplib_response = self._make_request(
  File "C:\Users\Ann Mary\miniconda3\envs\mxry\lib\site-packages\urllib3\connectionpool.py", line 404, in _make_request
    self._validate_conn(conn)
  File "C:\Users\Ann Mary\miniconda3\envs\mxry\lib\site-packages\urllib3\connectionpool.py", line 1060, in _validate_conn
    conn.connect()
  File "C:\Users\Ann Mary\miniconda3\envs\mxry\lib\site-packages\urllib3\connection.py", line 363, in connect
    self.sock = conn = self._new_conn()
  File "C:\Users\Ann Mary\miniconda3\envs\mxry\lib\site-packages\urllib3\connection.py", line 186, in _new_conn
    raise NewConnectionError(
urllib3.exceptions.NewConnectionError: <urllib3.connection.HTTPSConnection object at 0x0000021E822F91C0>: Failed to establish a new connection: [Errno 11001] getaddrinfo failed

During handling of the above exception, another exception occurred:

Traceback (most recent call last):
  File "C:\Users\Ann Mary\miniconda3\envs\mxry\lib\site-packages\requests\adapters.py", line 589, in send
    resp = conn.urlopen(
  File "C:\Users\Ann Mary\miniconda3\envs\mxry\lib\site-packages\urllib3\connectionpool.py", line 829, in urlopen
    return self.urlopen(
  File "C:\Users\Ann Mary\miniconda3\envs\mxry\lib\site-packages\urllib3\connectionpool.py", line 829, in urlopen
    return self.urlopen(
  File "C:\Users\Ann Mary\miniconda3\envs\mxry\lib\site-packages\urllib3\connectionpool.py", line 829, in urlopen
    return self.urlopen(
  [Previous line repeated 2 more times]
  File "C:\Users\Ann Mary\miniconda3\envs\mxry\lib\site-packages\urllib3\connectionpool.py", line 801, in urlopen
    retries = retries.increment(
  File "C:\Users\Ann Mary\miniconda3\envs\mxry\lib\site-packages\urllib3\util\retry.py", line 594, in increment
    raise MaxRetryError(_pool, url, error or ResponseError(cause))
urllib3.exceptions.MaxRetryError: HTTPSConnectionPool(host='dagshub.com', port=443): Max retries exceeded with url: /Annmary777/Fall-Detection.mlflow/api/2.0/mlflow/runs/update (Caused by NewConnectionError('<urllib3.connection.HTTPSConnection object at 0x0000021E822F91C0>: Failed to establish a new connection: [Errno 11001] getaddrinfo failed'))

During handling of the above exception, another exception occurred:

Traceback (most recent call last):
  File "C:\Users\Ann Mary\miniconda3\envs\mxry\lib\site-packages\mlflow\utils\rest_utils.py", line 167, in http_request
    return _get_http_response_with_retries(
  File "C:\Users\Ann Mary\miniconda3\envs\mxry\lib\site-packages\mlflow\utils\rest_utils.py", line 98, in _get_http_response_with_retries
    return session.request(method, url, **kwargs)
  File "C:\Users\Ann Mary\miniconda3\envs\mxry\lib\site-packages\requests\sessions.py", line 589, in request
    resp = self.send(prep, **send_kwargs)
  File "C:\Users\Ann Mary\miniconda3\envs\mxry\lib\site-packages\requests\sessions.py", line 703, in send
    r = adapter.send(request, **kwargs)
  File "C:\Users\Ann Mary\miniconda3\envs\mxry\lib\site-packages\requests\adapters.py", line 622, in send
    raise ConnectionError(e, request=request)
requests.exceptions.ConnectionError: HTTPSConnectionPool(host='dagshub.com', port=443): Max retries exceeded with url: /Annmary777/Fall-Detection.mlflow/api/2.0/mlflow/runs/update (Caused by NewConnectionError('<urllib3.connection.HTTPSConnection object at 0x0000021E822F91C0>: Failed to establish a new connection: [Errno 11001] getaddrinfo failed'))

During handling of the above exception, another exception occurred:

Traceback (most recent call last):
  File "e:/Desktop/Fall Detection MLOps Project/src/ChestCancerClassifier/pipeline/stage_03_model_trainer.py", line 66, in <module>
    obj.main()
  File "e:/Desktop/Fall Detection MLOps Project/src/ChestCancerClassifier/pipeline/stage_03_model_trainer.py", line 59, in main
    mlflow.log_param(metric_name, str(metric_value))
  File "C:\Users\Ann Mary\miniconda3\envs\mxry\lib\site-packages\mlflow\tracking\fluent.py", line 168, in __exit__
    end_run(RunStatus.to_string(status))
  File "C:\Users\Ann Mary\miniconda3\envs\mxry\lib\site-packages\mlflow\tracking\fluent.py", line 393, in end_run
    MlflowClient().set_terminated(run.info.run_id, status)
  File "C:\Users\Ann Mary\miniconda3\envs\mxry\lib\site-packages\mlflow\tracking\client.py", line 1538, in set_terminated
    self._tracking_client.set_terminated(run_id, status, end_time)
  File "C:\Users\Ann Mary\miniconda3\envs\mxry\lib\site-packages\mlflow\tracking\_tracking_service\client.py", line 485, in set_terminated
    self.store.update_run_info(
  File "C:\Users\Ann Mary\miniconda3\envs\mxry\lib\site-packages\mlflow\store\tracking\rest_store.py", line 148, in update_run_info
    response_proto = self._call_endpoint(UpdateRun, req_body)
  File "C:\Users\Ann Mary\miniconda3\envs\mxry\lib\site-packages\mlflow\store\tracking\rest_store.py", line 56, in _call_endpoint
    return call_endpoint(self.get_host_creds(), endpoint, method, json_body, response_proto)
  File "C:\Users\Ann Mary\miniconda3\envs\mxry\lib\site-packages\mlflow\utils\rest_utils.py", line 278, in call_endpoint
    response = http_request(
  File "C:\Users\Ann Mary\miniconda3\envs\mxry\lib\site-packages\mlflow\utils\rest_utils.py", line 185, in http_request
    raise MlflowException(f"API request to {url} failed with exception {e}")
mlflow.exceptions.MlflowException: API request to https://dagshub.com/Annmary777/Fall-Detection.mlflow/api/2.0/mlflow/runs/update failed with exception HTTPSConnectionPool(host='dagshub.com', port=443): Max retries exceeded with url: /Annmary777/Fall-Detection.mlflow/api/2.0/mlflow/runs/update (Caused by NewConnectionError('<urllib3.connection.HTTPSConnection object at 0x0000021E822F91C0>: Failed to establish a new connection: [Errno 11001] getaddrinfo failed'))
[2025-01-25 22:11:27,278: INFO: utils: Note: NumExpr detected 12 cores but "NUMEXPR_MAX_THREADS" not set, so enforcing safe limit of 8.]
[2025-01-25 22:11:27,279: INFO: utils: NumExpr defaulting to 8 threads.]
[2025-01-25 22:11:30,355: INFO: stage_03_model_trainer: >>>>>> stage Training started <<<<<<]
[2025-01-25 22:11:30,355: INFO: stage_03_model_trainer: Loading configuration...]
[2025-01-25 22:11:30,372: INFO: common: yaml file: C:\Users\Ann Mary\Desktop\chestmlops\Chest-Cancer-Detection-using-MLOps1\src\ChestCancerClassifier\config\config.yaml loaded successfully]
[2025-01-25 22:11:30,386: INFO: common: yaml file: C:\Users\Ann Mary\Desktop\chestmlops\Chest-Cancer-Detection-using-MLOps1\src\ChestCancerClassifier\params.yaml loaded successfully]
[2025-01-25 22:11:30,388: INFO: common: created directory at: artifacts]
[2025-01-25 22:11:30,388: INFO: common: created directory at: artifacts\training]
[2025-01-25 22:11:30,388: INFO: stage_03_model_trainer: Initializing Training component...]
[2025-01-25 22:11:30,388: INFO: stage_03_model_trainer: Initializing DagsHub MLflow integration...]
[2025-01-25 22:11:30,389: ERROR: stage_03_model_trainer: init() got an unexpected keyword argument 'token']
Traceback (most recent call last):
  File "e:/Desktop/Fall Detection MLOps Project/src/ChestCancerClassifier/pipeline/stage_03_model_trainer.py", line 106, in <module>
    obj.main()
  File "e:/Desktop/Fall Detection MLOps Project/src/ChestCancerClassifier/pipeline/stage_03_model_trainer.py", line 54, in main
    dagshub.init(
TypeError: init() got an unexpected keyword argument 'token'
[2025-01-25 22:14:07,119: INFO: utils: Note: NumExpr detected 12 cores but "NUMEXPR_MAX_THREADS" not set, so enforcing safe limit of 8.]
[2025-01-25 22:14:07,120: INFO: utils: NumExpr defaulting to 8 threads.]
[2025-01-25 22:14:10,430: INFO: stage_03_model_trainer: >>>>>> stage Training started <<<<<<]
[2025-01-25 22:14:10,430: INFO: stage_03_model_trainer: Loading configuration...]
[2025-01-25 22:14:10,434: INFO: common: yaml file: C:\Users\Ann Mary\Desktop\chestmlops\Chest-Cancer-Detection-using-MLOps1\src\ChestCancerClassifier\config\config.yaml loaded successfully]
[2025-01-25 22:14:10,437: INFO: common: yaml file: C:\Users\Ann Mary\Desktop\chestmlops\Chest-Cancer-Detection-using-MLOps1\src\ChestCancerClassifier\params.yaml loaded successfully]
[2025-01-25 22:14:10,439: INFO: common: created directory at: artifacts]
[2025-01-25 22:14:10,439: INFO: common: created directory at: artifacts\training]
[2025-01-25 22:14:10,439: INFO: stage_03_model_trainer: Initializing Training component...]
[2025-01-25 22:14:11,849: INFO: _client: HTTP Request: GET https://dagshub.com/api/v1/user "HTTP/1.1 200 OK"]
[2025-01-25 22:14:11,875: INFO: helpers: Accessing as Annmary777]
[2025-01-25 22:14:12,759: INFO: _client: HTTP Request: GET https://dagshub.com/api/v1/repos/Annmary777/Fall-Detection "HTTP/1.1 200 OK"]
[2025-01-25 22:14:13,597: INFO: _client: HTTP Request: GET https://dagshub.com/api/v1/user "HTTP/1.1 200 OK"]
[2025-01-25 22:14:13,604: INFO: helpers: Initialized MLflow to track repo "Annmary777/Fall-Detection"]
[2025-01-25 22:14:13,606: INFO: helpers: Repository Annmary777/Fall-Detection initialized!]
[2025-01-25 22:14:13,606: INFO: stage_03_model_trainer: Starting MLflow run...]
[2025-01-25 22:14:14,767: INFO: stage_03_model_trainer: Logging training parameters...]
[2025-01-25 22:14:17,098: INFO: stage_03_model_trainer: Executing training steps...]
[2025-01-25 22:14:18,308: INFO: stage_03_model_trainer: Training the model...]
[2025-01-25 22:53:13,620: INFO: stage_03_model_trainer: Logging metrics...]
[2025-01-25 22:53:13,632: INFO: stage_03_model_trainer: Logging the trained model to MLflow...]
[2025-01-25 22:53:14,412: ERROR: stage_03_model_trainer: log_model() got an unexpected keyword argument 'tf_model']
Traceback (most recent call last):
  File "e:/Desktop/Fall Detection MLOps Project/src/ChestCancerClassifier/pipeline/stage_03_model_trainer.py", line 99, in <module>
    obj.main()
  File "e:/Desktop/Fall Detection MLOps Project/src/ChestCancerClassifier/pipeline/stage_03_model_trainer.py", line 88, in main
    mlflow.tensorflow.log_model(
TypeError: log_model() got an unexpected keyword argument 'tf_model'
[2025-01-25 23:12:39,012: INFO: utils: Note: NumExpr detected 12 cores but "NUMEXPR_MAX_THREADS" not set, so enforcing safe limit of 8.]
[2025-01-25 23:12:39,015: INFO: utils: NumExpr defaulting to 8 threads.]
[2025-01-25 23:12:43,209: INFO: stage_03_model_trainer: >>>>>> stage Training started <<<<<<]
[2025-01-25 23:12:43,210: INFO: stage_03_model_trainer: Loading configuration...]
[2025-01-25 23:12:43,212: INFO: common: yaml file: C:\Users\Ann Mary\Desktop\chestmlops\Chest-Cancer-Detection-using-MLOps1\src\ChestCancerClassifier\config\config.yaml loaded successfully]
[2025-01-25 23:12:43,216: INFO: common: yaml file: C:\Users\Ann Mary\Desktop\chestmlops\Chest-Cancer-Detection-using-MLOps1\src\ChestCancerClassifier\params.yaml loaded successfully]
[2025-01-25 23:12:43,218: INFO: common: created directory at: artifacts]
[2025-01-25 23:12:43,218: INFO: common: created directory at: artifacts\training]
[2025-01-25 23:12:43,219: INFO: stage_03_model_trainer: Initializing Training component...]
[2025-01-25 23:12:44,074: INFO: _client: HTTP Request: GET https://dagshub.com/api/v1/user "HTTP/1.1 200 OK"]
[2025-01-25 23:12:44,083: INFO: helpers: Accessing as Annmary777]
[2025-01-25 23:12:44,885: INFO: _client: HTTP Request: GET https://dagshub.com/api/v1/repos/Annmary777/Fall-Detection "HTTP/1.1 200 OK"]
[2025-01-25 23:12:45,605: INFO: _client: HTTP Request: GET https://dagshub.com/api/v1/user "HTTP/1.1 200 OK"]
[2025-01-25 23:12:45,608: INFO: helpers: Initialized MLflow to track repo "Annmary777/Fall-Detection"]
[2025-01-25 23:12:45,610: INFO: helpers: Repository Annmary777/Fall-Detection initialized!]
[2025-01-25 23:12:45,610: INFO: stage_03_model_trainer: Starting MLflow run...]
[2025-01-25 23:12:46,623: INFO: stage_03_model_trainer: Logging training parameters...]
[2025-01-25 23:12:48,476: INFO: stage_03_model_trainer: Executing training steps...]
[2025-01-25 23:12:49,408: INFO: stage_03_model_trainer: Training the model...]
[2025-01-25 23:32:05,301: INFO: utils: Note: NumExpr detected 12 cores but "NUMEXPR_MAX_THREADS" not set, so enforcing safe limit of 8.]
[2025-01-25 23:32:05,303: INFO: utils: NumExpr defaulting to 8 threads.]
[2025-01-25 23:32:09,015: INFO: stage_03_model_trainer: >>>>>> stage Training started <<<<<<]
[2025-01-25 23:32:09,016: INFO: stage_03_model_trainer: Loading configuration...]
[2025-01-25 23:32:09,018: INFO: common: yaml file: C:\Users\Ann Mary\Desktop\chestmlops\Chest-Cancer-Detection-using-MLOps1\src\ChestCancerClassifier\config\config.yaml loaded successfully]
[2025-01-25 23:32:09,022: INFO: common: yaml file: C:\Users\Ann Mary\Desktop\chestmlops\Chest-Cancer-Detection-using-MLOps1\src\ChestCancerClassifier\params.yaml loaded successfully]
[2025-01-25 23:32:09,024: INFO: common: created directory at: artifacts]
[2025-01-25 23:32:09,025: INFO: common: created directory at: artifacts\training]
[2025-01-25 23:32:09,025: ERROR: stage_03_model_trainer: cannot assign to field 'params_epochs']
Traceback (most recent call last):
  File "e:/Desktop/Fall Detection MLOps Project/src/ChestCancerClassifier/pipeline/stage_03_model_trainer.py", line 110, in <module>
    obj.main()
  File "e:/Desktop/Fall Detection MLOps Project/src/ChestCancerClassifier/pipeline/stage_03_model_trainer.py", line 43, in main
    training_config.params_epochs = 1
  File "<string>", line 4, in __setattr__
dataclasses.FrozenInstanceError: cannot assign to field 'params_epochs'
[2025-01-25 23:49:58,047: INFO: utils: Note: NumExpr detected 12 cores but "NUMEXPR_MAX_THREADS" not set, so enforcing safe limit of 8.]
[2025-01-25 23:49:58,049: INFO: utils: NumExpr defaulting to 8 threads.]
[2025-01-25 23:50:01,864: INFO: stage_03_model_trainer: >>>>>> stage Training started <<<<<<]
[2025-01-25 23:50:01,865: INFO: stage_03_model_trainer: Loading configuration...]
[2025-01-25 23:50:01,867: INFO: common: yaml file: C:\Users\Ann Mary\Desktop\chestmlops\Chest-Cancer-Detection-using-MLOps1\src\ChestCancerClassifier\config\config.yaml loaded successfully]
[2025-01-25 23:50:01,872: INFO: common: yaml file: C:\Users\Ann Mary\Desktop\chestmlops\Chest-Cancer-Detection-using-MLOps1\src\ChestCancerClassifier\params.yaml loaded successfully]
[2025-01-25 23:50:01,873: INFO: common: created directory at: artifacts]
[2025-01-25 23:50:01,874: INFO: common: created directory at: artifacts\training]
[2025-01-25 23:50:01,875: INFO: stage_03_model_trainer: Initializing Training component...]
[2025-01-25 23:50:02,549: INFO: _client: HTTP Request: GET https://dagshub.com/api/v1/user "HTTP/1.1 200 OK"]
[2025-01-25 23:50:02,558: INFO: helpers: Accessing as Annmary777]
[2025-01-25 23:50:03,254: INFO: _client: HTTP Request: GET https://dagshub.com/api/v1/repos/Annmary777/Fall-Detection "HTTP/1.1 200 OK"]
[2025-01-25 23:50:03,995: INFO: _client: HTTP Request: GET https://dagshub.com/api/v1/user "HTTP/1.1 200 OK"]
[2025-01-25 23:50:03,997: INFO: helpers: Initialized MLflow to track repo "Annmary777/Fall-Detection"]
[2025-01-25 23:50:03,999: INFO: helpers: Repository Annmary777/Fall-Detection initialized!]
[2025-01-25 23:50:03,999: INFO: stage_03_model_trainer: Starting MLflow run...]
[2025-01-25 23:50:04,845: INFO: stage_03_model_trainer: Logging training parameters...]
[2025-01-25 23:50:07,854: INFO: stage_03_model_trainer: Executing training steps...]
[2025-01-25 23:50:08,774: INFO: stage_03_model_trainer: Training the model...]
[2025-01-25 23:50:36,779: INFO: utils: Note: NumExpr detected 12 cores but "NUMEXPR_MAX_THREADS" not set, so enforcing safe limit of 8.]
[2025-01-25 23:50:36,780: INFO: utils: NumExpr defaulting to 8 threads.]
[2025-01-25 23:50:39,379: INFO: stage_03_model_trainer: >>>>>> stage Training started <<<<<<]
[2025-01-25 23:50:39,380: INFO: stage_03_model_trainer: Loading configuration...]
[2025-01-25 23:50:39,382: INFO: common: yaml file: C:\Users\Ann Mary\Desktop\chestmlops\Chest-Cancer-Detection-using-MLOps1\src\ChestCancerClassifier\config\config.yaml loaded successfully]
[2025-01-25 23:50:39,393: INFO: common: yaml file: C:\Users\Ann Mary\Desktop\chestmlops\Chest-Cancer-Detection-using-MLOps1\src\ChestCancerClassifier\params.yaml loaded successfully]
[2025-01-25 23:50:39,394: INFO: common: created directory at: artifacts]
[2025-01-25 23:50:39,395: INFO: common: created directory at: artifacts\training]
[2025-01-25 23:50:39,395: INFO: stage_03_model_trainer: Initializing Training component...]
[2025-01-25 23:50:40,038: INFO: _client: HTTP Request: GET https://dagshub.com/api/v1/user "HTTP/1.1 200 OK"]
[2025-01-25 23:50:40,046: INFO: helpers: Accessing as Annmary777]
[2025-01-25 23:50:40,751: INFO: _client: HTTP Request: GET https://dagshub.com/api/v1/repos/Annmary777/Fall-Detection "HTTP/1.1 200 OK"]
[2025-01-25 23:50:41,484: INFO: _client: HTTP Request: GET https://dagshub.com/api/v1/user "HTTP/1.1 200 OK"]
[2025-01-25 23:50:41,486: INFO: helpers: Initialized MLflow to track repo "Annmary777/Fall-Detection"]
[2025-01-25 23:50:41,487: INFO: helpers: Repository Annmary777/Fall-Detection initialized!]
[2025-01-25 23:50:41,487: INFO: stage_03_model_trainer: Starting MLflow run...]
[2025-01-25 23:50:42,316: INFO: stage_03_model_trainer: Logging training parameters...]
[2025-01-25 23:50:44,613: INFO: stage_03_model_trainer: Executing training steps...]
[2025-01-25 23:50:45,059: INFO: stage_03_model_trainer: Training the model...]
[2025-01-26 00:04:24,135: INFO: utils: Note: NumExpr detected 12 cores but "NUMEXPR_MAX_THREADS" not set, so enforcing safe limit of 8.]
[2025-01-26 00:04:24,136: INFO: utils: NumExpr defaulting to 8 threads.]
[2025-01-26 00:04:27,184: INFO: stage_04_model_evaluation: >>>>>> stage Evaluation stage started <<<<<<]
[2025-01-26 00:04:27,185: INFO: stage_04_model_evaluation: Loading evaluation configuration...]
[2025-01-26 00:04:27,189: INFO: common: yaml file: C:\Users\Ann Mary\Desktop\chestmlops\Chest-Cancer-Detection-using-MLOps1\src\ChestCancerClassifier\config\config.yaml loaded successfully]
[2025-01-26 00:04:27,192: INFO: common: yaml file: C:\Users\Ann Mary\Desktop\chestmlops\Chest-Cancer-Detection-using-MLOps1\src\ChestCancerClassifier\params.yaml loaded successfully]
[2025-01-26 00:04:27,193: INFO: common: created directory at: artifacts]
[2025-01-26 00:04:28,036: INFO: _client: HTTP Request: GET https://dagshub.com/api/v1/user "HTTP/1.1 200 OK"]
[2025-01-26 00:04:28,045: INFO: helpers: Accessing as Annmary777]
[2025-01-26 00:04:28,821: INFO: _client: HTTP Request: GET https://dagshub.com/api/v1/repos/Annmary777/Chest-Cancer-Detection-using-MLOps1 "HTTP/1.1 200 OK"]
[2025-01-26 00:04:29,578: INFO: _client: HTTP Request: GET https://dagshub.com/api/v1/user "HTTP/1.1 200 OK"]
[2025-01-26 00:04:29,581: INFO: helpers: Initialized MLflow to track repo "Annmary777/Chest-Cancer-Detection-using-MLOps1"]
[2025-01-26 00:04:29,583: INFO: helpers: Repository Annmary777/Chest-Cancer-Detection-using-MLOps1 initialized!]
[2025-01-26 00:04:29,583: INFO: stage_04_model_evaluation: Starting MLflow run...]
[2025-01-26 00:04:30,428: INFO: stage_04_model_evaluation: Logging evaluation parameters...]
[2025-01-26 00:04:31,275: INFO: stage_04_model_evaluation: Running evaluation...]
[2025-01-26 00:06:49,223: INFO: common: json file saved at: scores.json]
[2025-01-26 00:06:49,224: INFO: stage_04_model_evaluation: Saving evaluation scores...]
[2025-01-26 00:06:49,225: INFO: common: json file saved at: scores.json]
[2025-01-26 00:06:49,226: INFO: stage_04_model_evaluation: Logging metrics to MLflow...]
[2025-01-26 00:06:49,765: INFO: stage_04_model_evaluation: Evaluation run completed and logged successfully.]
[2025-01-26 00:06:49,767: INFO: stage_04_model_evaluation: >>>>>> stage Evaluation stage completed <<<<<<

x==========x]
[2025-01-26 00:09:46,502: INFO: utils: Note: NumExpr detected 12 cores but "NUMEXPR_MAX_THREADS" not set, so enforcing safe limit of 8.]
[2025-01-26 00:09:46,503: INFO: utils: NumExpr defaulting to 8 threads.]
[2025-01-26 00:09:48,933: INFO: stage_04_model_evaluation: >>>>>> stage Evaluation stage started <<<<<<]
[2025-01-26 00:09:48,934: INFO: stage_04_model_evaluation: Loading evaluation configuration...]
[2025-01-26 00:09:48,936: INFO: common: yaml file: C:\Users\Ann Mary\Desktop\chestmlops\Chest-Cancer-Detection-using-MLOps1\src\ChestCancerClassifier\config\config.yaml loaded successfully]
[2025-01-26 00:09:48,938: INFO: common: yaml file: C:\Users\Ann Mary\Desktop\chestmlops\Chest-Cancer-Detection-using-MLOps1\src\ChestCancerClassifier\params.yaml loaded successfully]
[2025-01-26 00:09:48,939: INFO: common: created directory at: artifacts]
[2025-01-26 00:09:49,725: INFO: _client: HTTP Request: GET https://dagshub.com/api/v1/user "HTTP/1.1 200 OK"]
[2025-01-26 00:09:49,730: INFO: helpers: Accessing as Annmary777]
[2025-01-26 00:09:50,412: INFO: _client: HTTP Request: GET https://dagshub.com/api/v1/repos/Annmary777/Fall-Detection "HTTP/1.1 200 OK"]
[2025-01-26 00:09:51,144: INFO: _client: HTTP Request: GET https://dagshub.com/api/v1/user "HTTP/1.1 200 OK"]
[2025-01-26 00:09:51,149: INFO: helpers: Initialized MLflow to track repo "Annmary777/Fall-Detection"]
[2025-01-26 00:09:51,151: INFO: helpers: Repository Annmary777/Fall-Detection initialized!]
[2025-01-26 00:09:51,151: INFO: stage_04_model_evaluation: Starting MLflow run...]
[2025-01-26 00:09:52,008: INFO: stage_04_model_evaluation: Logging evaluation parameters...]
[2025-01-26 00:09:52,874: INFO: stage_04_model_evaluation: Running evaluation...]
[2025-01-26 00:11:43,621: INFO: common: json file saved at: scores.json]
[2025-01-26 00:11:43,621: INFO: stage_04_model_evaluation: Saving evaluation scores...]
[2025-01-26 00:11:43,623: INFO: common: json file saved at: scores.json]
[2025-01-26 00:11:43,623: INFO: stage_04_model_evaluation: Logging metrics to MLflow...]
[2025-01-26 00:11:44,081: INFO: stage_04_model_evaluation: Evaluation run completed and logged successfully.]
[2025-01-26 00:11:44,081: INFO: stage_04_model_evaluation: >>>>>> stage Evaluation stage completed <<<<<<

x==========x]
[2025-01-26 00:15:56,997: INFO: utils: Note: NumExpr detected 12 cores but "NUMEXPR_MAX_THREADS" not set, so enforcing safe limit of 8.]
[2025-01-26 00:15:56,997: INFO: utils: NumExpr defaulting to 8 threads.]
[2025-01-26 00:15:59,133: INFO: stage_03_model_trainer: >>>>>> stage Evaluation stage started <<<<<<]
[2025-01-26 00:15:59,134: INFO: stage_03_model_trainer: Loading evaluation configuration...]
[2025-01-26 00:15:59,136: INFO: common: yaml file: C:\Users\Ann Mary\Desktop\chestmlops\Chest-Cancer-Detection-using-MLOps1\src\ChestCancerClassifier\config\config.yaml loaded successfully]
[2025-01-26 00:15:59,138: INFO: common: yaml file: C:\Users\Ann Mary\Desktop\chestmlops\Chest-Cancer-Detection-using-MLOps1\src\ChestCancerClassifier\params.yaml loaded successfully]
[2025-01-26 00:15:59,138: INFO: common: created directory at: artifacts]
[2025-01-26 00:15:59,970: INFO: _client: HTTP Request: GET https://dagshub.com/api/v1/user "HTTP/1.1 200 OK"]
[2025-01-26 00:15:59,976: INFO: helpers: Accessing as Annmary777]
[2025-01-26 00:16:00,771: INFO: _client: HTTP Request: GET https://dagshub.com/api/v1/repos/Annmary777/Chest-Cancer-Detection-using-MLOps1 "HTTP/1.1 200 OK"]
[2025-01-26 00:16:01,411: INFO: _client: HTTP Request: GET https://dagshub.com/api/v1/user "HTTP/1.1 200 OK"]
[2025-01-26 00:16:01,414: INFO: helpers: Initialized MLflow to track repo "Annmary777/Chest-Cancer-Detection-using-MLOps1"]
[2025-01-26 00:16:01,415: INFO: helpers: Repository Annmary777/Chest-Cancer-Detection-using-MLOps1 initialized!]
[2025-01-26 00:16:01,415: INFO: stage_03_model_trainer: Starting MLflow run...]
[2025-01-26 00:16:02,413: INFO: stage_03_model_trainer: Logging evaluation parameters...]
[2025-01-26 00:16:03,217: INFO: stage_03_model_trainer: Running evaluation...]
[2025-01-26 00:17:41,956: INFO: common: json file saved at: scores.json]
[2025-01-26 00:17:41,957: INFO: stage_03_model_trainer: Evaluation results: None]
[2025-01-26 00:17:41,957: INFO: stage_03_model_trainer: Saving evaluation scores...]
[2025-01-26 00:17:41,958: INFO: common: json file saved at: scores.json]
[2025-01-26 00:17:41,959: INFO: stage_03_model_trainer: Logging metrics to MLflow...]
[2025-01-26 00:17:42,380: INFO: stage_03_model_trainer: Evaluation run completed and logged successfully.]
[2025-01-26 00:17:42,381: INFO: stage_03_model_trainer: >>>>>> stage Evaluation stage completed <<<<<<

x==========x]
[2025-01-26 00:28:15,748: INFO: utils: Note: NumExpr detected 12 cores but "NUMEXPR_MAX_THREADS" not set, so enforcing safe limit of 8.]
[2025-01-26 00:28:15,750: INFO: utils: NumExpr defaulting to 8 threads.]
[2025-01-26 00:28:19,323: INFO: stage_04_model_evaluation: >>>>>> stage Evaluation started <<<<<<]
[2025-01-26 00:28:19,324: INFO: stage_04_model_evaluation: Loading evaluation configuration...]
[2025-01-26 00:28:19,326: INFO: common: yaml file: C:\Users\Ann Mary\Desktop\chestmlops\Chest-Cancer-Detection-using-MLOps1\src\ChestCancerClassifier\config\config.yaml loaded successfully]
[2025-01-26 00:28:19,331: INFO: common: yaml file: C:\Users\Ann Mary\Desktop\chestmlops\Chest-Cancer-Detection-using-MLOps1\src\ChestCancerClassifier\params.yaml loaded successfully]
[2025-01-26 00:28:19,333: INFO: common: created directory at: artifacts]
[2025-01-26 00:28:20,073: INFO: _client: HTTP Request: GET https://dagshub.com/api/v1/user "HTTP/1.1 200 OK"]
[2025-01-26 00:28:20,083: INFO: helpers: Accessing as Annmary777]
[2025-01-26 00:28:20,769: INFO: _client: HTTP Request: GET https://dagshub.com/api/v1/repos/Annmary777/Fall-Detection "HTTP/1.1 200 OK"]
[2025-01-26 00:28:21,461: INFO: _client: HTTP Request: GET https://dagshub.com/api/v1/user "HTTP/1.1 200 OK"]
[2025-01-26 00:28:21,463: INFO: helpers: Initialized MLflow to track repo "Annmary777/Fall-Detection"]
[2025-01-26 00:28:21,465: INFO: helpers: Repository Annmary777/Fall-Detection initialized!]
[2025-01-26 00:28:21,465: INFO: stage_04_model_evaluation: Running evaluation...]
[2025-01-26 00:30:01,578: INFO: common: json file saved at: scores.json]
[2025-01-26 00:30:01,579: INFO: stage_04_model_evaluation: Logging metrics to MLflow...]
[2025-01-26 00:30:04,795: WARNING: save: Found untraced functions such as _jit_compiled_convolution_op, _jit_compiled_convolution_op, _jit_compiled_convolution_op, _jit_compiled_convolution_op, _jit_compiled_convolution_op while saving (showing 5 of 14). These functions will not be directly callable after loading.]
[2025-01-26 00:30:05,958: INFO: builder_impl: Assets written to: C:\Users\ANNMAR~1\AppData\Local\Temp\tmpbmt1dmks\model\data\model\assets]
[2025-01-26 00:35:38,809: INFO: utils: Note: NumExpr detected 12 cores but "NUMEXPR_MAX_THREADS" not set, so enforcing safe limit of 8.]
[2025-01-26 00:35:38,810: INFO: utils: NumExpr defaulting to 8 threads.]
[2025-01-26 00:35:41,991: INFO: stage_04_model_evaluation: >>>>>> stage Evaluation started <<<<<<]
[2025-01-26 00:35:41,991: INFO: stage_04_model_evaluation: Loading evaluation configuration...]
[2025-01-26 00:35:41,994: INFO: common: yaml file: C:\Users\Ann Mary\Desktop\chestmlops\Chest-Cancer-Detection-using-MLOps1\src\ChestCancerClassifier\config\config.yaml loaded successfully]
[2025-01-26 00:35:41,995: INFO: common: yaml file: C:\Users\Ann Mary\Desktop\chestmlops\Chest-Cancer-Detection-using-MLOps1\src\ChestCancerClassifier\params.yaml loaded successfully]
[2025-01-26 00:35:41,996: INFO: common: created directory at: artifacts]
[2025-01-26 00:35:42,689: INFO: _client: HTTP Request: GET https://dagshub.com/api/v1/user "HTTP/1.1 200 OK"]
[2025-01-26 00:35:42,694: INFO: helpers: Accessing as Annmary777]
[2025-01-26 00:35:43,405: INFO: _client: HTTP Request: GET https://dagshub.com/api/v1/repos/Annmary777/Fall-Detection "HTTP/1.1 200 OK"]
[2025-01-26 00:35:44,053: INFO: _client: HTTP Request: GET https://dagshub.com/api/v1/user "HTTP/1.1 200 OK"]
[2025-01-26 00:35:44,056: INFO: helpers: Initialized MLflow to track repo "Annmary777/Fall-Detection"]
[2025-01-26 00:35:44,058: INFO: helpers: Repository Annmary777/Fall-Detection initialized!]
[2025-01-26 00:35:44,059: INFO: stage_04_model_evaluation: Starting MLflow run...]
[2025-01-26 00:35:44,972: INFO: stage_04_model_evaluation: Logging evaluation parameters...]
[2025-01-26 00:35:45,746: INFO: stage_04_model_evaluation: Running evaluation...]
[2025-01-26 00:37:31,426: INFO: common: json file saved at: scores.json]
[2025-01-26 00:37:31,427: INFO: stage_04_model_evaluation: Evaluation results: None]
[2025-01-26 00:37:31,427: INFO: stage_04_model_evaluation: Logging metrics to MLflow...]
[2025-01-26 00:37:31,883: INFO: stage_04_model_evaluation: Evaluation run completed and logged successfully.]
[2025-01-26 00:37:31,884: INFO: stage_04_model_evaluation: >>>>>> stage Evaluation completed <<<<<<

x==========x]
[2025-01-26 00:41:07,448: INFO: utils: Note: NumExpr detected 12 cores but "NUMEXPR_MAX_THREADS" not set, so enforcing safe limit of 8.]
[2025-01-26 00:41:07,449: INFO: utils: NumExpr defaulting to 8 threads.]
[2025-01-26 00:41:09,406: INFO: stage_04_model_evaluation: >>>>>> stage Evaluation started <<<<<<]
[2025-01-26 00:41:09,407: INFO: stage_04_model_evaluation: Loading evaluation configuration...]
[2025-01-26 00:41:09,409: INFO: common: yaml file: C:\Users\Ann Mary\Desktop\chestmlops\Chest-Cancer-Detection-using-MLOps1\src\ChestCancerClassifier\config\config.yaml loaded successfully]
[2025-01-26 00:41:09,411: INFO: common: yaml file: C:\Users\Ann Mary\Desktop\chestmlops\Chest-Cancer-Detection-using-MLOps1\src\ChestCancerClassifier\params.yaml loaded successfully]
[2025-01-26 00:41:09,411: INFO: common: created directory at: artifacts]
[2025-01-26 00:41:10,342: INFO: _client: HTTP Request: GET https://dagshub.com/api/v1/user "HTTP/1.1 200 OK"]
[2025-01-26 00:41:10,346: INFO: helpers: Accessing as Annmary777]
[2025-01-26 00:41:11,126: INFO: _client: HTTP Request: GET https://dagshub.com/api/v1/repos/Annmary777/Fall-Detection "HTTP/1.1 200 OK"]
[2025-01-26 00:41:11,758: INFO: _client: HTTP Request: GET https://dagshub.com/api/v1/user "HTTP/1.1 200 OK"]
[2025-01-26 00:41:11,761: INFO: helpers: Initialized MLflow to track repo "Annmary777/Fall-Detection"]
[2025-01-26 00:41:11,763: INFO: helpers: Repository Annmary777/Fall-Detection initialized!]
[2025-01-26 00:41:11,763: INFO: stage_04_model_evaluation: Starting MLflow run...]
[2025-01-26 00:41:13,234: INFO: stage_04_model_evaluation: Logging evaluation parameters...]
[2025-01-26 00:41:14,167: INFO: stage_04_model_evaluation: Running evaluation...]
[2025-01-26 00:43:09,743: INFO: common: json file saved at: scores.json]
[2025-01-26 00:43:09,747: INFO: stage_04_model_evaluation: Evaluation results: None]
[2025-01-26 00:43:09,747: INFO: stage_04_model_evaluation: Logging metrics to MLflow...]
[2025-01-26 00:43:10,245: INFO: stage_04_model_evaluation: Evaluation run completed and logged successfully.]
[2025-01-26 00:43:10,246: INFO: stage_04_model_evaluation: >>>>>> stage Evaluation completed <<<<<<

x==========x]
[2025-01-26 00:45:52,450: INFO: utils: Note: NumExpr detected 12 cores but "NUMEXPR_MAX_THREADS" not set, so enforcing safe limit of 8.]
[2025-01-26 00:45:52,451: INFO: utils: NumExpr defaulting to 8 threads.]
[2025-01-26 00:45:55,546: INFO: stage_04_model_evaluation: >>>>>> stage Evaluation started <<<<<<]
[2025-01-26 00:45:55,547: INFO: stage_04_model_evaluation: Loading evaluation configuration...]
[2025-01-26 00:45:55,550: INFO: common: yaml file: C:\Users\Ann Mary\Desktop\chestmlops\Chest-Cancer-Detection-using-MLOps1\src\ChestCancerClassifier\config\config.yaml loaded successfully]
[2025-01-26 00:45:55,552: INFO: common: yaml file: C:\Users\Ann Mary\Desktop\chestmlops\Chest-Cancer-Detection-using-MLOps1\src\ChestCancerClassifier\params.yaml loaded successfully]
[2025-01-26 00:45:55,552: INFO: common: created directory at: artifacts]
[2025-01-26 00:45:56,387: INFO: _client: HTTP Request: GET https://dagshub.com/api/v1/user "HTTP/1.1 200 OK"]
[2025-01-26 00:45:56,391: INFO: helpers: Accessing as Annmary777]
[2025-01-26 00:45:57,068: INFO: _client: HTTP Request: GET https://dagshub.com/api/v1/repos/Annmary777/Fall-Detection "HTTP/1.1 200 OK"]
[2025-01-26 00:45:57,790: INFO: _client: HTTP Request: GET https://dagshub.com/api/v1/user "HTTP/1.1 200 OK"]
[2025-01-26 00:45:57,797: INFO: helpers: Initialized MLflow to track repo "Annmary777/Fall-Detection"]
[2025-01-26 00:45:57,799: INFO: helpers: Repository Annmary777/Fall-Detection initialized!]
[2025-01-26 00:45:57,799: INFO: stage_04_model_evaluation: Running evaluation...]
[2025-01-26 00:47:56,000: INFO: common: json file saved at: scores.json]
[2025-01-26 00:47:56,001: INFO: stage_04_model_evaluation: Logging metrics to MLflow...]
[2025-01-26 00:47:59,191: WARNING: save: Found untraced functions such as _jit_compiled_convolution_op, _jit_compiled_convolution_op, _jit_compiled_convolution_op, _jit_compiled_convolution_op, _jit_compiled_convolution_op while saving (showing 5 of 14). These functions will not be directly callable after loading.]
[2025-01-26 00:48:00,373: INFO: builder_impl: Assets written to: C:\Users\ANNMAR~1\AppData\Local\Temp\tmpsuf10yre\model\data\model\assets]
[2025-01-26 10:21:10,322: WARNING: connectionpool: Retrying (Retry(total=4, connect=5, read=4, redirect=5, status=5)) after connection broken by 'ProtocolError('Connection aborted.', ConnectionResetError(10054, 'An existing connection was forcibly closed by the remote host', None, 10054, None))': /Annmary777/Fall-Detection.mlflow/api/2.0/mlflow-artifacts/artifacts/cb8cc9ad8f1c4f45a1723c05141b706c/3955659540a849b5b095fe67118ab0a3/artifacts/model/data/model/variables/variables.data-00000-of-00001]
[2025-01-26 10:21:14,407: WARNING: connectionpool: Retrying (Retry(total=3, connect=4, read=4, redirect=5, status=5)) after connection broken by 'NewConnectionError('<urllib3.connection.HTTPSConnection object at 0x000002B1E8DA2850>: Failed to establish a new connection: [Errno 11001] getaddrinfo failed')': /Annmary777/Fall-Detection.mlflow/api/2.0/mlflow-artifacts/artifacts/cb8cc9ad8f1c4f45a1723c05141b706c/3955659540a849b5b095fe67118ab0a3/artifacts/model/data/model/variables/variables.data-00000-of-00001]
[2025-01-26 10:21:22,429: WARNING: connectionpool: Retrying (Retry(total=2, connect=3, read=4, redirect=5, status=5)) after connection broken by 'NewConnectionError('<urllib3.connection.HTTPSConnection object at 0x000002B1E8D991F0>: Failed to establish a new connection: [Errno 11001] getaddrinfo failed')': /Annmary777/Fall-Detection.mlflow/api/2.0/mlflow-artifacts/artifacts/cb8cc9ad8f1c4f45a1723c05141b706c/3955659540a849b5b095fe67118ab0a3/artifacts/model/data/model/variables/variables.data-00000-of-00001]
[2025-01-26 10:21:38,857: WARNING: connectionpool: Retrying (Retry(total=1, connect=3, read=4, redirect=5, status=5)) after connection broken by 'SSLError(SSLCertVerificationError(1, '[SSL: CERTIFICATE_VERIFY_FAILED] certificate verify failed: self-signed certificate in certificate chain (_ssl.c:1135)'))': /Annmary777/Fall-Detection.mlflow/api/2.0/mlflow-artifacts/artifacts/cb8cc9ad8f1c4f45a1723c05141b706c/3955659540a849b5b095fe67118ab0a3/artifacts/model/data/model/variables/variables.data-00000-of-00001]
[2025-01-26 10:24:12,405: WARNING: connectionpool: Retrying (Retry(total=0, connect=3, read=3, redirect=5, status=5)) after connection broken by 'ProtocolError('Connection aborted.', ConnectionAbortedError(10053, 'An established connection was aborted by the software in your host machine', None, 10053, None))': /Annmary777/Fall-Detection.mlflow/api/2.0/mlflow-artifacts/artifacts/cb8cc9ad8f1c4f45a1723c05141b706c/3955659540a849b5b095fe67118ab0a3/artifacts/model/data/model/variables/variables.data-00000-of-00001]
[2025-01-26 10:42:59,970: INFO: utils: Note: NumExpr detected 12 cores but "NUMEXPR_MAX_THREADS" not set, so enforcing safe limit of 8.]
[2025-01-26 10:42:59,971: INFO: utils: NumExpr defaulting to 8 threads.]
[2025-01-26 10:48:58,231: INFO: utils: Note: NumExpr detected 12 cores but "NUMEXPR_MAX_THREADS" not set, so enforcing safe limit of 8.]
[2025-01-26 10:48:58,233: INFO: utils: NumExpr defaulting to 8 threads.]
[2025-01-26 11:01:31,252: INFO: utils: Note: NumExpr detected 12 cores but "NUMEXPR_MAX_THREADS" not set, so enforcing safe limit of 8.]
[2025-01-26 11:01:31,253: INFO: utils: NumExpr defaulting to 8 threads.]
[2025-01-26 11:01:34,093: INFO: stage_04_model_evaluation: >>>>>> stage Evaluation started <<<<<<]
[2025-01-26 11:01:34,093: INFO: stage_04_model_evaluation: Loading evaluation configuration...]
[2025-01-26 11:01:34,096: INFO: common: yaml file: C:\Users\Ann Mary\Desktop\chestmlops\Chest-Cancer-Detection-using-MLOps1\src\ChestCancerClassifier\config\config.yaml loaded successfully]
[2025-01-26 11:01:34,098: INFO: common: yaml file: C:\Users\Ann Mary\Desktop\chestmlops\Chest-Cancer-Detection-using-MLOps1\src\ChestCancerClassifier\params.yaml loaded successfully]
[2025-01-26 11:01:34,099: INFO: common: created directory at: artifacts]
[2025-01-26 11:01:35,166: INFO: _client: HTTP Request: GET https://dagshub.com/api/v1/user "HTTP/1.1 200 OK"]
[2025-01-26 11:01:35,173: INFO: helpers: Accessing as Annmary777]
[2025-01-26 11:01:35,924: INFO: _client: HTTP Request: GET https://dagshub.com/api/v1/repos/Annmary777/Fall-Detection "HTTP/1.1 200 OK"]
[2025-01-26 11:01:36,612: INFO: _client: HTTP Request: GET https://dagshub.com/api/v1/user "HTTP/1.1 200 OK"]
[2025-01-26 11:01:36,619: INFO: helpers: Initialized MLflow to track repo "Annmary777/Fall-Detection"]
[2025-01-26 11:01:36,621: INFO: helpers: Repository Annmary777/Fall-Detection initialized!]
[2025-01-26 11:01:36,621: INFO: stage_04_model_evaluation: Starting MLflow run...]
[2025-01-26 11:01:37,478: INFO: stage_04_model_evaluation: Logging evaluation parameters...]
[2025-01-26 11:01:38,296: INFO: stage_04_model_evaluation: Running evaluation...]
[2025-01-26 11:03:32,940: INFO: common: json file saved at: scores.json]
[2025-01-26 11:03:32,942: INFO: stage_04_model_evaluation: Evaluation results: None]
[2025-01-26 11:03:32,942: INFO: stage_04_model_evaluation: Logging metrics to MLflow...]
[2025-01-26 11:03:32,942: INFO: stage_04_model_evaluation: Evaluation run completed and logged successfully.]
[2025-01-26 11:03:33,349: INFO: stage_04_model_evaluation: >>>>>> stage Evaluation completed <<<<<<

x==========x]
[2025-01-26 11:28:26,765: INFO: utils: Note: NumExpr detected 12 cores but "NUMEXPR_MAX_THREADS" not set, so enforcing safe limit of 8.]
[2025-01-26 11:28:26,766: INFO: utils: NumExpr defaulting to 8 threads.]
[2025-01-26 11:28:29,534: INFO: stage_04_model_evaluation: >>>>>> stage Evaluation started <<<<<<]
[2025-01-26 11:28:29,535: INFO: stage_04_model_evaluation: Loading evaluation configuration...]
[2025-01-26 11:28:29,538: INFO: common: yaml file: C:\Users\Ann Mary\Desktop\chestmlops\Chest-Cancer-Detection-using-MLOps1\src\ChestCancerClassifier\config\config.yaml loaded successfully]
[2025-01-26 11:28:29,542: INFO: common: yaml file: C:\Users\Ann Mary\Desktop\chestmlops\Chest-Cancer-Detection-using-MLOps1\src\ChestCancerClassifier\params.yaml loaded successfully]
[2025-01-26 11:28:29,542: INFO: common: created directory at: artifacts]
[2025-01-26 11:28:30,609: INFO: _client: HTTP Request: GET https://dagshub.com/api/v1/user "HTTP/1.1 200 OK"]
[2025-01-26 11:28:30,626: INFO: helpers: Accessing as Annmary777]
[2025-01-26 11:28:31,465: INFO: _client: HTTP Request: GET https://dagshub.com/api/v1/repos/Annmary777/Fall-Detection "HTTP/1.1 200 OK"]
[2025-01-26 11:28:32,160: INFO: _client: HTTP Request: GET https://dagshub.com/api/v1/user "HTTP/1.1 200 OK"]
[2025-01-26 11:28:32,164: INFO: helpers: Initialized MLflow to track repo "Annmary777/Fall-Detection"]
[2025-01-26 11:28:32,166: INFO: helpers: Repository Annmary777/Fall-Detection initialized!]
[2025-01-26 11:28:32,167: INFO: stage_04_model_evaluation: Starting MLflow run...]
[2025-01-26 11:28:33,168: INFO: stage_04_model_evaluation: Logging evaluation parameters...]
[2025-01-26 11:28:35,318: INFO: stage_04_model_evaluation: Running evaluation...]
[2025-01-26 11:30:30,021: INFO: common: json file saved at: scores.json]
[2025-01-26 11:30:30,021: INFO: stage_04_model_evaluation: Evaluation results: None]
[2025-01-26 11:30:30,022: INFO: stage_04_model_evaluation: Logging metrics from evaluation results...]
[2025-01-26 11:30:30,022: INFO: stage_04_model_evaluation: Logging metrics from scores.json...]
[2025-01-26 11:30:30,436: INFO: stage_04_model_evaluation: Logged metric from scores.json: loss = 1.1703665256500244]
[2025-01-26 11:30:30,809: INFO: stage_04_model_evaluation: Logged metric from scores.json: accuracy = 0.8665077686309814]
[2025-01-26 11:30:31,266: INFO: stage_04_model_evaluation: Evaluation run completed and logged successfully.]
[2025-01-26 11:30:31,267: INFO: stage_04_model_evaluation: >>>>>> stage Evaluation completed <<<<<<

x==========x]
[2025-01-26 11:37:27,780: INFO: utils: Note: NumExpr detected 12 cores but "NUMEXPR_MAX_THREADS" not set, so enforcing safe limit of 8.]
[2025-01-26 11:37:27,780: INFO: utils: NumExpr defaulting to 8 threads.]
[2025-01-26 11:37:30,071: INFO: stage_04_model_evaluation: >>>>>> stage Evaluation started <<<<<<]
[2025-01-26 11:37:30,072: INFO: stage_04_model_evaluation: Loading evaluation configuration...]
[2025-01-26 11:37:30,074: INFO: common: yaml file: C:\Users\Ann Mary\Desktop\chestmlops\Chest-Cancer-Detection-using-MLOps1\src\ChestCancerClassifier\config\config.yaml loaded successfully]
[2025-01-26 11:37:30,076: INFO: common: yaml file: C:\Users\Ann Mary\Desktop\chestmlops\Chest-Cancer-Detection-using-MLOps1\src\ChestCancerClassifier\params.yaml loaded successfully]
[2025-01-26 11:37:30,076: INFO: common: created directory at: artifacts]
[2025-01-26 11:37:30,822: INFO: _client: HTTP Request: GET https://dagshub.com/api/v1/user "HTTP/1.1 200 OK"]
[2025-01-26 11:37:30,829: INFO: helpers: Accessing as Annmary777]
[2025-01-26 11:37:31,808: INFO: _client: HTTP Request: GET https://dagshub.com/api/v1/repos/Annmary777/Fall-Detection "HTTP/1.1 200 OK"]
[2025-01-26 11:37:32,732: INFO: _client: HTTP Request: GET https://dagshub.com/api/v1/user "HTTP/1.1 200 OK"]
[2025-01-26 11:37:32,736: INFO: helpers: Initialized MLflow to track repo "Annmary777/Fall-Detection"]
[2025-01-26 11:37:32,737: INFO: helpers: Repository Annmary777/Fall-Detection initialized!]
[2025-01-26 11:37:32,738: INFO: stage_04_model_evaluation: Starting MLflow run...]
[2025-01-26 11:37:33,681: INFO: stage_04_model_evaluation: Logging evaluation parameters...]
[2025-01-26 11:37:34,564: INFO: stage_04_model_evaluation: Running evaluation...]
[2025-01-26 11:39:30,202: INFO: common: json file saved at: scores.json]
[2025-01-26 11:39:30,203: INFO: stage_04_model_evaluation: Evaluation results: None]
[2025-01-26 11:39:30,203: INFO: stage_04_model_evaluation: Logging metrics from evaluation results...]
[2025-01-26 11:39:30,204: INFO: stage_04_model_evaluation: Logging metrics from scores.json...]
[2025-01-26 11:39:30,730: INFO: stage_04_model_evaluation: Logged metric from scores.json: loss = 1.1703665256500244]
[2025-01-26 11:39:31,090: INFO: stage_04_model_evaluation: Logged metric from scores.json: accuracy = 0.8665077686309814]
[2025-01-26 11:39:31,091: INFO: stage_04_model_evaluation: Logging metrics from incorrect_predictions.json...]
[2025-01-26 11:39:31,471: INFO: stage_04_model_evaluation: Logged number of incorrect predictions: 6]
[2025-01-26 11:39:34,324: INFO: stage_04_model_evaluation: Evaluation run completed and logged successfully.]
[2025-01-26 11:39:34,325: INFO: stage_04_model_evaluation: >>>>>> stage Evaluation completed <<<<<<

x==========x]
